

================================================================
== Vitis HLS Report for 'AXIvideo2MultiPixStream'
================================================================
* Date:           Mon Jan  6 16:42:34 2025

* Version:        2023.1 (Build 3854077 on May  4 2023)
* Project:        prj
* Solution:       sol (Vivado IP Flow Target)
* Product family: zynq
* Target device:  xc7z020-clg400-2


================================================================
== Performance Estimates
================================================================
+ Timing: 
    * Summary: 
    +--------+---------+----------+------------+
    |  Clock |  Target | Estimated| Uncertainty|
    +--------+---------+----------+------------+
    |ap_clk  |  6.56 ns|  4.196 ns|     1.77 ns|
    +--------+---------+----------+------------+

+ Latency: 
    * Summary: 
    +---------+----------+-----------+-----------+-----+----------+---------+
    |  Latency (cycles)  |   Latency (absolute)  |    Interval    | Pipeline|
    |   min   |    max   |    min    |    max    | min |    max   |   Type  |
    +---------+----------+-----------+-----------+-----+----------+---------+
    |        7|  12616711|  45.934 ns|  82.791 ms|    7|  12616711|       no|
    +---------+----------+-----------+-----------+-----+----------+---------+

    + Detail: 
        * Instance: 
        +-----------------------------------------------------------------+------------------------------------------------------+---------+---------+-----------+-----------+-----+------+---------+
        |                                                                 |                                                      |  Latency (cycles) |   Latency (absolute)  |  Interval  | Pipeline|
        |                             Instance                            |                        Module                        |   min   |   max   |    min    |    max    | min |  max |   Type  |
        +-----------------------------------------------------------------+------------------------------------------------------+---------+---------+-----------+-----------+-----+------+---------+
        |grp_AXIvideo2MultiPixStream_Pipeline_loop_wait_for_start_fu_161  |AXIvideo2MultiPixStream_Pipeline_loop_wait_for_start  |        2|        2|  13.124 ns|  13.124 ns|    2|     2|       no|
        |grp_AXIvideo2MultiPixStream_Pipeline_loop_width_fu_181           |AXIvideo2MultiPixStream_Pipeline_loop_width           |        3|     4098|  19.686 ns|  26.891 us|    3|  4098|       no|
        |grp_AXIvideo2MultiPixStream_Pipeline_loop_wait_for_eol_fu_208    |AXIvideo2MultiPixStream_Pipeline_loop_wait_for_eol    |        2|        2|  13.124 ns|  13.124 ns|    2|     2|       no|
        |grp_reg_unsigned_short_s_fu_238                                  |reg_unsigned_short_s                                  |        1|        1|   6.562 ns|   6.562 ns|    1|     1|      yes|
        |grp_reg_unsigned_short_s_fu_262                                  |reg_unsigned_short_s                                  |        1|        1|   6.562 ns|   6.562 ns|    1|     1|      yes|
        +-----------------------------------------------------------------+------------------------------------------------------+---------+---------+-----------+-----------+-----+------+---------+

        * Loop: 
        +---------------+---------+----------+----------+-----------+-----------+----------+----------+
        |               |  Latency (cycles)  | Iteration|  Initiation Interval  |   Trip   |          |
        |   Loop Name   |   min   |    max   |  Latency |  achieved |   target  |   Count  | Pipelined|
        +---------------+---------+----------+----------+-----------+-----------+----------+----------+
        |- loop_height  |        1|  12616705|  8 ~ 4107|          -|          -|  0 ~ 3072|        no|
        +---------------+---------+----------+----------+-----------+-----------+----------+----------+



================================================================
== Utilization Estimates
================================================================
* Summary: 
+-----------------+---------+-----+--------+-------+-----+
|       Name      | BRAM_18K| DSP |   FF   |  LUT  | URAM|
+-----------------+---------+-----+--------+-------+-----+
|DSP              |        -|    -|       -|      -|    -|
|Expression       |        -|    -|       0|     38|    -|
|FIFO             |        -|    -|       -|      -|    -|
|Instance         |        -|    -|     111|    256|    -|
|Memory           |        -|    -|       -|      -|    -|
|Multiplexer      |        -|    -|       -|    138|    -|
|Register         |        -|    -|     144|      -|    -|
+-----------------+---------+-----+--------+-------+-----+
|Total            |        0|    0|     255|    432|    0|
+-----------------+---------+-----+--------+-------+-----+
|Available        |      280|  220|  106400|  53200|    0|
+-----------------+---------+-----+--------+-------+-----+
|Utilization (%)  |        0|    0|      ~0|     ~0|    0|
+-----------------+---------+-----+--------+-------+-----+

+ Detail: 
    * Instance: 
    +-----------------------------------------------------------------+------------------------------------------------------+---------+----+----+-----+-----+
    |                             Instance                            |                        Module                        | BRAM_18K| DSP| FF | LUT | URAM|
    +-----------------------------------------------------------------+------------------------------------------------------+---------+----+----+-----+-----+
    |grp_AXIvideo2MultiPixStream_Pipeline_loop_wait_for_eol_fu_208    |AXIvideo2MultiPixStream_Pipeline_loop_wait_for_eol    |        0|   0|   4|   50|    0|
    |grp_AXIvideo2MultiPixStream_Pipeline_loop_wait_for_start_fu_161  |AXIvideo2MultiPixStream_Pipeline_loop_wait_for_start  |        0|   0|   4|   41|    0|
    |grp_AXIvideo2MultiPixStream_Pipeline_loop_width_fu_181           |AXIvideo2MultiPixStream_Pipeline_loop_width           |        0|   0|  49|  139|    0|
    |grp_reg_unsigned_short_s_fu_238                                  |reg_unsigned_short_s                                  |        0|   0|  27|   13|    0|
    |grp_reg_unsigned_short_s_fu_262                                  |reg_unsigned_short_s                                  |        0|   0|  27|   13|    0|
    +-----------------------------------------------------------------+------------------------------------------------------+---------+----+----+-----+-----+
    |Total                                                            |                                                      |        0|   0| 111|  256|    0|
    +-----------------------------------------------------------------+------------------------------------------------------+---------+----+----+-----+-----+

    * DSP: 
    N/A

    * Memory: 
    N/A

    * FIFO: 
    N/A

    * Expression: 
    +----------------------+----------+----+---+----+------------+------------+
    |     Variable Name    | Operation| DSP| FF| LUT| Bitwidth P0| Bitwidth P1|
    +----------------------+----------+----+---+----+------------+------------+
    |i_5_fu_284_p2         |         +|   0|  0|  12|          12|           1|
    |cmp10147_fu_270_p2    |      icmp|   0|  0|  13|          13|           1|
    |icmp_ln143_fu_279_p2  |      icmp|   0|  0|  12|          12|          12|
    |ap_block_state1       |        or|   0|  0|   1|           1|           1|
    +----------------------+----------+----+---+----+------------+------------+
    |Total                 |          |   0|  0|  38|          38|          15|
    +----------------------+----------+----+---+----+------------+------------+

    * Multiplexer: 
    +----------------------------------+----+-----------+-----+-----------+
    |               Name               | LUT| Input Size| Bits| Total Bits|
    +----------------------------------+----+-----------+-----+-----------+
    |ap_NS_fsm                         |  49|         12|    1|         12|
    |ap_done                           |   9|          2|    1|          2|
    |axi_data_2_fu_82                  |   9|          2|   30|         60|
    |axi_data_2_lcssa_reg_128          |   9|          2|   30|         60|
    |axi_last_2_lcssa_reg_138          |   9|          2|    1|          2|
    |axi_last_2_reg_118                |   9|          2|    1|          2|
    |eol_0_lcssa_reg_149               |   9|          2|    1|          2|
    |i_fu_78                           |   9|          2|   12|         24|
    |imgRgb_write                      |   9|          2|    1|          2|
    |s_axis_video_TREADY_int_regslice  |  17|          4|    1|          4|
    +----------------------------------+----+-----------+-----+-----------+
    |Total                             | 138|         32|   79|        170|
    +----------------------------------+----+-----------+-----+-----------+

    * Register: 
    +------------------------------------------------------------------------------+----+----+-----+-----------+
    |                                     Name                                     | FF | LUT| Bits| Const Bits|
    +------------------------------------------------------------------------------+----+----+-----+-----------+
    |ap_CS_fsm                                                                     |  11|   0|   11|          0|
    |ap_done_reg                                                                   |   1|   0|    1|          0|
    |axi_data_2_fu_82                                                              |  30|   0|   30|          0|
    |axi_data_2_lcssa_reg_128                                                      |  30|   0|   30|          0|
    |axi_last_2_lcssa_reg_138                                                      |   1|   0|    1|          0|
    |axi_last_2_reg_118                                                            |   1|   0|    1|          0|
    |axi_last_4_loc_fu_90                                                          |   1|   0|    1|          0|
    |cmp10147_reg_379                                                              |   1|   0|    1|          0|
    |cols_reg_371                                                                  |  13|   0|   13|          0|
    |eol_0_lcssa_reg_149                                                           |   1|   0|    1|          0|
    |grp_AXIvideo2MultiPixStream_Pipeline_loop_wait_for_eol_fu_208_ap_start_reg    |   1|   0|    1|          0|
    |grp_AXIvideo2MultiPixStream_Pipeline_loop_wait_for_start_fu_161_ap_start_reg  |   1|   0|    1|          0|
    |grp_AXIvideo2MultiPixStream_Pipeline_loop_width_fu_181_ap_start_reg           |   1|   0|    1|          0|
    |i_5_reg_387                                                                   |  12|   0|   12|          0|
    |i_fu_78                                                                       |  12|   0|   12|          0|
    |icmp_ln143_reg_383                                                            |   1|   0|    1|          0|
    |sof_fu_86                                                                     |   1|   0|    1|          0|
    |trunc_ln126_1_reg_366                                                         |  12|   0|   12|          0|
    |trunc_ln126_reg_361                                                           |  13|   0|   13|          0|
    +------------------------------------------------------------------------------+----+----+-----+-----------+
    |Total                                                                         | 144|   0|  144|          0|
    +------------------------------------------------------------------------------+----+----+-----+-----------+



================================================================
== Interface
================================================================
* Summary: 
+-----------------------+-----+-----+------------+-------------------------+--------------+
|       RTL Ports       | Dir | Bits|  Protocol  |      Source Object      |    C Type    |
+-----------------------+-----+-----+------------+-------------------------+--------------+
|ap_clk                 |   in|    1|  ap_ctrl_hs|  AXIvideo2MultiPixStream|  return value|
|ap_rst                 |   in|    1|  ap_ctrl_hs|  AXIvideo2MultiPixStream|  return value|
|ap_start               |   in|    1|  ap_ctrl_hs|  AXIvideo2MultiPixStream|  return value|
|ap_done                |  out|    1|  ap_ctrl_hs|  AXIvideo2MultiPixStream|  return value|
|ap_continue            |   in|    1|  ap_ctrl_hs|  AXIvideo2MultiPixStream|  return value|
|ap_idle                |  out|    1|  ap_ctrl_hs|  AXIvideo2MultiPixStream|  return value|
|ap_ready               |  out|    1|  ap_ctrl_hs|  AXIvideo2MultiPixStream|  return value|
|s_axis_video_TDATA     |   in|   32|        axis|    s_axis_video_V_data_V|       pointer|
|s_axis_video_TVALID    |   in|    1|        axis|    s_axis_video_V_dest_V|       pointer|
|s_axis_video_TREADY    |  out|    1|        axis|    s_axis_video_V_dest_V|       pointer|
|s_axis_video_TDEST     |   in|    1|        axis|    s_axis_video_V_dest_V|       pointer|
|s_axis_video_TKEEP     |   in|    4|        axis|    s_axis_video_V_keep_V|       pointer|
|s_axis_video_TSTRB     |   in|    4|        axis|    s_axis_video_V_strb_V|       pointer|
|s_axis_video_TUSER     |   in|    1|        axis|    s_axis_video_V_user_V|       pointer|
|s_axis_video_TLAST     |   in|    1|        axis|    s_axis_video_V_last_V|       pointer|
|s_axis_video_TID       |   in|    1|        axis|      s_axis_video_V_id_V|       pointer|
|imgRgb_din             |  out|   30|     ap_fifo|                   imgRgb|       pointer|
|imgRgb_num_data_valid  |   in|    5|     ap_fifo|                   imgRgb|       pointer|
|imgRgb_fifo_cap        |   in|    5|     ap_fifo|                   imgRgb|       pointer|
|imgRgb_full_n          |   in|    1|     ap_fifo|                   imgRgb|       pointer|
|imgRgb_write           |  out|    1|     ap_fifo|                   imgRgb|       pointer|
|height                 |   in|   16|     ap_none|                   height|       pointer|
|width                  |   in|   16|     ap_none|                    width|       pointer|
+-----------------------+-----+-----+------------+-------------------------+--------------+

