

================================================================
== Vitis HLS Report for 'MultiPixStream2AXIvideo'
================================================================
* Date:           Mon Jan  6 16:42:35 2025

* Version:        2023.1 (Build 3854077 on May  4 2023)
* Project:        prj
* Solution:       sol (Vivado IP Flow Target)
* Product family: zynq
* Target device:  xc7z020-clg400-2


================================================================
== Performance Estimates
================================================================
+ Timing: 
    * Summary: 
    +--------+---------+----------+------------+
    |  Clock |  Target | Estimated| Uncertainty|
    +--------+---------+----------+------------+
    |ap_clk  |  6.56 ns|  4.381 ns|     1.77 ns|
    +--------+---------+----------+------------+

+ Latency: 
    * Summary: 
    +---------+----------+-----------+-----------+-----+----------+---------+
    |  Latency (cycles)  |   Latency (absolute)  |    Interval    | Pipeline|
    |   min   |    max   |    min    |    max    | min |    max   |   Type  |
    +---------+----------+-----------+-----------+-----+----------+---------+
    |        2|  12598274|  13.124 ns|  82.670 ms|    2|  12598274|       no|
    +---------+----------+-----------+-----------+-----+----------+---------+

    + Detail: 
        * Instance: 
        +-------------------------------------------------------------+---------------------------------------------------+---------+---------+-----------+-----------+-----+------+---------+
        |                                                             |                                                   |  Latency (cycles) |   Latency (absolute)  |  Interval  | Pipeline|
        |                           Instance                          |                       Module                      |   min   |   max   |    min    |    max    | min |  max |   Type  |
        +-------------------------------------------------------------+---------------------------------------------------+---------+---------+-----------+-----------+-----+------+---------+
        |grp_MultiPixStream2AXIvideo_Pipeline_VITIS_LOOP_213_2_fu_92  |MultiPixStream2AXIvideo_Pipeline_VITIS_LOOP_213_2  |        4|     4099|  26.248 ns|  26.898 us|    4|  4099|       no|
        +-------------------------------------------------------------+---------------------------------------------------+---------+---------+-----------+-----------+-----+------+---------+

        * Loop: 
        +--------------------+---------+----------+----------+-----------+-----------+----------+----------+
        |                    |  Latency (cycles)  | Iteration|  Initiation Interval  |   Trip   |          |
        |      Loop Name     |   min   |    max   |  Latency |  achieved |   target  |   Count  | Pipelined|
        +--------------------+---------+----------+----------+-----------+-----------+----------+----------+
        |- VITIS_LOOP_211_1  |        0|  12598272|  2 ~ 4101|          -|          -|  0 ~ 3072|        no|
        +--------------------+---------+----------+----------+-----------+-----------+----------+----------+



================================================================
== Utilization Estimates
================================================================
* Summary: 
+-----------------+---------+-----+--------+-------+-----+
|       Name      | BRAM_18K| DSP |   FF   |  LUT  | URAM|
+-----------------+---------+-----+--------+-------+-----+
|DSP              |        -|    -|       -|      -|    -|
|Expression       |        -|    -|       0|     53|    -|
|FIFO             |        -|    -|       -|      -|    -|
|Instance         |        -|    -|      20|    109|    -|
|Memory           |        -|    -|       -|      -|    -|
|Multiplexer      |        -|    -|       -|     48|    -|
|Register         |        -|    -|      70|      -|    -|
+-----------------+---------+-----+--------+-------+-----+
|Total            |        0|    0|      90|    210|    0|
+-----------------+---------+-----+--------+-------+-----+
|Available        |      280|  220|  106400|  53200|    0|
+-----------------+---------+-----+--------+-------+-----+
|Utilization (%)  |        0|    0|      ~0|     ~0|    0|
+-----------------+---------+-----+--------+-------+-----+

+ Detail: 
    * Instance: 
    +-------------------------------------------------------------+---------------------------------------------------+---------+----+----+-----+-----+
    |                           Instance                          |                       Module                      | BRAM_18K| DSP| FF | LUT | URAM|
    +-------------------------------------------------------------+---------------------------------------------------+---------+----+----+-----+-----+
    |grp_MultiPixStream2AXIvideo_Pipeline_VITIS_LOOP_213_2_fu_92  |MultiPixStream2AXIvideo_Pipeline_VITIS_LOOP_213_2  |        0|   0|  20|  109|    0|
    +-------------------------------------------------------------+---------------------------------------------------+---------+----+----+-----+-----+
    |Total                                                        |                                                   |        0|   0|  20|  109|    0|
    +-------------------------------------------------------------+---------------------------------------------------+---------+----+----+-----+-----+

    * DSP: 
    N/A

    * Memory: 
    N/A

    * FIFO: 
    N/A

    * Expression: 
    +---------------------------------------------------------------------------------+----------+----+---+----+------------+------------+
    |                                  Variable Name                                  | Operation| DSP| FF| LUT| Bitwidth P0| Bitwidth P1|
    +---------------------------------------------------------------------------------+----------+----+---+----+------------+------------+
    |i_2_fu_153_p2                                                                    |         +|   0|  0|  12|          12|           1|
    |sub_i_i_fu_123_p2                                                                |         +|   0|  0|  13|          13|           2|
    |ap_block_state3_on_subcall_done                                                  |       and|   0|  0|   1|           1|           1|
    |grp_MultiPixStream2AXIvideo_Pipeline_VITIS_LOOP_213_2_fu_92_m_axis_video_TREADY  |       and|   0|  0|   1|           1|           1|
    |cmp_i44191_fu_129_p2                                                             |      icmp|   0|  0|  13|          13|           1|
    |icmp_ln211_fu_148_p2                                                             |      icmp|   0|  0|  12|          12|          12|
    |ap_block_state1                                                                  |        or|   0|  0|   1|           1|           1|
    +---------------------------------------------------------------------------------+----------+----+---+----+------------+------------+
    |Total                                                                            |          |   0|  0|  53|          53|          19|
    +---------------------------------------------------------------------------------+----------+----+---+----+------------+------------+

    * Multiplexer: 
    +---------------+----+-----------+-----+-----------+
    |      Name     | LUT| Input Size| Bits| Total Bits|
    +---------------+----+-----------+-----+-----------+
    |ap_NS_fsm      |  21|          5|    1|          5|
    |ap_done        |   9|          2|    1|          2|
    |i_fu_72        |   9|          2|   12|         24|
    |imgGamma_read  |   9|          2|    1|          2|
    +---------------+----+-----------+-----+-----------+
    |Total          |  48|         11|   15|         33|
    +---------------+----+-----------+-----+-----------+

    * Register: 
    +--------------------------------------------------------------------------+----+----+-----+-----------+
    |                                   Name                                   | FF | LUT| Bits| Const Bits|
    +--------------------------------------------------------------------------+----+----+-----+-----------+
    |ap_CS_fsm                                                                 |   4|   0|    4|          0|
    |ap_done_reg                                                               |   1|   0|    1|          0|
    |cmp_i44191_reg_201                                                        |   1|   0|    1|          0|
    |empty_reg_191                                                             |  13|   0|   13|          0|
    |grp_MultiPixStream2AXIvideo_Pipeline_VITIS_LOOP_213_2_fu_92_ap_start_reg  |   1|   0|    1|          0|
    |i_2_reg_208                                                               |  12|   0|   12|          0|
    |i_fu_72                                                                   |  12|   0|   12|          0|
    |sof_fu_76                                                                 |   1|   0|    1|          0|
    |sub_i_i_reg_196                                                           |  13|   0|   13|          0|
    |trunc_ln204_reg_186                                                       |  12|   0|   12|          0|
    +--------------------------------------------------------------------------+----+----+-----+-----------+
    |Total                                                                     |  70|   0|   70|          0|
    +--------------------------------------------------------------------------+----+----+-----+-----------+



================================================================
== Interface
================================================================
* Summary: 
+-------------------------+-----+-----+------------+-------------------------+--------------+
|        RTL Ports        | Dir | Bits|  Protocol  |      Source Object      |    C Type    |
+-------------------------+-----+-----+------------+-------------------------+--------------+
|ap_clk                   |   in|    1|  ap_ctrl_hs|  MultiPixStream2AXIvideo|  return value|
|ap_rst                   |   in|    1|  ap_ctrl_hs|  MultiPixStream2AXIvideo|  return value|
|ap_start                 |   in|    1|  ap_ctrl_hs|  MultiPixStream2AXIvideo|  return value|
|ap_done                  |  out|    1|  ap_ctrl_hs|  MultiPixStream2AXIvideo|  return value|
|ap_continue              |   in|    1|  ap_ctrl_hs|  MultiPixStream2AXIvideo|  return value|
|ap_idle                  |  out|    1|  ap_ctrl_hs|  MultiPixStream2AXIvideo|  return value|
|ap_ready                 |  out|    1|  ap_ctrl_hs|  MultiPixStream2AXIvideo|  return value|
|imgGamma_dout            |   in|   30|     ap_fifo|                 imgGamma|       pointer|
|imgGamma_num_data_valid  |   in|    5|     ap_fifo|                 imgGamma|       pointer|
|imgGamma_fifo_cap        |   in|    5|     ap_fifo|                 imgGamma|       pointer|
|imgGamma_empty_n         |   in|    1|     ap_fifo|                 imgGamma|       pointer|
|imgGamma_read            |  out|    1|     ap_fifo|                 imgGamma|       pointer|
|m_axis_video_TDATA       |  out|   32|        axis|    m_axis_video_V_data_V|       pointer|
|m_axis_video_TVALID      |  out|    1|        axis|    m_axis_video_V_dest_V|       pointer|
|m_axis_video_TREADY      |   in|    1|        axis|    m_axis_video_V_dest_V|       pointer|
|m_axis_video_TDEST       |  out|    1|        axis|    m_axis_video_V_dest_V|       pointer|
|m_axis_video_TKEEP       |  out|    4|        axis|    m_axis_video_V_keep_V|       pointer|
|m_axis_video_TSTRB       |  out|    4|        axis|    m_axis_video_V_strb_V|       pointer|
|m_axis_video_TUSER       |  out|    1|        axis|    m_axis_video_V_user_V|       pointer|
|m_axis_video_TLAST       |  out|    1|        axis|    m_axis_video_V_last_V|       pointer|
|m_axis_video_TID         |  out|    1|        axis|      m_axis_video_V_id_V|       pointer|
|height                   |   in|   16|     ap_none|                   height|       pointer|
|width                    |   in|   16|     ap_none|                    width|       pointer|
+-------------------------+-----+-----+------------+-------------------------+--------------+

