

================================================================
== Vitis HLS Report for 'AXIvideo2MultiPixStream'
================================================================
* Date:           Mon Jan  6 16:42:32 2025

* Version:        2023.1 (Build 3854077 on May  4 2023)
* Project:        prj
* Solution:       sol (Vivado IP Flow Target)
* Product family: zynq
* Target device:  xc7z020-clg400-2


================================================================
== Performance Estimates
================================================================
+ Timing: 
    * Summary: 
    +--------+---------+----------+------------+
    |  Clock |  Target | Estimated| Uncertainty|
    +--------+---------+----------+------------+
    |ap_clk  |  6.56 ns|  4.196 ns|     1.77 ns|
    +--------+---------+----------+------------+

+ Latency: 
    * Summary: 
    +---------+----------+-----------+-----------+-----+----------+---------+
    |  Latency (cycles)  |   Latency (absolute)  |    Interval    | Pipeline|
    |   min   |    max   |    min    |    max    | min |    max   |   Type  |
    +---------+----------+-----------+-----------+-----+----------+---------+
    |        7|  12616711|  45.934 ns|  82.791 ms|    7|  12616711|       no|
    +---------+----------+-----------+-----------+-----+----------+---------+

    + Detail: 
        * Instance: 
        N/A

        * Loop: 
        +---------------+---------+----------+----------+-----------+-----------+----------+----------+
        |               |  Latency (cycles)  | Iteration|  Initiation Interval  |   Trip   |          |
        |   Loop Name   |   min   |    max   |  Latency |  achieved |   target  |   Count  | Pipelined|
        +---------------+---------+----------+----------+-----------+-----------+----------+----------+
        |- loop_height  |        1|  12616705|  8 ~ 4107|          -|          -|  0 ~ 3072|        no|
        +---------------+---------+----------+----------+-----------+-----------+----------+----------+

============================================================
+ Verbose Summary: Synthesis Manager
============================================================
InlineROM: 1
ExposeGlobal: 0
============================================================
+ Verbose Summary: CDFG Model
============================================================
IsTopModel: 0
ResetActiveHigh: 1
IsCombinational: 2
IsDatapathOnly: 0
HasWiredReturn: 1
HasMFsm: 0
HasVarLatency: 1
IsPipeline: 0
IsRtlPipelined: 0
IsInstanceOverlapped: 0
IsDontTouch: 0
HasImplIP: 0
IsGatedGlobalClock: 0


============================================================
+ Verbose Summary: Schedule
============================================================
* Number of FSM states : 11
* Pipeline : 0
* Dataflow Pipeline: 0

* FSM state transitions: 
1 --> 2 
2 --> 3 
3 --> 4 
4 --> 5 
5 --> 6 
6 --> 7 8 
7 --> 8 
8 --> 9 
9 --> 10 
10 --> 11 
11 --> 5 

* FSM state operations: 

State 1 <SV = 0> <Delay = 1.29>
ST_1 : Operation 12 [1/1] (0.00ns)   --->   "%i = alloca i32 1"   --->   Operation 12 'alloca' 'i' <Predicate = true> <Delay = 0.00>
ST_1 : Operation 13 [1/1] (0.00ns)   --->   "%axi_data_2 = alloca i32 1"   --->   Operation 13 'alloca' 'axi_data_2' <Predicate = true> <Delay = 0.00>
ST_1 : Operation 14 [1/1] (0.00ns)   --->   "%sof = alloca i32 1"   --->   Operation 14 'alloca' 'sof' <Predicate = true> <Delay = 0.00>
ST_1 : Operation 15 [1/1] (0.00ns)   --->   "%axi_last_4_loc = alloca i64 1"   --->   Operation 15 'alloca' 'axi_last_4_loc' <Predicate = true> <Delay = 0.00>
ST_1 : Operation 16 [1/1] (0.00ns)   --->   "%axi_data_3_loc = alloca i64 1"   --->   Operation 16 'alloca' 'axi_data_3_loc' <Predicate = true> <Delay = 0.00>
ST_1 : Operation 17 [1/1] (0.00ns)   --->   "%eol_loc = alloca i64 1"   --->   Operation 17 'alloca' 'eol_loc' <Predicate = true> <Delay = 0.00>
ST_1 : Operation 18 [1/1] (0.00ns)   --->   "%axi_last_loc = alloca i64 1"   --->   Operation 18 'alloca' 'axi_last_loc' <Predicate = true> <Delay = 0.00>
ST_1 : Operation 19 [1/1] (0.00ns)   --->   "%height_read = read i16 @_ssdm_op_Read.ap_auto.i16P0A, i16 %height" [C:/Users/Pie/Documents/Xilinx/CAM_20_V/CAM_20_V/release/release.runs/synth_1/prj/sol/.autopilot/db/v_gamma_lut.cpp:125]   --->   Operation 19 'read' 'height_read' <Predicate = true> <Delay = 0.00>
ST_1 : Operation 20 [1/1] (0.00ns)   --->   "%trunc_ln125 = trunc i16 %height_read" [C:/Users/Pie/Documents/Xilinx/CAM_20_V/CAM_20_V/release/release.runs/synth_1/prj/sol/.autopilot/db/v_gamma_lut.cpp:125]   --->   Operation 20 'trunc' 'trunc_ln125' <Predicate = true> <Delay = 0.00>
ST_1 : Operation 21 [2/2] (0.00ns)   --->   "%rows = call i13 @reg<unsigned short>, i13 %trunc_ln125" [C:/Users/Pie/Documents/Xilinx/CAM_20_V/CAM_20_V/release/release.runs/synth_1/prj/sol/.autopilot/db/v_gamma_lut.cpp:125]   --->   Operation 21 'call' 'rows' <Predicate = true> <Delay = 0.00> <CoreType = "Generic">   --->   Core 0 '' <Latency = 0> <II = 1> <Delay = 1.00> <Generic> <Opcode : >
ST_1 : Operation 22 [1/1] (0.00ns)   --->   "%width_read = read i16 @_ssdm_op_Read.ap_auto.i16P0A, i16 %width" [C:/Users/Pie/Documents/Xilinx/CAM_20_V/CAM_20_V/release/release.runs/synth_1/prj/sol/.autopilot/db/v_gamma_lut.cpp:126]   --->   Operation 22 'read' 'width_read' <Predicate = true> <Delay = 0.00>
ST_1 : Operation 23 [1/1] (0.00ns)   --->   "%trunc_ln126 = trunc i16 %width_read" [C:/Users/Pie/Documents/Xilinx/CAM_20_V/CAM_20_V/release/release.runs/synth_1/prj/sol/.autopilot/db/v_gamma_lut.cpp:126]   --->   Operation 23 'trunc' 'trunc_ln126' <Predicate = true> <Delay = 0.00>
ST_1 : Operation 24 [1/1] (1.29ns)   --->   "%store_ln143 = store i1 1, i1 %sof" [C:/Users/Pie/Documents/Xilinx/CAM_20_V/CAM_20_V/release/release.runs/synth_1/prj/sol/.autopilot/db/v_gamma_lut.cpp:143]   --->   Operation 24 'store' 'store_ln143' <Predicate = true> <Delay = 1.29>
ST_1 : Operation 25 [1/1] (1.29ns)   --->   "%store_ln143 = store i12 0, i12 %i" [C:/Users/Pie/Documents/Xilinx/CAM_20_V/CAM_20_V/release/release.runs/synth_1/prj/sol/.autopilot/db/v_gamma_lut.cpp:143]   --->   Operation 25 'store' 'store_ln143' <Predicate = true> <Delay = 1.29>

State 2 <SV = 1> <Delay = 1.29>
ST_2 : Operation 26 [1/2] (0.00ns)   --->   "%rows = call i13 @reg<unsigned short>, i13 %trunc_ln125" [C:/Users/Pie/Documents/Xilinx/CAM_20_V/CAM_20_V/release/release.runs/synth_1/prj/sol/.autopilot/db/v_gamma_lut.cpp:125]   --->   Operation 26 'call' 'rows' <Predicate = true> <Delay = 0.00> <CoreType = "Generic">   --->   Core 0 '' <Latency = 0> <II = 1> <Delay = 1.00> <Generic> <Opcode : >
ST_2 : Operation 27 [1/1] (0.00ns)   --->   "%empty = wait i32 @_ssdm_op_Wait"   --->   Operation 27 'wait' 'empty' <Predicate = true> <Delay = 0.00>
ST_2 : Operation 28 [2/2] (1.29ns)   --->   "%call_ln0 = call void @AXIvideo2MultiPixStream_Pipeline_loop_wait_for_start, i32 %s_axis_video_V_data_V, i4 %s_axis_video_V_keep_V, i4 %s_axis_video_V_strb_V, i1 %s_axis_video_V_user_V, i1 %s_axis_video_V_last_V, i1 %s_axis_video_V_id_V, i1 %s_axis_video_V_dest_V, i30 %axi_data_2, i1 %axi_last_loc"   --->   Operation 28 'call' 'call_ln0' <Predicate = true> <Delay = 1.29> <CoreType = "Generic">   --->   Core 0 '' <Latency = 0> <II = 1> <Delay = 1.00> <Generic> <Opcode : >
ST_2 : Operation 29 [1/1] (0.00ns)   --->   "%trunc_ln126_1 = trunc i13 %rows" [C:/Users/Pie/Documents/Xilinx/CAM_20_V/CAM_20_V/release/release.runs/synth_1/prj/sol/.autopilot/db/v_gamma_lut.cpp:126]   --->   Operation 29 'trunc' 'trunc_ln126_1' <Predicate = true> <Delay = 0.00>

State 3 <SV = 2> <Delay = 1.29>
ST_3 : Operation 30 [2/2] (0.00ns)   --->   "%cols = call i13 @reg<unsigned short>, i13 %trunc_ln126" [C:/Users/Pie/Documents/Xilinx/CAM_20_V/CAM_20_V/release/release.runs/synth_1/prj/sol/.autopilot/db/v_gamma_lut.cpp:126]   --->   Operation 30 'call' 'cols' <Predicate = true> <Delay = 0.00> <CoreType = "Generic">   --->   Core 0 '' <Latency = 0> <II = 1> <Delay = 1.00> <Generic> <Opcode : >
ST_3 : Operation 31 [1/2] (1.29ns)   --->   "%call_ln0 = call void @AXIvideo2MultiPixStream_Pipeline_loop_wait_for_start, i32 %s_axis_video_V_data_V, i4 %s_axis_video_V_keep_V, i4 %s_axis_video_V_strb_V, i1 %s_axis_video_V_user_V, i1 %s_axis_video_V_last_V, i1 %s_axis_video_V_id_V, i1 %s_axis_video_V_dest_V, i30 %axi_data_2, i1 %axi_last_loc"   --->   Operation 31 'call' 'call_ln0' <Predicate = true> <Delay = 1.29> <CoreType = "Generic">   --->   Core 0 '' <Latency = 0> <II = 1> <Delay = 1.00> <Generic> <Opcode : >

State 4 <SV = 3> <Delay = 1.53>
ST_4 : Operation 32 [1/1] (0.00ns)   --->   "%specaxissidechannel_ln0 = specaxissidechannel void @_ssdm_op_SpecAXISSideChannel, i32 %s_axis_video_V_data_V, i4 %s_axis_video_V_keep_V, i4 %s_axis_video_V_strb_V, i1 %s_axis_video_V_user_V, i1 %s_axis_video_V_last_V, i1 %s_axis_video_V_id_V, i1 %s_axis_video_V_dest_V, void @empty_14"   --->   Operation 32 'specaxissidechannel' 'specaxissidechannel_ln0' <Predicate = true> <Delay = 0.00>
ST_4 : Operation 33 [1/1] (0.00ns)   --->   "%specstablecontent_ln0 = specstablecontent void @_ssdm_op_SpecStableContent, i16 %height, void "   --->   Operation 33 'specstablecontent' 'specstablecontent_ln0' <Predicate = true> <Delay = 0.00>
ST_4 : Operation 34 [1/1] (0.00ns)   --->   "%specstablecontent_ln0 = specstablecontent void @_ssdm_op_SpecStableContent, i16 %width, void "   --->   Operation 34 'specstablecontent' 'specstablecontent_ln0' <Predicate = true> <Delay = 0.00>
ST_4 : Operation 35 [1/1] (0.00ns)   --->   "%specinterface_ln0 = specinterface void @_ssdm_op_SpecInterface, i30 %imgRgb, void @empty_12, i32 0, i32 0, void @empty_0, i32 0, i32 0, void @empty_0, void @empty_0, void @empty_0, i32 0, i32 0, i32 0, i32 0, void @empty_0, void @empty_0, i32 4294967295, i32 0"   --->   Operation 35 'specinterface' 'specinterface_ln0' <Predicate = true> <Delay = 0.00>
ST_4 : Operation 36 [1/1] (0.00ns)   --->   "%specinterface_ln0 = specinterface void @_ssdm_op_SpecInterface, i1 %s_axis_video_V_dest_V, i1 %s_axis_video_V_id_V, i1 %s_axis_video_V_last_V, i1 %s_axis_video_V_user_V, i4 %s_axis_video_V_strb_V, i4 %s_axis_video_V_keep_V, i32 %s_axis_video_V_data_V, void @empty_10, i32 1, i32 1, void @empty_11, i32 0, i32 0, void @empty_0, void @empty_0, void @empty_0, i32 0, i32 0, i32 0, i32 0, void @empty_0, void @empty_0, i32 4294967295, i32 0"   --->   Operation 36 'specinterface' 'specinterface_ln0' <Predicate = true> <Delay = 0.00>
ST_4 : Operation 37 [1/2] (0.00ns)   --->   "%cols = call i13 @reg<unsigned short>, i13 %trunc_ln126" [C:/Users/Pie/Documents/Xilinx/CAM_20_V/CAM_20_V/release/release.runs/synth_1/prj/sol/.autopilot/db/v_gamma_lut.cpp:126]   --->   Operation 37 'call' 'cols' <Predicate = true> <Delay = 0.00> <CoreType = "Generic">   --->   Core 0 '' <Latency = 0> <II = 1> <Delay = 1.00> <Generic> <Opcode : >
ST_4 : Operation 38 [1/1] (0.00ns)   --->   "%axi_last_loc_load = load i1 %axi_last_loc"   --->   Operation 38 'load' 'axi_last_loc_load' <Predicate = true> <Delay = 0.00>
ST_4 : Operation 39 [1/1] (0.00ns)   --->   "%empty_51 = wait i32 @_ssdm_op_Wait"   --->   Operation 39 'wait' 'empty_51' <Predicate = true> <Delay = 0.00>
ST_4 : Operation 40 [1/1] (1.53ns)   --->   "%cmp10147 = icmp_eq  i13 %cols, i13 0" [C:/Users/Pie/Documents/Xilinx/CAM_20_V/CAM_20_V/release/release.runs/synth_1/prj/sol/.autopilot/db/v_gamma_lut.cpp:126]   --->   Operation 40 'icmp' 'cmp10147' <Predicate = true> <Delay = 1.53> <CoreInst = "Cmp">   --->   Core 9 'Cmp' <Latency = 0> <II = 1> <Delay = 1.53> <FuncUnit> <Opcode : 'icmp'> <InPorts = 2> <OutPorts = 1>
ST_4 : Operation 41 [1/1] (1.29ns)   --->   "%br_ln143 = br void %loop_width" [C:/Users/Pie/Documents/Xilinx/CAM_20_V/CAM_20_V/release/release.runs/synth_1/prj/sol/.autopilot/db/v_gamma_lut.cpp:143]   --->   Operation 41 'br' 'br_ln143' <Predicate = true> <Delay = 1.29>

State 5 <SV = 4> <Delay = 1.54>
ST_5 : Operation 42 [1/1] (0.00ns)   --->   "%i_4 = load i12 %i" [C:/Users/Pie/Documents/Xilinx/CAM_20_V/CAM_20_V/release/release.runs/synth_1/prj/sol/.autopilot/db/v_gamma_lut.cpp:143]   --->   Operation 42 'load' 'i_4' <Predicate = true> <Delay = 0.00>
ST_5 : Operation 43 [1/1] (1.54ns)   --->   "%icmp_ln143 = icmp_eq  i12 %i_4, i12 %trunc_ln126_1" [C:/Users/Pie/Documents/Xilinx/CAM_20_V/CAM_20_V/release/release.runs/synth_1/prj/sol/.autopilot/db/v_gamma_lut.cpp:143]   --->   Operation 43 'icmp' 'icmp_ln143' <Predicate = true> <Delay = 1.54> <CoreInst = "Cmp">   --->   Core 9 'Cmp' <Latency = 0> <II = 1> <Delay = 1.54> <FuncUnit> <Opcode : 'icmp'> <InPorts = 2> <OutPorts = 1>
ST_5 : Operation 44 [1/1] (1.54ns)   --->   "%i_5 = add i12 %i_4, i12 1" [C:/Users/Pie/Documents/Xilinx/CAM_20_V/CAM_20_V/release/release.runs/synth_1/prj/sol/.autopilot/db/v_gamma_lut.cpp:143]   --->   Operation 44 'add' 'i_5' <Predicate = true> <Delay = 1.54> <CoreInst = "Adder">   --->   Core 1 'Adder' <Latency = 0> <II = 1> <Delay = 1.54> <FuncUnit> <Opcode : 'add' 'sub'> <InPorts = 2> <OutPorts = 1>

State 6 <SV = 5> <Delay = 3.39>
ST_6 : Operation 45 [1/1] (0.00ns)   --->   "%axi_last_2 = phi i1 %axi_last_loc_load, void %entry, i1 %axi_last_4_loc_load, void %loop_wait_for_eol"   --->   Operation 45 'phi' 'axi_last_2' <Predicate = true> <Delay = 0.00>
ST_6 : Operation 46 [1/1] (0.00ns)   --->   "%axi_data = load i30 %axi_data_2"   --->   Operation 46 'load' 'axi_data' <Predicate = true> <Delay = 0.00>
ST_6 : Operation 47 [1/1] (0.00ns)   --->   "%speclooptripcount_ln0 = speclooptripcount void @_ssdm_op_SpecLoopTripCount, i64 0, i64 3072, i64 0"   --->   Operation 47 'speclooptripcount' 'speclooptripcount_ln0' <Predicate = true> <Delay = 0.00>
ST_6 : Operation 48 [1/1] (0.00ns)   --->   "%br_ln143 = br i1 %icmp_ln143, void %loop_width.split, void %for.end49.loopexit" [C:/Users/Pie/Documents/Xilinx/CAM_20_V/CAM_20_V/release/release.runs/synth_1/prj/sol/.autopilot/db/v_gamma_lut.cpp:143]   --->   Operation 48 'br' 'br_ln143' <Predicate = true> <Delay = 0.00>
ST_6 : Operation 49 [1/1] (0.00ns)   --->   "%specloopname_ln143 = specloopname void @_ssdm_op_SpecLoopName, void @empty_17" [C:/Users/Pie/Documents/Xilinx/CAM_20_V/CAM_20_V/release/release.runs/synth_1/prj/sol/.autopilot/db/v_gamma_lut.cpp:143]   --->   Operation 49 'specloopname' 'specloopname_ln143' <Predicate = (!icmp_ln143)> <Delay = 0.00>
ST_6 : Operation 50 [1/1] (1.29ns)   --->   "%br_ln146 = br i1 %cmp10147, void %for.body12.preheader, void %loop_wait_for_eol" [C:/Users/Pie/Documents/Xilinx/CAM_20_V/CAM_20_V/release/release.runs/synth_1/prj/sol/.autopilot/db/v_gamma_lut.cpp:146]   --->   Operation 50 'br' 'br_ln146' <Predicate = (!icmp_ln143)> <Delay = 1.29>
ST_6 : Operation 51 [1/1] (0.00ns)   --->   "%sof_load = load i1 %sof"   --->   Operation 51 'load' 'sof_load' <Predicate = (!icmp_ln143 & !cmp10147)> <Delay = 0.00>
ST_6 : Operation 52 [1/1] (0.00ns)   --->   "%empty_52 = wait i32 @_ssdm_op_Wait"   --->   Operation 52 'wait' 'empty_52' <Predicate = (!icmp_ln143 & !cmp10147)> <Delay = 0.00>
ST_6 : Operation 53 [2/2] (3.39ns)   --->   "%call_ln126 = call void @AXIvideo2MultiPixStream_Pipeline_loop_width, i1 %sof_load, i1 %axi_last_2, i30 %axi_data, i13 %cols, i30 %imgRgb, i32 %s_axis_video_V_data_V, i4 %s_axis_video_V_keep_V, i4 %s_axis_video_V_strb_V, i1 %s_axis_video_V_user_V, i1 %s_axis_video_V_last_V, i1 %s_axis_video_V_id_V, i1 %s_axis_video_V_dest_V, i1 %eol_loc, i30 %axi_data_3_loc" [C:/Users/Pie/Documents/Xilinx/CAM_20_V/CAM_20_V/release/release.runs/synth_1/prj/sol/.autopilot/db/v_gamma_lut.cpp:126]   --->   Operation 53 'call' 'call_ln126' <Predicate = (!icmp_ln143 & !cmp10147)> <Delay = 3.39> <CoreType = "Generic">   --->   Core 0 '' <Latency = 0> <II = 1> <Delay = 1.00> <Generic> <Opcode : >
ST_6 : Operation 54 [1/1] (0.00ns)   --->   "%ret_ln0 = ret"   --->   Operation 54 'ret' 'ret_ln0' <Predicate = (icmp_ln143)> <Delay = 0.00>

State 7 <SV = 6> <Delay = 2.83>
ST_7 : Operation 55 [1/2] (2.83ns)   --->   "%call_ln126 = call void @AXIvideo2MultiPixStream_Pipeline_loop_width, i1 %sof_load, i1 %axi_last_2, i30 %axi_data, i13 %cols, i30 %imgRgb, i32 %s_axis_video_V_data_V, i4 %s_axis_video_V_keep_V, i4 %s_axis_video_V_strb_V, i1 %s_axis_video_V_user_V, i1 %s_axis_video_V_last_V, i1 %s_axis_video_V_id_V, i1 %s_axis_video_V_dest_V, i1 %eol_loc, i30 %axi_data_3_loc" [C:/Users/Pie/Documents/Xilinx/CAM_20_V/CAM_20_V/release/release.runs/synth_1/prj/sol/.autopilot/db/v_gamma_lut.cpp:126]   --->   Operation 55 'call' 'call_ln126' <Predicate = true> <Delay = 2.83> <CoreType = "Generic">   --->   Core 0 '' <Latency = 0> <II = 1> <Delay = 1.00> <Generic> <Opcode : >

State 8 <SV = 7> <Delay = 1.29>
ST_8 : Operation 56 [1/1] (0.00ns)   --->   "%eol_loc_load = load i1 %eol_loc"   --->   Operation 56 'load' 'eol_loc_load' <Predicate = (!cmp10147)> <Delay = 0.00>
ST_8 : Operation 57 [1/1] (0.00ns)   --->   "%axi_data_3_loc_load = load i30 %axi_data_3_loc"   --->   Operation 57 'load' 'axi_data_3_loc_load' <Predicate = (!cmp10147)> <Delay = 0.00>
ST_8 : Operation 58 [1/1] (0.00ns)   --->   "%empty_53 = wait i32 @_ssdm_op_Wait"   --->   Operation 58 'wait' 'empty_53' <Predicate = (!cmp10147)> <Delay = 0.00>
ST_8 : Operation 59 [1/1] (1.29ns)   --->   "%store_ln0 = store i1 0, i1 %sof"   --->   Operation 59 'store' 'store_ln0' <Predicate = (!cmp10147)> <Delay = 1.29>
ST_8 : Operation 60 [1/1] (1.29ns)   --->   "%br_ln0 = br void %loop_wait_for_eol"   --->   Operation 60 'br' 'br_ln0' <Predicate = (!cmp10147)> <Delay = 1.29>
ST_8 : Operation 61 [1/1] (1.29ns)   --->   "%store_ln143 = store i12 %i_5, i12 %i" [C:/Users/Pie/Documents/Xilinx/CAM_20_V/CAM_20_V/release/release.runs/synth_1/prj/sol/.autopilot/db/v_gamma_lut.cpp:143]   --->   Operation 61 'store' 'store_ln143' <Predicate = true> <Delay = 1.29>

State 9 <SV = 8> <Delay = 2.59>
ST_9 : Operation 62 [1/1] (0.00ns)   --->   "%axi_data_2_lcssa = phi i30 %axi_data_3_loc_load, void %for.body12.preheader, i30 %axi_data, void %loop_width.split"   --->   Operation 62 'phi' 'axi_data_2_lcssa' <Predicate = true> <Delay = 0.00>
ST_9 : Operation 63 [1/1] (0.00ns)   --->   "%axi_last_2_lcssa = phi i1 %eol_loc_load, void %for.body12.preheader, i1 %axi_last_2, void %loop_width.split"   --->   Operation 63 'phi' 'axi_last_2_lcssa' <Predicate = true> <Delay = 0.00>
ST_9 : Operation 64 [1/1] (0.00ns)   --->   "%eol_0_lcssa = phi i1 %eol_loc_load, void %for.body12.preheader, i1 0, void %loop_width.split"   --->   Operation 64 'phi' 'eol_0_lcssa' <Predicate = true> <Delay = 0.00>
ST_9 : Operation 65 [1/1] (0.00ns)   --->   "%empty_54 = wait i32 @_ssdm_op_Wait"   --->   Operation 65 'wait' 'empty_54' <Predicate = true> <Delay = 0.00>
ST_9 : Operation 66 [2/2] (2.59ns)   --->   "%call_ln0 = call void @AXIvideo2MultiPixStream_Pipeline_loop_wait_for_eol, i30 %axi_data_2_lcssa, i1 %axi_last_2_lcssa, i1 %eol_0_lcssa, i32 %s_axis_video_V_data_V, i4 %s_axis_video_V_keep_V, i4 %s_axis_video_V_strb_V, i1 %s_axis_video_V_user_V, i1 %s_axis_video_V_last_V, i1 %s_axis_video_V_id_V, i1 %s_axis_video_V_dest_V, i30 %axi_data_2, i1 %axi_last_4_loc"   --->   Operation 66 'call' 'call_ln0' <Predicate = true> <Delay = 2.59> <CoreType = "Generic">   --->   Core 0 '' <Latency = 0> <II = 1> <Delay = 1.00> <Generic> <Opcode : >

State 10 <SV = 9> <Delay = 1.29>
ST_10 : Operation 67 [1/2] (1.29ns)   --->   "%call_ln0 = call void @AXIvideo2MultiPixStream_Pipeline_loop_wait_for_eol, i30 %axi_data_2_lcssa, i1 %axi_last_2_lcssa, i1 %eol_0_lcssa, i32 %s_axis_video_V_data_V, i4 %s_axis_video_V_keep_V, i4 %s_axis_video_V_strb_V, i1 %s_axis_video_V_user_V, i1 %s_axis_video_V_last_V, i1 %s_axis_video_V_id_V, i1 %s_axis_video_V_dest_V, i30 %axi_data_2, i1 %axi_last_4_loc"   --->   Operation 67 'call' 'call_ln0' <Predicate = true> <Delay = 1.29> <CoreType = "Generic">   --->   Core 0 '' <Latency = 0> <II = 1> <Delay = 1.00> <Generic> <Opcode : >

State 11 <SV = 10> <Delay = 0.00>
ST_11 : Operation 68 [1/1] (0.00ns)   --->   "%axi_last_4_loc_load = load i1 %axi_last_4_loc"   --->   Operation 68 'load' 'axi_last_4_loc_load' <Predicate = true> <Delay = 0.00>
ST_11 : Operation 69 [1/1] (0.00ns)   --->   "%br_ln143 = br void %loop_width" [C:/Users/Pie/Documents/Xilinx/CAM_20_V/CAM_20_V/release/release.runs/synth_1/prj/sol/.autopilot/db/v_gamma_lut.cpp:143]   --->   Operation 69 'br' 'br_ln143' <Predicate = true> <Delay = 0.00>


============================================================
+ Verbose Summary: Timing violations
============================================================
Target clock period: 6.562ns, clock uncertainty: 1.772ns.

 <State 1>: 1.298ns
The critical path consists of the following:
	'alloca' operation ('sof') [13]  (0.000 ns)
	'store' operation ('store_ln143', C:/Users/Pie/Documents/Xilinx/CAM_20_V/CAM_20_V/release/release.runs/synth_1/prj/sol/.autopilot/db/v_gamma_lut.cpp:143) of constant 1 on local variable 'sof' [35]  (1.298 ns)

 <State 2>: 1.298ns
The critical path consists of the following:
	'call' operation ('call_ln0') to 'AXIvideo2MultiPixStream_Pipeline_loop_wait_for_start' [30]  (1.298 ns)

 <State 3>: 1.298ns
The critical path consists of the following:
	'call' operation ('call_ln0') to 'AXIvideo2MultiPixStream_Pipeline_loop_wait_for_start' [30]  (1.298 ns)

 <State 4>: 1.537ns
The critical path consists of the following:
	'call' operation ('cols', C:/Users/Pie/Documents/Xilinx/CAM_20_V/CAM_20_V/release/release.runs/synth_1/prj/sol/.autopilot/db/v_gamma_lut.cpp:126) to 'reg<unsigned short>' [28]  (0.000 ns)
	'icmp' operation ('cmp10147', C:/Users/Pie/Documents/Xilinx/CAM_20_V/CAM_20_V/release/release.runs/synth_1/prj/sol/.autopilot/db/v_gamma_lut.cpp:126) [34]  (1.537 ns)

 <State 5>: 1.546ns
The critical path consists of the following:
	'load' operation ('i', C:/Users/Pie/Documents/Xilinx/CAM_20_V/CAM_20_V/release/release.runs/synth_1/prj/sol/.autopilot/db/v_gamma_lut.cpp:143) on local variable 'i' [40]  (0.000 ns)
	'icmp' operation ('icmp_ln143', C:/Users/Pie/Documents/Xilinx/CAM_20_V/CAM_20_V/release/release.runs/synth_1/prj/sol/.autopilot/db/v_gamma_lut.cpp:143) [42]  (1.546 ns)

 <State 6>: 3.396ns
The critical path consists of the following:
	'phi' operation ('axi.last') with incoming values : ('axi_last_loc_load') ('axi_last_4_loc_load') [39]  (0.000 ns)
	'call' operation ('call_ln126', C:/Users/Pie/Documents/Xilinx/CAM_20_V/CAM_20_V/release/release.runs/synth_1/prj/sol/.autopilot/db/v_gamma_lut.cpp:126) to 'AXIvideo2MultiPixStream_Pipeline_loop_width' [52]  (3.396 ns)

 <State 7>: 2.835ns
The critical path consists of the following:
	'call' operation ('call_ln126', C:/Users/Pie/Documents/Xilinx/CAM_20_V/CAM_20_V/release/release.runs/synth_1/prj/sol/.autopilot/db/v_gamma_lut.cpp:126) to 'AXIvideo2MultiPixStream_Pipeline_loop_width' [52]  (2.835 ns)

 <State 8>: 1.298ns
The critical path consists of the following:
	'store' operation ('store_ln143', C:/Users/Pie/Documents/Xilinx/CAM_20_V/CAM_20_V/release/release.runs/synth_1/prj/sol/.autopilot/db/v_gamma_lut.cpp:143) of variable 'i', C:/Users/Pie/Documents/Xilinx/CAM_20_V/CAM_20_V/release/release.runs/synth_1/prj/sol/.autopilot/db/v_gamma_lut.cpp:143 on local variable 'i' [65]  (1.298 ns)

 <State 9>: 2.596ns
The critical path consists of the following:
	'phi' operation ('axi.data') with incoming values : ('axi.data') ('axi_data_3_loc_load') [59]  (0.000 ns)
	'call' operation ('call_ln0') to 'AXIvideo2MultiPixStream_Pipeline_loop_wait_for_eol' [63]  (2.596 ns)

 <State 10>: 1.298ns
The critical path consists of the following:
	'call' operation ('call_ln0') to 'AXIvideo2MultiPixStream_Pipeline_loop_wait_for_eol' [63]  (1.298 ns)

 <State 11>: 0.000ns
The critical path consists of the following:


============================================================
+ Verbose Summary: Binding
============================================================
N/A
* FSMD analyzer results:
  - Output states:
 - Input state : 
  - Chain level:
	State 1
	State 2
	State 3
	State 4
	State 5
	State 6
	State 7
	State 8
	State 9
	State 10
	State 11


============================================================
+ Verbose Summary: Datapath Resource usage 
============================================================
N/A
