

================================================================
== Vitis HLS Report for 'AXIvideo2MultiPixStream'
================================================================
* Date:           Mon Jan  6 16:42:34 2025

* Version:        2023.1 (Build 3854077 on May  4 2023)
* Project:        prj
* Solution:       sol (Vivado IP Flow Target)
* Product family: zynq
* Target device:  xc7z020-clg400-2


================================================================
== Performance Estimates
================================================================
+ Timing: 
    * Summary: 
    +--------+---------+----------+------------+
    |  Clock |  Target | Estimated| Uncertainty|
    +--------+---------+----------+------------+
    |ap_clk  |  6.56 ns|  4.196 ns|     1.77 ns|
    +--------+---------+----------+------------+

+ Latency: 
    * Summary: 
    +---------+----------+-----------+-----------+-----+----------+---------+
    |  Latency (cycles)  |   Latency (absolute)  |    Interval    | Pipeline|
    |   min   |    max   |    min    |    max    | min |    max   |   Type  |
    +---------+----------+-----------+-----------+-----+----------+---------+
    |        7|  12616711|  45.934 ns|  82.791 ms|    7|  12616711|       no|
    +---------+----------+-----------+-----------+-----+----------+---------+

    + Detail: 
        * Instance: 
        +-----------------------------------------------------------------+------------------------------------------------------+---------+---------+-----------+-----------+-----+------+---------+
        |                                                                 |                                                      |  Latency (cycles) |   Latency (absolute)  |  Interval  | Pipeline|
        |                             Instance                            |                        Module                        |   min   |   max   |    min    |    max    | min |  max |   Type  |
        +-----------------------------------------------------------------+------------------------------------------------------+---------+---------+-----------+-----------+-----+------+---------+
        |grp_AXIvideo2MultiPixStream_Pipeline_loop_wait_for_start_fu_161  |AXIvideo2MultiPixStream_Pipeline_loop_wait_for_start  |        2|        2|  13.124 ns|  13.124 ns|    2|     2|       no|
        |grp_AXIvideo2MultiPixStream_Pipeline_loop_width_fu_181           |AXIvideo2MultiPixStream_Pipeline_loop_width           |        3|     4098|  19.686 ns|  26.891 us|    3|  4098|       no|
        |grp_AXIvideo2MultiPixStream_Pipeline_loop_wait_for_eol_fu_208    |AXIvideo2MultiPixStream_Pipeline_loop_wait_for_eol    |        2|        2|  13.124 ns|  13.124 ns|    2|     2|       no|
        |grp_reg_unsigned_short_s_fu_238                                  |reg_unsigned_short_s                                  |        1|        1|   6.562 ns|   6.562 ns|    1|     1|      yes|
        |grp_reg_unsigned_short_s_fu_262                                  |reg_unsigned_short_s                                  |        1|        1|   6.562 ns|   6.562 ns|    1|     1|      yes|
        +-----------------------------------------------------------------+------------------------------------------------------+---------+---------+-----------+-----------+-----+------+---------+

        * Loop: 
        +---------------+---------+----------+----------+-----------+-----------+----------+----------+
        |               |  Latency (cycles)  | Iteration|  Initiation Interval  |   Trip   |          |
        |   Loop Name   |   min   |    max   |  Latency |  achieved |   target  |   Count  | Pipelined|
        +---------------+---------+----------+----------+-----------+-----------+----------+----------+
        |- loop_height  |        1|  12616705|  8 ~ 4107|          -|          -|  0 ~ 3072|        no|
        +---------------+---------+----------+----------+-----------+-----------+----------+----------+



================================================================
== Utilization Estimates
================================================================
* Summary: 
+-----------------+---------+-----+--------+-------+-----+
|       Name      | BRAM_18K| DSP |   FF   |  LUT  | URAM|
+-----------------+---------+-----+--------+-------+-----+
|DSP              |        -|    -|       -|      -|    -|
|Expression       |        -|    -|       0|     38|    -|
|FIFO             |        -|    -|       -|      -|    -|
|Instance         |        -|    -|     111|    256|    -|
|Memory           |        -|    -|       -|      -|    -|
|Multiplexer      |        -|    -|       -|    138|    -|
|Register         |        -|    -|     144|      -|    -|
+-----------------+---------+-----+--------+-------+-----+
|Total            |        0|    0|     255|    432|    0|
+-----------------+---------+-----+--------+-------+-----+
|Available        |      280|  220|  106400|  53200|    0|
+-----------------+---------+-----+--------+-------+-----+
|Utilization (%)  |        0|    0|      ~0|     ~0|    0|
+-----------------+---------+-----+--------+-------+-----+

+ Detail: 
    * Instance: 
    +-----------------------------------------------------------------+------------------------------------------------------+---------+----+----+-----+-----+
    |                             Instance                            |                        Module                        | BRAM_18K| DSP| FF | LUT | URAM|
    +-----------------------------------------------------------------+------------------------------------------------------+---------+----+----+-----+-----+
    |grp_AXIvideo2MultiPixStream_Pipeline_loop_wait_for_eol_fu_208    |AXIvideo2MultiPixStream_Pipeline_loop_wait_for_eol    |        0|   0|   4|   50|    0|
    |grp_AXIvideo2MultiPixStream_Pipeline_loop_wait_for_start_fu_161  |AXIvideo2MultiPixStream_Pipeline_loop_wait_for_start  |        0|   0|   4|   41|    0|
    |grp_AXIvideo2MultiPixStream_Pipeline_loop_width_fu_181           |AXIvideo2MultiPixStream_Pipeline_loop_width           |        0|   0|  49|  139|    0|
    |grp_reg_unsigned_short_s_fu_238                                  |reg_unsigned_short_s                                  |        0|   0|  27|   13|    0|
    |grp_reg_unsigned_short_s_fu_262                                  |reg_unsigned_short_s                                  |        0|   0|  27|   13|    0|
    +-----------------------------------------------------------------+------------------------------------------------------+---------+----+----+-----+-----+
    |Total                                                            |                                                      |        0|   0| 111|  256|    0|
    +-----------------------------------------------------------------+------------------------------------------------------+---------+----+----+-----+-----+

    * DSP: 
    N/A

    * Memory: 
    N/A

    * FIFO: 
    N/A

    * Expression: 
    +----------------------+----------+----+---+----+------------+------------+
    |     Variable Name    | Operation| DSP| FF| LUT| Bitwidth P0| Bitwidth P1|
    +----------------------+----------+----+---+----+------------+------------+
    |i_5_fu_284_p2         |         +|   0|  0|  12|          12|           1|
    |cmp10147_fu_270_p2    |      icmp|   0|  0|  13|          13|           1|
    |icmp_ln143_fu_279_p2  |      icmp|   0|  0|  12|          12|          12|
    |ap_block_state1       |        or|   0|  0|   1|           1|           1|
    +----------------------+----------+----+---+----+------------+------------+
    |Total                 |          |   0|  0|  38|          38|          15|
    +----------------------+----------+----+---+----+------------+------------+

    * Multiplexer: 
    +----------------------------------+----+-----------+-----+-----------+
    |               Name               | LUT| Input Size| Bits| Total Bits|
    +----------------------------------+----+-----------+-----+-----------+
    |ap_NS_fsm                         |  49|         12|    1|         12|
    |ap_done                           |   9|          2|    1|          2|
    |axi_data_2_fu_82                  |   9|          2|   30|         60|
    |axi_data_2_lcssa_reg_128          |   9|          2|   30|         60|
    |axi_last_2_lcssa_reg_138          |   9|          2|    1|          2|
    |axi_last_2_reg_118                |   9|          2|    1|          2|
    |eol_0_lcssa_reg_149               |   9|          2|    1|          2|
    |i_fu_78                           |   9|          2|   12|         24|
    |imgRgb_write                      |   9|          2|    1|          2|
    |s_axis_video_TREADY_int_regslice  |  17|          4|    1|          4|
    +----------------------------------+----+-----------+-----+-----------+
    |Total                             | 138|         32|   79|        170|
    +----------------------------------+----+-----------+-----+-----------+

    * Register: 
    +------------------------------------------------------------------------------+----+----+-----+-----------+
    |                                     Name                                     | FF | LUT| Bits| Const Bits|
    +------------------------------------------------------------------------------+----+----+-----+-----------+
    |ap_CS_fsm                                                                     |  11|   0|   11|          0|
    |ap_done_reg                                                                   |   1|   0|    1|          0|
    |axi_data_2_fu_82                                                              |  30|   0|   30|          0|
    |axi_data_2_lcssa_reg_128                                                      |  30|   0|   30|          0|
    |axi_last_2_lcssa_reg_138                                                      |   1|   0|    1|          0|
    |axi_last_2_reg_118                                                            |   1|   0|    1|          0|
    |axi_last_4_loc_fu_90                                                          |   1|   0|    1|          0|
    |cmp10147_reg_379                                                              |   1|   0|    1|          0|
    |cols_reg_371                                                                  |  13|   0|   13|          0|
    |eol_0_lcssa_reg_149                                                           |   1|   0|    1|          0|
    |grp_AXIvideo2MultiPixStream_Pipeline_loop_wait_for_eol_fu_208_ap_start_reg    |   1|   0|    1|          0|
    |grp_AXIvideo2MultiPixStream_Pipeline_loop_wait_for_start_fu_161_ap_start_reg  |   1|   0|    1|          0|
    |grp_AXIvideo2MultiPixStream_Pipeline_loop_width_fu_181_ap_start_reg           |   1|   0|    1|          0|
    |i_5_reg_387                                                                   |  12|   0|   12|          0|
    |i_fu_78                                                                       |  12|   0|   12|          0|
    |icmp_ln143_reg_383                                                            |   1|   0|    1|          0|
    |sof_fu_86                                                                     |   1|   0|    1|          0|
    |trunc_ln126_1_reg_366                                                         |  12|   0|   12|          0|
    |trunc_ln126_reg_361                                                           |  13|   0|   13|          0|
    +------------------------------------------------------------------------------+----+----+-----+-----------+
    |Total                                                                         | 144|   0|  144|          0|
    +------------------------------------------------------------------------------+----+----+-----+-----------+



================================================================
== Interface
================================================================
* Summary: 
+-----------------------+-----+-----+------------+-------------------------+--------------+
|       RTL Ports       | Dir | Bits|  Protocol  |      Source Object      |    C Type    |
+-----------------------+-----+-----+------------+-------------------------+--------------+
|ap_clk                 |   in|    1|  ap_ctrl_hs|  AXIvideo2MultiPixStream|  return value|
|ap_rst                 |   in|    1|  ap_ctrl_hs|  AXIvideo2MultiPixStream|  return value|
|ap_start               |   in|    1|  ap_ctrl_hs|  AXIvideo2MultiPixStream|  return value|
|ap_done                |  out|    1|  ap_ctrl_hs|  AXIvideo2MultiPixStream|  return value|
|ap_continue            |   in|    1|  ap_ctrl_hs|  AXIvideo2MultiPixStream|  return value|
|ap_idle                |  out|    1|  ap_ctrl_hs|  AXIvideo2MultiPixStream|  return value|
|ap_ready               |  out|    1|  ap_ctrl_hs|  AXIvideo2MultiPixStream|  return value|
|s_axis_video_TDATA     |   in|   32|        axis|    s_axis_video_V_data_V|       pointer|
|s_axis_video_TVALID    |   in|    1|        axis|    s_axis_video_V_dest_V|       pointer|
|s_axis_video_TREADY    |  out|    1|        axis|    s_axis_video_V_dest_V|       pointer|
|s_axis_video_TDEST     |   in|    1|        axis|    s_axis_video_V_dest_V|       pointer|
|s_axis_video_TKEEP     |   in|    4|        axis|    s_axis_video_V_keep_V|       pointer|
|s_axis_video_TSTRB     |   in|    4|        axis|    s_axis_video_V_strb_V|       pointer|
|s_axis_video_TUSER     |   in|    1|        axis|    s_axis_video_V_user_V|       pointer|
|s_axis_video_TLAST     |   in|    1|        axis|    s_axis_video_V_last_V|       pointer|
|s_axis_video_TID       |   in|    1|        axis|      s_axis_video_V_id_V|       pointer|
|imgRgb_din             |  out|   30|     ap_fifo|                   imgRgb|       pointer|
|imgRgb_num_data_valid  |   in|    5|     ap_fifo|                   imgRgb|       pointer|
|imgRgb_fifo_cap        |   in|    5|     ap_fifo|                   imgRgb|       pointer|
|imgRgb_full_n          |   in|    1|     ap_fifo|                   imgRgb|       pointer|
|imgRgb_write           |  out|    1|     ap_fifo|                   imgRgb|       pointer|
|height                 |   in|   16|     ap_none|                   height|       pointer|
|width                  |   in|   16|     ap_none|                    width|       pointer|
+-----------------------+-----+-----+------------+-------------------------+--------------+

============================================================
+ Verbose Summary: Synthesis Manager
============================================================
InlineROM: 1
ExposeGlobal: 0
============================================================
+ Verbose Summary: CDFG Model
============================================================
IsTopModel: 0
ResetActiveHigh: 1
IsCombinational: 2
IsDatapathOnly: 0
HasWiredReturn: 1
HasMFsm: 0
HasVarLatency: 1
IsPipeline: 0
IsRtlPipelined: 0
IsInstanceOverlapped: 0
IsDontTouch: 0
HasImplIP: 0
IsGatedGlobalClock: 0


============================================================
+ Verbose Summary: Schedule
============================================================
* Number of FSM states : 11
* Pipeline : 0
* Dataflow Pipeline: 0

* FSM state transitions: 
1 --> 2 
2 --> 3 
3 --> 4 
4 --> 5 
5 --> 6 
6 --> 7 8 
7 --> 8 
8 --> 9 
9 --> 10 
10 --> 11 
11 --> 5 

* FSM state operations: 

State 1 <SV = 0> <Delay = 1.29>
ST_1 : Operation 12 [1/1] (0.00ns)   --->   "%i = alloca i32 1"   --->   Operation 12 'alloca' 'i' <Predicate = true> <Delay = 0.00>
ST_1 : Operation 13 [1/1] (0.00ns)   --->   "%axi_data_2 = alloca i32 1"   --->   Operation 13 'alloca' 'axi_data_2' <Predicate = true> <Delay = 0.00>
ST_1 : Operation 14 [1/1] (0.00ns)   --->   "%sof = alloca i32 1"   --->   Operation 14 'alloca' 'sof' <Predicate = true> <Delay = 0.00>
ST_1 : Operation 15 [1/1] (0.00ns)   --->   "%axi_last_4_loc = alloca i64 1"   --->   Operation 15 'alloca' 'axi_last_4_loc' <Predicate = true> <Delay = 0.00>
ST_1 : Operation 16 [1/1] (0.00ns)   --->   "%axi_data_3_loc = alloca i64 1"   --->   Operation 16 'alloca' 'axi_data_3_loc' <Predicate = true> <Delay = 0.00>
ST_1 : Operation 17 [1/1] (0.00ns)   --->   "%eol_loc = alloca i64 1"   --->   Operation 17 'alloca' 'eol_loc' <Predicate = true> <Delay = 0.00>
ST_1 : Operation 18 [1/1] (0.00ns)   --->   "%axi_last_loc = alloca i64 1"   --->   Operation 18 'alloca' 'axi_last_loc' <Predicate = true> <Delay = 0.00>
ST_1 : Operation 19 [1/1] (0.00ns)   --->   "%height_read = read i16 @_ssdm_op_Read.ap_auto.i16P0A, i16 %height" [C:/Users/Pie/Documents/Xilinx/CAM_20_V/CAM_20_V/release/release.runs/synth_1/prj/sol/.autopilot/db/v_gamma_lut.cpp:125]   --->   Operation 19 'read' 'height_read' <Predicate = true> <Delay = 0.00>
ST_1 : Operation 20 [1/1] (0.00ns)   --->   "%trunc_ln125 = trunc i16 %height_read" [C:/Users/Pie/Documents/Xilinx/CAM_20_V/CAM_20_V/release/release.runs/synth_1/prj/sol/.autopilot/db/v_gamma_lut.cpp:125]   --->   Operation 20 'trunc' 'trunc_ln125' <Predicate = true> <Delay = 0.00>
ST_1 : Operation 21 [2/2] (0.00ns)   --->   "%rows = call i13 @reg<unsigned short>, i13 %trunc_ln125" [C:/Users/Pie/Documents/Xilinx/CAM_20_V/CAM_20_V/release/release.runs/synth_1/prj/sol/.autopilot/db/v_gamma_lut.cpp:125]   --->   Operation 21 'call' 'rows' <Predicate = true> <Delay = 0.00> <CoreType = "Generic">   --->   Core 0 '' <Latency = 0> <II = 1> <Delay = 1.00> <Generic> <Opcode : >
ST_1 : Operation 22 [1/1] (0.00ns)   --->   "%width_read = read i16 @_ssdm_op_Read.ap_auto.i16P0A, i16 %width" [C:/Users/Pie/Documents/Xilinx/CAM_20_V/CAM_20_V/release/release.runs/synth_1/prj/sol/.autopilot/db/v_gamma_lut.cpp:126]   --->   Operation 22 'read' 'width_read' <Predicate = true> <Delay = 0.00>
ST_1 : Operation 23 [1/1] (0.00ns)   --->   "%trunc_ln126 = trunc i16 %width_read" [C:/Users/Pie/Documents/Xilinx/CAM_20_V/CAM_20_V/release/release.runs/synth_1/prj/sol/.autopilot/db/v_gamma_lut.cpp:126]   --->   Operation 23 'trunc' 'trunc_ln126' <Predicate = true> <Delay = 0.00>
ST_1 : Operation 24 [1/1] (1.29ns)   --->   "%store_ln143 = store i1 1, i1 %sof" [C:/Users/Pie/Documents/Xilinx/CAM_20_V/CAM_20_V/release/release.runs/synth_1/prj/sol/.autopilot/db/v_gamma_lut.cpp:143]   --->   Operation 24 'store' 'store_ln143' <Predicate = true> <Delay = 1.29>
ST_1 : Operation 25 [1/1] (1.29ns)   --->   "%store_ln143 = store i12 0, i12 %i" [C:/Users/Pie/Documents/Xilinx/CAM_20_V/CAM_20_V/release/release.runs/synth_1/prj/sol/.autopilot/db/v_gamma_lut.cpp:143]   --->   Operation 25 'store' 'store_ln143' <Predicate = true> <Delay = 1.29>

State 2 <SV = 1> <Delay = 1.29>
ST_2 : Operation 26 [1/2] (0.00ns)   --->   "%rows = call i13 @reg<unsigned short>, i13 %trunc_ln125" [C:/Users/Pie/Documents/Xilinx/CAM_20_V/CAM_20_V/release/release.runs/synth_1/prj/sol/.autopilot/db/v_gamma_lut.cpp:125]   --->   Operation 26 'call' 'rows' <Predicate = true> <Delay = 0.00> <CoreType = "Generic">   --->   Core 0 '' <Latency = 0> <II = 1> <Delay = 1.00> <Generic> <Opcode : >
ST_2 : Operation 27 [1/1] (0.00ns)   --->   "%empty = wait i32 @_ssdm_op_Wait"   --->   Operation 27 'wait' 'empty' <Predicate = true> <Delay = 0.00>
ST_2 : Operation 28 [2/2] (1.29ns)   --->   "%call_ln0 = call void @AXIvideo2MultiPixStream_Pipeline_loop_wait_for_start, i32 %s_axis_video_V_data_V, i4 %s_axis_video_V_keep_V, i4 %s_axis_video_V_strb_V, i1 %s_axis_video_V_user_V, i1 %s_axis_video_V_last_V, i1 %s_axis_video_V_id_V, i1 %s_axis_video_V_dest_V, i30 %axi_data_2, i1 %axi_last_loc"   --->   Operation 28 'call' 'call_ln0' <Predicate = true> <Delay = 1.29> <CoreType = "Generic">   --->   Core 0 '' <Latency = 0> <II = 1> <Delay = 1.00> <Generic> <Opcode : >
ST_2 : Operation 29 [1/1] (0.00ns)   --->   "%trunc_ln126_1 = trunc i13 %rows" [C:/Users/Pie/Documents/Xilinx/CAM_20_V/CAM_20_V/release/release.runs/synth_1/prj/sol/.autopilot/db/v_gamma_lut.cpp:126]   --->   Operation 29 'trunc' 'trunc_ln126_1' <Predicate = true> <Delay = 0.00>

State 3 <SV = 2> <Delay = 1.29>
ST_3 : Operation 30 [2/2] (0.00ns)   --->   "%cols = call i13 @reg<unsigned short>, i13 %trunc_ln126" [C:/Users/Pie/Documents/Xilinx/CAM_20_V/CAM_20_V/release/release.runs/synth_1/prj/sol/.autopilot/db/v_gamma_lut.cpp:126]   --->   Operation 30 'call' 'cols' <Predicate = true> <Delay = 0.00> <CoreType = "Generic">   --->   Core 0 '' <Latency = 0> <II = 1> <Delay = 1.00> <Generic> <Opcode : >
ST_3 : Operation 31 [1/2] (1.29ns)   --->   "%call_ln0 = call void @AXIvideo2MultiPixStream_Pipeline_loop_wait_for_start, i32 %s_axis_video_V_data_V, i4 %s_axis_video_V_keep_V, i4 %s_axis_video_V_strb_V, i1 %s_axis_video_V_user_V, i1 %s_axis_video_V_last_V, i1 %s_axis_video_V_id_V, i1 %s_axis_video_V_dest_V, i30 %axi_data_2, i1 %axi_last_loc"   --->   Operation 31 'call' 'call_ln0' <Predicate = true> <Delay = 1.29> <CoreType = "Generic">   --->   Core 0 '' <Latency = 0> <II = 1> <Delay = 1.00> <Generic> <Opcode : >

State 4 <SV = 3> <Delay = 1.53>
ST_4 : Operation 32 [1/1] (0.00ns)   --->   "%specaxissidechannel_ln0 = specaxissidechannel void @_ssdm_op_SpecAXISSideChannel, i32 %s_axis_video_V_data_V, i4 %s_axis_video_V_keep_V, i4 %s_axis_video_V_strb_V, i1 %s_axis_video_V_user_V, i1 %s_axis_video_V_last_V, i1 %s_axis_video_V_id_V, i1 %s_axis_video_V_dest_V, void @empty_14"   --->   Operation 32 'specaxissidechannel' 'specaxissidechannel_ln0' <Predicate = true> <Delay = 0.00>
ST_4 : Operation 33 [1/1] (0.00ns)   --->   "%specstablecontent_ln0 = specstablecontent void @_ssdm_op_SpecStableContent, i16 %height, void "   --->   Operation 33 'specstablecontent' 'specstablecontent_ln0' <Predicate = true> <Delay = 0.00>
ST_4 : Operation 34 [1/1] (0.00ns)   --->   "%specstablecontent_ln0 = specstablecontent void @_ssdm_op_SpecStableContent, i16 %width, void "   --->   Operation 34 'specstablecontent' 'specstablecontent_ln0' <Predicate = true> <Delay = 0.00>
ST_4 : Operation 35 [1/1] (0.00ns)   --->   "%specinterface_ln0 = specinterface void @_ssdm_op_SpecInterface, i30 %imgRgb, void @empty_12, i32 0, i32 0, void @empty_0, i32 0, i32 0, void @empty_0, void @empty_0, void @empty_0, i32 0, i32 0, i32 0, i32 0, void @empty_0, void @empty_0, i32 4294967295, i32 0"   --->   Operation 35 'specinterface' 'specinterface_ln0' <Predicate = true> <Delay = 0.00>
ST_4 : Operation 36 [1/1] (0.00ns)   --->   "%specinterface_ln0 = specinterface void @_ssdm_op_SpecInterface, i1 %s_axis_video_V_dest_V, i1 %s_axis_video_V_id_V, i1 %s_axis_video_V_last_V, i1 %s_axis_video_V_user_V, i4 %s_axis_video_V_strb_V, i4 %s_axis_video_V_keep_V, i32 %s_axis_video_V_data_V, void @empty_10, i32 1, i32 1, void @empty_11, i32 0, i32 0, void @empty_0, void @empty_0, void @empty_0, i32 0, i32 0, i32 0, i32 0, void @empty_0, void @empty_0, i32 4294967295, i32 0"   --->   Operation 36 'specinterface' 'specinterface_ln0' <Predicate = true> <Delay = 0.00>
ST_4 : Operation 37 [1/2] (0.00ns)   --->   "%cols = call i13 @reg<unsigned short>, i13 %trunc_ln126" [C:/Users/Pie/Documents/Xilinx/CAM_20_V/CAM_20_V/release/release.runs/synth_1/prj/sol/.autopilot/db/v_gamma_lut.cpp:126]   --->   Operation 37 'call' 'cols' <Predicate = true> <Delay = 0.00> <CoreType = "Generic">   --->   Core 0 '' <Latency = 0> <II = 1> <Delay = 1.00> <Generic> <Opcode : >
ST_4 : Operation 38 [1/1] (0.00ns)   --->   "%axi_last_loc_load = load i1 %axi_last_loc"   --->   Operation 38 'load' 'axi_last_loc_load' <Predicate = true> <Delay = 0.00>
ST_4 : Operation 39 [1/1] (0.00ns)   --->   "%empty_51 = wait i32 @_ssdm_op_Wait"   --->   Operation 39 'wait' 'empty_51' <Predicate = true> <Delay = 0.00>
ST_4 : Operation 40 [1/1] (1.53ns)   --->   "%cmp10147 = icmp_eq  i13 %cols, i13 0" [C:/Users/Pie/Documents/Xilinx/CAM_20_V/CAM_20_V/release/release.runs/synth_1/prj/sol/.autopilot/db/v_gamma_lut.cpp:126]   --->   Operation 40 'icmp' 'cmp10147' <Predicate = true> <Delay = 1.53> <CoreInst = "Cmp">   --->   Core 9 'Cmp' <Latency = 0> <II = 1> <Delay = 1.53> <FuncUnit> <Opcode : 'icmp'> <InPorts = 2> <OutPorts = 1>
ST_4 : Operation 41 [1/1] (1.29ns)   --->   "%br_ln143 = br void %loop_width" [C:/Users/Pie/Documents/Xilinx/CAM_20_V/CAM_20_V/release/release.runs/synth_1/prj/sol/.autopilot/db/v_gamma_lut.cpp:143]   --->   Operation 41 'br' 'br_ln143' <Predicate = true> <Delay = 1.29>

State 5 <SV = 4> <Delay = 1.54>
ST_5 : Operation 42 [1/1] (0.00ns)   --->   "%i_4 = load i12 %i" [C:/Users/Pie/Documents/Xilinx/CAM_20_V/CAM_20_V/release/release.runs/synth_1/prj/sol/.autopilot/db/v_gamma_lut.cpp:143]   --->   Operation 42 'load' 'i_4' <Predicate = true> <Delay = 0.00>
ST_5 : Operation 43 [1/1] (1.54ns)   --->   "%icmp_ln143 = icmp_eq  i12 %i_4, i12 %trunc_ln126_1" [C:/Users/Pie/Documents/Xilinx/CAM_20_V/CAM_20_V/release/release.runs/synth_1/prj/sol/.autopilot/db/v_gamma_lut.cpp:143]   --->   Operation 43 'icmp' 'icmp_ln143' <Predicate = true> <Delay = 1.54> <CoreInst = "Cmp">   --->   Core 9 'Cmp' <Latency = 0> <II = 1> <Delay = 1.54> <FuncUnit> <Opcode : 'icmp'> <InPorts = 2> <OutPorts = 1>
ST_5 : Operation 44 [1/1] (1.54ns)   --->   "%i_5 = add i12 %i_4, i12 1" [C:/Users/Pie/Documents/Xilinx/CAM_20_V/CAM_20_V/release/release.runs/synth_1/prj/sol/.autopilot/db/v_gamma_lut.cpp:143]   --->   Operation 44 'add' 'i_5' <Predicate = true> <Delay = 1.54> <CoreInst = "Adder">   --->   Core 1 'Adder' <Latency = 0> <II = 1> <Delay = 1.54> <FuncUnit> <Opcode : 'add' 'sub'> <InPorts = 2> <OutPorts = 1>

State 6 <SV = 5> <Delay = 3.39>
ST_6 : Operation 45 [1/1] (0.00ns)   --->   "%axi_last_2 = phi i1 %axi_last_loc_load, void %entry, i1 %axi_last_4_loc_load, void %loop_wait_for_eol"   --->   Operation 45 'phi' 'axi_last_2' <Predicate = true> <Delay = 0.00>
ST_6 : Operation 46 [1/1] (0.00ns)   --->   "%axi_data = load i30 %axi_data_2"   --->   Operation 46 'load' 'axi_data' <Predicate = true> <Delay = 0.00>
ST_6 : Operation 47 [1/1] (0.00ns)   --->   "%speclooptripcount_ln0 = speclooptripcount void @_ssdm_op_SpecLoopTripCount, i64 0, i64 3072, i64 0"   --->   Operation 47 'speclooptripcount' 'speclooptripcount_ln0' <Predicate = true> <Delay = 0.00>
ST_6 : Operation 48 [1/1] (0.00ns)   --->   "%br_ln143 = br i1 %icmp_ln143, void %loop_width.split, void %for.end49.loopexit" [C:/Users/Pie/Documents/Xilinx/CAM_20_V/CAM_20_V/release/release.runs/synth_1/prj/sol/.autopilot/db/v_gamma_lut.cpp:143]   --->   Operation 48 'br' 'br_ln143' <Predicate = true> <Delay = 0.00>
ST_6 : Operation 49 [1/1] (0.00ns)   --->   "%specloopname_ln143 = specloopname void @_ssdm_op_SpecLoopName, void @empty_17" [C:/Users/Pie/Documents/Xilinx/CAM_20_V/CAM_20_V/release/release.runs/synth_1/prj/sol/.autopilot/db/v_gamma_lut.cpp:143]   --->   Operation 49 'specloopname' 'specloopname_ln143' <Predicate = (!icmp_ln143)> <Delay = 0.00>
ST_6 : Operation 50 [1/1] (1.29ns)   --->   "%br_ln146 = br i1 %cmp10147, void %for.body12.preheader, void %loop_wait_for_eol" [C:/Users/Pie/Documents/Xilinx/CAM_20_V/CAM_20_V/release/release.runs/synth_1/prj/sol/.autopilot/db/v_gamma_lut.cpp:146]   --->   Operation 50 'br' 'br_ln146' <Predicate = (!icmp_ln143)> <Delay = 1.29>
ST_6 : Operation 51 [1/1] (0.00ns)   --->   "%sof_load = load i1 %sof"   --->   Operation 51 'load' 'sof_load' <Predicate = (!icmp_ln143 & !cmp10147)> <Delay = 0.00>
ST_6 : Operation 52 [1/1] (0.00ns)   --->   "%empty_52 = wait i32 @_ssdm_op_Wait"   --->   Operation 52 'wait' 'empty_52' <Predicate = (!icmp_ln143 & !cmp10147)> <Delay = 0.00>
ST_6 : Operation 53 [2/2] (3.39ns)   --->   "%call_ln126 = call void @AXIvideo2MultiPixStream_Pipeline_loop_width, i1 %sof_load, i1 %axi_last_2, i30 %axi_data, i13 %cols, i30 %imgRgb, i32 %s_axis_video_V_data_V, i4 %s_axis_video_V_keep_V, i4 %s_axis_video_V_strb_V, i1 %s_axis_video_V_user_V, i1 %s_axis_video_V_last_V, i1 %s_axis_video_V_id_V, i1 %s_axis_video_V_dest_V, i1 %eol_loc, i30 %axi_data_3_loc" [C:/Users/Pie/Documents/Xilinx/CAM_20_V/CAM_20_V/release/release.runs/synth_1/prj/sol/.autopilot/db/v_gamma_lut.cpp:126]   --->   Operation 53 'call' 'call_ln126' <Predicate = (!icmp_ln143 & !cmp10147)> <Delay = 3.39> <CoreType = "Generic">   --->   Core 0 '' <Latency = 0> <II = 1> <Delay = 1.00> <Generic> <Opcode : >
ST_6 : Operation 54 [1/1] (0.00ns)   --->   "%ret_ln0 = ret"   --->   Operation 54 'ret' 'ret_ln0' <Predicate = (icmp_ln143)> <Delay = 0.00>

State 7 <SV = 6> <Delay = 2.83>
ST_7 : Operation 55 [1/2] (2.83ns)   --->   "%call_ln126 = call void @AXIvideo2MultiPixStream_Pipeline_loop_width, i1 %sof_load, i1 %axi_last_2, i30 %axi_data, i13 %cols, i30 %imgRgb, i32 %s_axis_video_V_data_V, i4 %s_axis_video_V_keep_V, i4 %s_axis_video_V_strb_V, i1 %s_axis_video_V_user_V, i1 %s_axis_video_V_last_V, i1 %s_axis_video_V_id_V, i1 %s_axis_video_V_dest_V, i1 %eol_loc, i30 %axi_data_3_loc" [C:/Users/Pie/Documents/Xilinx/CAM_20_V/CAM_20_V/release/release.runs/synth_1/prj/sol/.autopilot/db/v_gamma_lut.cpp:126]   --->   Operation 55 'call' 'call_ln126' <Predicate = true> <Delay = 2.83> <CoreType = "Generic">   --->   Core 0 '' <Latency = 0> <II = 1> <Delay = 1.00> <Generic> <Opcode : >

State 8 <SV = 7> <Delay = 1.29>
ST_8 : Operation 56 [1/1] (0.00ns)   --->   "%eol_loc_load = load i1 %eol_loc"   --->   Operation 56 'load' 'eol_loc_load' <Predicate = (!cmp10147)> <Delay = 0.00>
ST_8 : Operation 57 [1/1] (0.00ns)   --->   "%axi_data_3_loc_load = load i30 %axi_data_3_loc"   --->   Operation 57 'load' 'axi_data_3_loc_load' <Predicate = (!cmp10147)> <Delay = 0.00>
ST_8 : Operation 58 [1/1] (0.00ns)   --->   "%empty_53 = wait i32 @_ssdm_op_Wait"   --->   Operation 58 'wait' 'empty_53' <Predicate = (!cmp10147)> <Delay = 0.00>
ST_8 : Operation 59 [1/1] (1.29ns)   --->   "%store_ln0 = store i1 0, i1 %sof"   --->   Operation 59 'store' 'store_ln0' <Predicate = (!cmp10147)> <Delay = 1.29>
ST_8 : Operation 60 [1/1] (1.29ns)   --->   "%br_ln0 = br void %loop_wait_for_eol"   --->   Operation 60 'br' 'br_ln0' <Predicate = (!cmp10147)> <Delay = 1.29>
ST_8 : Operation 61 [1/1] (1.29ns)   --->   "%store_ln143 = store i12 %i_5, i12 %i" [C:/Users/Pie/Documents/Xilinx/CAM_20_V/CAM_20_V/release/release.runs/synth_1/prj/sol/.autopilot/db/v_gamma_lut.cpp:143]   --->   Operation 61 'store' 'store_ln143' <Predicate = true> <Delay = 1.29>

State 9 <SV = 8> <Delay = 2.59>
ST_9 : Operation 62 [1/1] (0.00ns)   --->   "%axi_data_2_lcssa = phi i30 %axi_data_3_loc_load, void %for.body12.preheader, i30 %axi_data, void %loop_width.split"   --->   Operation 62 'phi' 'axi_data_2_lcssa' <Predicate = true> <Delay = 0.00>
ST_9 : Operation 63 [1/1] (0.00ns)   --->   "%axi_last_2_lcssa = phi i1 %eol_loc_load, void %for.body12.preheader, i1 %axi_last_2, void %loop_width.split"   --->   Operation 63 'phi' 'axi_last_2_lcssa' <Predicate = true> <Delay = 0.00>
ST_9 : Operation 64 [1/1] (0.00ns)   --->   "%eol_0_lcssa = phi i1 %eol_loc_load, void %for.body12.preheader, i1 0, void %loop_width.split"   --->   Operation 64 'phi' 'eol_0_lcssa' <Predicate = true> <Delay = 0.00>
ST_9 : Operation 65 [1/1] (0.00ns)   --->   "%empty_54 = wait i32 @_ssdm_op_Wait"   --->   Operation 65 'wait' 'empty_54' <Predicate = true> <Delay = 0.00>
ST_9 : Operation 66 [2/2] (2.59ns)   --->   "%call_ln0 = call void @AXIvideo2MultiPixStream_Pipeline_loop_wait_for_eol, i30 %axi_data_2_lcssa, i1 %axi_last_2_lcssa, i1 %eol_0_lcssa, i32 %s_axis_video_V_data_V, i4 %s_axis_video_V_keep_V, i4 %s_axis_video_V_strb_V, i1 %s_axis_video_V_user_V, i1 %s_axis_video_V_last_V, i1 %s_axis_video_V_id_V, i1 %s_axis_video_V_dest_V, i30 %axi_data_2, i1 %axi_last_4_loc"   --->   Operation 66 'call' 'call_ln0' <Predicate = true> <Delay = 2.59> <CoreType = "Generic">   --->   Core 0 '' <Latency = 0> <II = 1> <Delay = 1.00> <Generic> <Opcode : >

State 10 <SV = 9> <Delay = 1.29>
ST_10 : Operation 67 [1/2] (1.29ns)   --->   "%call_ln0 = call void @AXIvideo2MultiPixStream_Pipeline_loop_wait_for_eol, i30 %axi_data_2_lcssa, i1 %axi_last_2_lcssa, i1 %eol_0_lcssa, i32 %s_axis_video_V_data_V, i4 %s_axis_video_V_keep_V, i4 %s_axis_video_V_strb_V, i1 %s_axis_video_V_user_V, i1 %s_axis_video_V_last_V, i1 %s_axis_video_V_id_V, i1 %s_axis_video_V_dest_V, i30 %axi_data_2, i1 %axi_last_4_loc"   --->   Operation 67 'call' 'call_ln0' <Predicate = true> <Delay = 1.29> <CoreType = "Generic">   --->   Core 0 '' <Latency = 0> <II = 1> <Delay = 1.00> <Generic> <Opcode : >

State 11 <SV = 10> <Delay = 0.00>
ST_11 : Operation 68 [1/1] (0.00ns)   --->   "%axi_last_4_loc_load = load i1 %axi_last_4_loc"   --->   Operation 68 'load' 'axi_last_4_loc_load' <Predicate = true> <Delay = 0.00>
ST_11 : Operation 69 [1/1] (0.00ns)   --->   "%br_ln143 = br void %loop_width" [C:/Users/Pie/Documents/Xilinx/CAM_20_V/CAM_20_V/release/release.runs/synth_1/prj/sol/.autopilot/db/v_gamma_lut.cpp:143]   --->   Operation 69 'br' 'br_ln143' <Predicate = true> <Delay = 0.00>


============================================================
+ Verbose Summary: Binding
============================================================
STG Binding: 
---------------- STG Properties BEGIN ----------------
- Is combinational: 0
- Is one-state seq: 0
- Is datapath-only: 0
- Is pipelined: 0
- Is top level: 0
Port [ Return ] is wired: 1; IO mode=ap_ctrl_hs:ce=0
Port [ s_axis_video_V_data_V]:  wired=1; compound=1; hidden=0; nouse=0; global=0; static=0; extern=0; dir=0; type=0; pingpong=0; private_global=0; IO mode=axis:ce=0
Port [ s_axis_video_V_keep_V]:  wired=1; compound=1; hidden=0; nouse=0; global=0; static=0; extern=0; dir=0; type=0; pingpong=0; private_global=0; IO mode=axis:ce=0
Port [ s_axis_video_V_strb_V]:  wired=1; compound=1; hidden=0; nouse=0; global=0; static=0; extern=0; dir=0; type=0; pingpong=0; private_global=0; IO mode=axis:ce=0
Port [ s_axis_video_V_user_V]:  wired=1; compound=1; hidden=0; nouse=0; global=0; static=0; extern=0; dir=0; type=0; pingpong=0; private_global=0; IO mode=axis:ce=0
Port [ s_axis_video_V_last_V]:  wired=1; compound=1; hidden=0; nouse=0; global=0; static=0; extern=0; dir=0; type=0; pingpong=0; private_global=0; IO mode=axis:ce=0
Port [ s_axis_video_V_id_V]:  wired=1; compound=1; hidden=0; nouse=0; global=0; static=0; extern=0; dir=0; type=0; pingpong=0; private_global=0; IO mode=axis:ce=0
Port [ s_axis_video_V_dest_V]:  wired=1; compound=1; hidden=0; nouse=0; global=0; static=0; extern=0; dir=0; type=0; pingpong=0; private_global=0; IO mode=axis:ce=0
Port [ imgRgb]:  wired=1; compound=1; hidden=0; nouse=0; global=0; static=0; extern=0; dir=1; type=3; pingpong=0; private_global=0; IO mode=ap_fifo:ce=0
Port [ height]:  wired=1; compound=0; hidden=0; nouse=0; global=0; static=0; extern=0; dir=0; type=0; pingpong=0; private_global=0; IO mode=ap_none:ce=0
Port [ width]:  wired=1; compound=0; hidden=0; nouse=0; global=0; static=0; extern=0; dir=0; type=0; pingpong=0; private_global=0; IO mode=ap_none:ce=0
---------------- STG Properties END ------------------

---------------- Datapath Model BEGIN ----------------

<LifeTime>
<method=bitvector/>
i                       (alloca             ) [ 011111111111]
axi_data_2              (alloca             ) [ 001111111111]
sof                     (alloca             ) [ 011111111111]
axi_last_4_loc          (alloca             ) [ 001111111111]
axi_data_3_loc          (alloca             ) [ 001111111111]
eol_loc                 (alloca             ) [ 001111111111]
axi_last_loc            (alloca             ) [ 001110000000]
height_read             (read               ) [ 000000000000]
trunc_ln125             (trunc              ) [ 000000000000]
width_read              (read               ) [ 000000000000]
trunc_ln126             (trunc              ) [ 001100000000]
store_ln143             (store              ) [ 000000000000]
store_ln143             (store              ) [ 000000000000]
rows                    (call               ) [ 000000000000]
empty                   (wait               ) [ 000000000000]
trunc_ln126_1           (trunc              ) [ 000111111111]
call_ln0                (call               ) [ 000000000000]
specaxissidechannel_ln0 (specaxissidechannel) [ 000000000000]
specstablecontent_ln0   (specstablecontent  ) [ 000000000000]
specstablecontent_ln0   (specstablecontent  ) [ 000000000000]
specinterface_ln0       (specinterface      ) [ 000000000000]
specinterface_ln0       (specinterface      ) [ 000000000000]
cols                    (call               ) [ 000001111111]
axi_last_loc_load       (load               ) [ 000011111111]
empty_51                (wait               ) [ 000000000000]
cmp10147                (icmp               ) [ 000001111111]
br_ln143                (br                 ) [ 000011111111]
i_4                     (load               ) [ 000000000000]
icmp_ln143              (icmp               ) [ 000000100000]
i_5                     (add                ) [ 000000111000]
axi_last_2              (phi                ) [ 000001111100]
axi_data                (load               ) [ 000001111111]
speclooptripcount_ln0   (speclooptripcount  ) [ 000000000000]
br_ln143                (br                 ) [ 000000000000]
specloopname_ln143      (specloopname       ) [ 000000000000]
br_ln146                (br                 ) [ 000001111111]
sof_load                (load               ) [ 000000010000]
empty_52                (wait               ) [ 000000000000]
ret_ln0                 (ret                ) [ 000000000000]
call_ln126              (call               ) [ 000000000000]
eol_loc_load            (load               ) [ 000001111111]
axi_data_3_loc_load     (load               ) [ 000001111111]
empty_53                (wait               ) [ 000000000000]
store_ln0               (store              ) [ 000000000000]
br_ln0                  (br                 ) [ 000001111111]
store_ln143             (store              ) [ 000000000000]
axi_data_2_lcssa        (phi                ) [ 000000000110]
axi_last_2_lcssa        (phi                ) [ 000000000110]
eol_0_lcssa             (phi                ) [ 000000000110]
empty_54                (wait               ) [ 000000000000]
call_ln0                (call               ) [ 000000000000]
axi_last_4_loc_load     (load               ) [ 000011111111]
br_ln143                (br                 ) [ 000011111111]
</LifeTime>

<model>

<comp_list>
<comp id="0" class="1000" name="s_axis_video_V_data_V">
<pin_list>
<pin id="1" dir="1" index="0" bw="1" slack="0"/>
</pin_list>
<bind>
<StgValue><ssdm name="s_axis_video_V_data_V"/></StgValue>
</bind>
</comp>

<comp id="2" class="1000" name="s_axis_video_V_keep_V">
<pin_list>
<pin id="3" dir="1" index="0" bw="1" slack="0"/>
</pin_list>
<bind>
<StgValue><ssdm name="s_axis_video_V_keep_V"/></StgValue>
</bind>
</comp>

<comp id="4" class="1000" name="s_axis_video_V_strb_V">
<pin_list>
<pin id="5" dir="1" index="0" bw="1" slack="0"/>
</pin_list>
<bind>
<StgValue><ssdm name="s_axis_video_V_strb_V"/></StgValue>
</bind>
</comp>

<comp id="6" class="1000" name="s_axis_video_V_user_V">
<pin_list>
<pin id="7" dir="1" index="0" bw="1" slack="0"/>
</pin_list>
<bind>
<StgValue><ssdm name="s_axis_video_V_user_V"/></StgValue>
</bind>
</comp>

<comp id="8" class="1000" name="s_axis_video_V_last_V">
<pin_list>
<pin id="9" dir="1" index="0" bw="1" slack="0"/>
</pin_list>
<bind>
<StgValue><ssdm name="s_axis_video_V_last_V"/></StgValue>
</bind>
</comp>

<comp id="10" class="1000" name="s_axis_video_V_id_V">
<pin_list>
<pin id="11" dir="1" index="0" bw="1" slack="0"/>
</pin_list>
<bind>
<StgValue><ssdm name="s_axis_video_V_id_V"/></StgValue>
</bind>
</comp>

<comp id="12" class="1000" name="s_axis_video_V_dest_V">
<pin_list>
<pin id="13" dir="1" index="0" bw="1" slack="0"/>
</pin_list>
<bind>
<StgValue><ssdm name="s_axis_video_V_dest_V"/></StgValue>
</bind>
</comp>

<comp id="14" class="1000" name="imgRgb">
<pin_list>
<pin id="15" dir="1" index="0" bw="1" slack="0"/>
</pin_list>
<bind>
<StgValue><ssdm name="imgRgb"/></StgValue>
</bind>
</comp>

<comp id="16" class="1000" name="height">
<pin_list>
<pin id="17" dir="1" index="0" bw="1" slack="0"/>
</pin_list>
<bind>
<StgValue><ssdm name="height"/></StgValue>
</bind>
</comp>

<comp id="18" class="1000" name="width">
<pin_list>
<pin id="19" dir="1" index="0" bw="1" slack="0"/>
</pin_list>
<bind>
<StgValue><ssdm name="width"/></StgValue>
</bind>
</comp>

<comp id="20" class="1001" name="const_20">
<pin_list>
<pin id="21" dir="1" index="0" bw="1" slack="0"/>
</pin_list>
<bind>
<StgValue><ssdm name=""/></StgValue>
</bind>
</comp>

<comp id="22" class="1001" name="const_22">
<pin_list>
<pin id="23" dir="1" index="0" bw="1" slack="0"/>
</pin_list>
<bind>
<StgValue><ssdm name=""/></StgValue>
</bind>
</comp>

<comp id="24" class="1001" name="const_24">
<pin_list>
<pin id="25" dir="1" index="0" bw="1" slack="0"/>
</pin_list>
<bind>
<StgValue><ssdm name="_ssdm_op_Read.ap_auto.i16P0A"/></StgValue>
</bind>
</comp>

<comp id="26" class="1001" name="const_26">
<pin_list>
<pin id="27" dir="1" index="0" bw="1" slack="0"/>
</pin_list>
<bind>
<StgValue><ssdm name="reg<unsigned short>"/></StgValue>
</bind>
</comp>

<comp id="28" class="1001" name="const_28">
<pin_list>
<pin id="29" dir="1" index="0" bw="1" slack="0"/>
</pin_list>
<bind>
<StgValue><ssdm name=""/></StgValue>
</bind>
</comp>

<comp id="30" class="1001" name="const_30">
<pin_list>
<pin id="31" dir="1" index="0" bw="1" slack="0"/>
</pin_list>
<bind>
<StgValue><ssdm name=""/></StgValue>
</bind>
</comp>

<comp id="32" class="1001" name="const_32">
<pin_list>
<pin id="33" dir="1" index="0" bw="1" slack="2147483647"/>
</pin_list>
<bind>
<StgValue><ssdm name="_ssdm_op_Wait"/></StgValue>
</bind>
</comp>

<comp id="34" class="1001" name="const_34">
<pin_list>
<pin id="35" dir="1" index="0" bw="1" slack="0"/>
</pin_list>
<bind>
<StgValue><ssdm name="AXIvideo2MultiPixStream_Pipeline_loop_wait_for_start"/></StgValue>
</bind>
</comp>

<comp id="36" class="1001" name="const_36">
<pin_list>
<pin id="37" dir="1" index="0" bw="1" slack="2147483647"/>
</pin_list>
<bind>
<StgValue><ssdm name="_ssdm_op_SpecAXISSideChannel"/></StgValue>
</bind>
</comp>

<comp id="38" class="1001" name="const_38">
<pin_list>
<pin id="39" dir="1" index="0" bw="1" slack="2147483647"/>
</pin_list>
<bind>
<StgValue><ssdm name="empty_14"/></StgValue>
</bind>
</comp>

<comp id="40" class="1001" name="const_40">
<pin_list>
<pin id="41" dir="1" index="0" bw="1" slack="2147483647"/>
</pin_list>
<bind>
<StgValue><ssdm name="_ssdm_op_SpecStableContent"/></StgValue>
</bind>
</comp>

<comp id="42" class="1001" name="const_42">
<pin_list>
<pin id="43" dir="1" index="0" bw="1" slack="2147483647"/>
</pin_list>
<bind>
<StgValue><ssdm name=""/></StgValue>
</bind>
</comp>

<comp id="44" class="1001" name="const_44">
<pin_list>
<pin id="45" dir="1" index="0" bw="1" slack="2147483647"/>
</pin_list>
<bind>
<StgValue><ssdm name="_ssdm_op_SpecInterface"/></StgValue>
</bind>
</comp>

<comp id="46" class="1001" name="const_46">
<pin_list>
<pin id="47" dir="1" index="0" bw="1" slack="2147483647"/>
</pin_list>
<bind>
<StgValue><ssdm name="empty_12"/></StgValue>
</bind>
</comp>

<comp id="48" class="1001" name="const_48">
<pin_list>
<pin id="49" dir="1" index="0" bw="1" slack="2147483647"/>
</pin_list>
<bind>
<StgValue><ssdm name=""/></StgValue>
</bind>
</comp>

<comp id="50" class="1001" name="const_50">
<pin_list>
<pin id="51" dir="1" index="0" bw="1" slack="2147483647"/>
</pin_list>
<bind>
<StgValue><ssdm name="empty_0"/></StgValue>
</bind>
</comp>

<comp id="52" class="1001" name="const_52">
<pin_list>
<pin id="53" dir="1" index="0" bw="1" slack="2147483647"/>
</pin_list>
<bind>
<StgValue><ssdm name=""/></StgValue>
</bind>
</comp>

<comp id="54" class="1001" name="const_54">
<pin_list>
<pin id="55" dir="1" index="0" bw="1" slack="2147483647"/>
</pin_list>
<bind>
<StgValue><ssdm name="empty_10"/></StgValue>
</bind>
</comp>

<comp id="56" class="1001" name="const_56">
<pin_list>
<pin id="57" dir="1" index="0" bw="1" slack="2147483647"/>
</pin_list>
<bind>
<StgValue><ssdm name="empty_11"/></StgValue>
</bind>
</comp>

<comp id="58" class="1001" name="const_58">
<pin_list>
<pin id="59" dir="1" index="0" bw="1" slack="0"/>
</pin_list>
<bind>
<StgValue><ssdm name=""/></StgValue>
</bind>
</comp>

<comp id="60" class="1001" name="const_60">
<pin_list>
<pin id="61" dir="1" index="0" bw="1" slack="0"/>
</pin_list>
<bind>
<StgValue><ssdm name=""/></StgValue>
</bind>
</comp>

<comp id="62" class="1001" name="const_62">
<pin_list>
<pin id="63" dir="1" index="0" bw="1" slack="2147483647"/>
</pin_list>
<bind>
<StgValue><ssdm name="_ssdm_op_SpecLoopTripCount"/></StgValue>
</bind>
</comp>

<comp id="64" class="1001" name="const_64">
<pin_list>
<pin id="65" dir="1" index="0" bw="1" slack="2147483647"/>
</pin_list>
<bind>
<StgValue><ssdm name=""/></StgValue>
</bind>
</comp>

<comp id="66" class="1001" name="const_66">
<pin_list>
<pin id="67" dir="1" index="0" bw="1" slack="2147483647"/>
</pin_list>
<bind>
<StgValue><ssdm name=""/></StgValue>
</bind>
</comp>

<comp id="68" class="1001" name="const_68">
<pin_list>
<pin id="69" dir="1" index="0" bw="1" slack="2147483647"/>
</pin_list>
<bind>
<StgValue><ssdm name="_ssdm_op_SpecLoopName"/></StgValue>
</bind>
</comp>

<comp id="70" class="1001" name="const_70">
<pin_list>
<pin id="71" dir="1" index="0" bw="1" slack="2147483647"/>
</pin_list>
<bind>
<StgValue><ssdm name="empty_17"/></StgValue>
</bind>
</comp>

<comp id="72" class="1001" name="const_72">
<pin_list>
<pin id="73" dir="1" index="0" bw="1" slack="0"/>
</pin_list>
<bind>
<StgValue><ssdm name="AXIvideo2MultiPixStream_Pipeline_loop_width"/></StgValue>
</bind>
</comp>

<comp id="74" class="1001" name="const_74">
<pin_list>
<pin id="75" dir="1" index="0" bw="1" slack="0"/>
</pin_list>
<bind>
<StgValue><ssdm name=""/></StgValue>
</bind>
</comp>

<comp id="76" class="1001" name="const_76">
<pin_list>
<pin id="77" dir="1" index="0" bw="1" slack="0"/>
</pin_list>
<bind>
<StgValue><ssdm name="AXIvideo2MultiPixStream_Pipeline_loop_wait_for_eol"/></StgValue>
</bind>
</comp>

<comp id="78" class="1004" name="i_fu_78">
<pin_list>
<pin id="79" dir="0" index="0" bw="1" slack="0"/>
<pin id="80" dir="1" index="1" bw="12" slack="0"/>
</pin_list>
<bind>
<opcode="alloca(26) " fcode="alloca"/>
<opset="i/1 "/>
</bind>
</comp>

<comp id="82" class="1004" name="axi_data_2_fu_82">
<pin_list>
<pin id="83" dir="0" index="0" bw="1" slack="0"/>
<pin id="84" dir="1" index="1" bw="30" slack="1"/>
</pin_list>
<bind>
<opcode="alloca(26) " fcode="alloca"/>
<opset="axi_data_2/1 "/>
</bind>
</comp>

<comp id="86" class="1004" name="sof_fu_86">
<pin_list>
<pin id="87" dir="0" index="0" bw="1" slack="0"/>
<pin id="88" dir="1" index="1" bw="1" slack="0"/>
</pin_list>
<bind>
<opcode="alloca(26) " fcode="alloca"/>
<opset="sof/1 "/>
</bind>
</comp>

<comp id="90" class="1004" name="axi_last_4_loc_fu_90">
<pin_list>
<pin id="91" dir="0" index="0" bw="1" slack="0"/>
<pin id="92" dir="1" index="1" bw="1" slack="8"/>
</pin_list>
<bind>
<opcode="alloca(26) " fcode="alloca"/>
<opset="axi_last_4_loc/1 "/>
</bind>
</comp>

<comp id="94" class="1004" name="axi_data_3_loc_fu_94">
<pin_list>
<pin id="95" dir="0" index="0" bw="1" slack="0"/>
<pin id="96" dir="1" index="1" bw="30" slack="5"/>
</pin_list>
<bind>
<opcode="alloca(26) " fcode="alloca"/>
<opset="axi_data_3_loc/1 "/>
</bind>
</comp>

<comp id="98" class="1004" name="eol_loc_fu_98">
<pin_list>
<pin id="99" dir="0" index="0" bw="1" slack="0"/>
<pin id="100" dir="1" index="1" bw="1" slack="5"/>
</pin_list>
<bind>
<opcode="alloca(26) " fcode="alloca"/>
<opset="eol_loc/1 "/>
</bind>
</comp>

<comp id="102" class="1004" name="axi_last_loc_fu_102">
<pin_list>
<pin id="103" dir="0" index="0" bw="1" slack="0"/>
<pin id="104" dir="1" index="1" bw="1" slack="1"/>
</pin_list>
<bind>
<opcode="alloca(26) " fcode="alloca"/>
<opset="axi_last_loc/1 "/>
</bind>
</comp>

<comp id="106" class="1004" name="height_read_read_fu_106">
<pin_list>
<pin id="107" dir="0" index="0" bw="16" slack="0"/>
<pin id="108" dir="0" index="1" bw="16" slack="0"/>
<pin id="109" dir="1" index="2" bw="16" slack="0"/>
</pin_list>
<bind>
<opcode="read(1150) " fcode="read"/>
<opset="height_read/1 "/>
</bind>
</comp>

<comp id="112" class="1004" name="width_read_read_fu_112">
<pin_list>
<pin id="113" dir="0" index="0" bw="16" slack="0"/>
<pin id="114" dir="0" index="1" bw="16" slack="0"/>
<pin id="115" dir="1" index="2" bw="16" slack="0"/>
</pin_list>
<bind>
<opcode="read(1150) " fcode="read"/>
<opset="width_read/1 "/>
</bind>
</comp>

<comp id="118" class="1005" name="axi_last_2_reg_118">
<pin_list>
<pin id="119" dir="0" index="0" bw="1" slack="1"/>
<pin id="120" dir="1" index="1" bw="1" slack="3"/>
</pin_list>
<bind>
<opset="axi_last_2 (phireg) "/>
</bind>
</comp>

<comp id="121" class="1004" name="axi_last_2_phi_fu_121">
<pin_list>
<pin id="122" dir="0" index="0" bw="1" slack="2147483647"/>
<pin id="123" dir="0" index="1" bw="0" slack="2147483647"/>
<pin id="124" dir="0" index="2" bw="1" slack="2147483647"/>
<pin id="125" dir="0" index="3" bw="0" slack="2147483647"/>
<pin id="126" dir="1" index="4" bw="1" slack="0"/>
</pin_list>
<bind>
<opcode="phi(47) " fcode="phi"/>
<opset="axi_last_2/6 "/>
</bind>
</comp>

<comp id="128" class="1005" name="axi_data_2_lcssa_reg_128">
<pin_list>
<pin id="129" dir="0" index="0" bw="30" slack="1"/>
<pin id="130" dir="1" index="1" bw="30" slack="2147483647"/>
</pin_list>
<bind>
<opset="axi_data_2_lcssa (phireg) "/>
</bind>
</comp>

<comp id="131" class="1004" name="axi_data_2_lcssa_phi_fu_131">
<pin_list>
<pin id="132" dir="0" index="0" bw="30" slack="2147483647"/>
<pin id="133" dir="0" index="1" bw="0" slack="2147483647"/>
<pin id="134" dir="0" index="2" bw="30" slack="2147483647"/>
<pin id="135" dir="0" index="3" bw="0" slack="2147483647"/>
<pin id="136" dir="1" index="4" bw="30" slack="0"/>
</pin_list>
<bind>
<opcode="phi(47) " fcode="phi"/>
<opset="axi_data_2_lcssa/9 "/>
</bind>
</comp>

<comp id="138" class="1005" name="axi_last_2_lcssa_reg_138">
<pin_list>
<pin id="139" dir="0" index="0" bw="1" slack="1"/>
<pin id="140" dir="1" index="1" bw="1" slack="2147483647"/>
</pin_list>
<bind>
<opset="axi_last_2_lcssa (phireg) "/>
</bind>
</comp>

<comp id="141" class="1004" name="axi_last_2_lcssa_phi_fu_141">
<pin_list>
<pin id="142" dir="0" index="0" bw="1" slack="2147483647"/>
<pin id="143" dir="0" index="1" bw="0" slack="2147483647"/>
<pin id="144" dir="0" index="2" bw="1" slack="3"/>
<pin id="145" dir="0" index="3" bw="0" slack="2147483647"/>
<pin id="146" dir="1" index="4" bw="1" slack="0"/>
</pin_list>
<bind>
<opcode="phi(47) " fcode="phi"/>
<opset="axi_last_2_lcssa/9 "/>
</bind>
</comp>

<comp id="149" class="1005" name="eol_0_lcssa_reg_149">
<pin_list>
<pin id="150" dir="0" index="0" bw="1" slack="1"/>
<pin id="151" dir="1" index="1" bw="1" slack="3"/>
</pin_list>
<bind>
<opset="eol_0_lcssa (phireg) "/>
</bind>
</comp>

<comp id="153" class="1004" name="eol_0_lcssa_phi_fu_153">
<pin_list>
<pin id="154" dir="0" index="0" bw="1" slack="2147483647"/>
<pin id="155" dir="0" index="1" bw="0" slack="2147483647"/>
<pin id="156" dir="0" index="2" bw="1" slack="3"/>
<pin id="157" dir="0" index="3" bw="0" slack="2147483647"/>
<pin id="158" dir="1" index="4" bw="1" slack="0"/>
</pin_list>
<bind>
<opcode="phi(47) " fcode="phi"/>
<opset="eol_0_lcssa/9 "/>
</bind>
</comp>

<comp id="161" class="1004" name="grp_AXIvideo2MultiPixStream_Pipeline_loop_wait_for_start_fu_161">
<pin_list>
<pin id="162" dir="0" index="0" bw="0" slack="0"/>
<pin id="163" dir="0" index="1" bw="32" slack="0"/>
<pin id="164" dir="0" index="2" bw="4" slack="0"/>
<pin id="165" dir="0" index="3" bw="4" slack="0"/>
<pin id="166" dir="0" index="4" bw="1" slack="0"/>
<pin id="167" dir="0" index="5" bw="1" slack="0"/>
<pin id="168" dir="0" index="6" bw="1" slack="0"/>
<pin id="169" dir="0" index="7" bw="1" slack="0"/>
<pin id="170" dir="0" index="8" bw="30" slack="1"/>
<pin id="171" dir="0" index="9" bw="1" slack="1"/>
<pin id="172" dir="1" index="10" bw="0" slack="2147483647"/>
</pin_list>
<bind>
<opcode="call(48) " fcode="call"/>
<opset="call_ln0/2 "/>
</bind>
</comp>

<comp id="181" class="1004" name="grp_AXIvideo2MultiPixStream_Pipeline_loop_width_fu_181">
<pin_list>
<pin id="182" dir="0" index="0" bw="0" slack="0"/>
<pin id="183" dir="0" index="1" bw="1" slack="0"/>
<pin id="184" dir="0" index="2" bw="1" slack="0"/>
<pin id="185" dir="0" index="3" bw="30" slack="0"/>
<pin id="186" dir="0" index="4" bw="13" slack="2"/>
<pin id="187" dir="0" index="5" bw="30" slack="0"/>
<pin id="188" dir="0" index="6" bw="32" slack="0"/>
<pin id="189" dir="0" index="7" bw="4" slack="0"/>
<pin id="190" dir="0" index="8" bw="4" slack="0"/>
<pin id="191" dir="0" index="9" bw="1" slack="0"/>
<pin id="192" dir="0" index="10" bw="1" slack="0"/>
<pin id="193" dir="0" index="11" bw="1" slack="0"/>
<pin id="194" dir="0" index="12" bw="1" slack="0"/>
<pin id="195" dir="0" index="13" bw="1" slack="5"/>
<pin id="196" dir="0" index="14" bw="30" slack="5"/>
<pin id="197" dir="1" index="15" bw="0" slack="2147483647"/>
</pin_list>
<bind>
<opcode="call(48) " fcode="call"/>
<opset="call_ln126/6 "/>
</bind>
</comp>

<comp id="208" class="1004" name="grp_AXIvideo2MultiPixStream_Pipeline_loop_wait_for_eol_fu_208">
<pin_list>
<pin id="209" dir="0" index="0" bw="0" slack="0"/>
<pin id="210" dir="0" index="1" bw="30" slack="0"/>
<pin id="211" dir="0" index="2" bw="1" slack="0"/>
<pin id="212" dir="0" index="3" bw="1" slack="0"/>
<pin id="213" dir="0" index="4" bw="32" slack="0"/>
<pin id="214" dir="0" index="5" bw="4" slack="0"/>
<pin id="215" dir="0" index="6" bw="4" slack="0"/>
<pin id="216" dir="0" index="7" bw="1" slack="0"/>
<pin id="217" dir="0" index="8" bw="1" slack="0"/>
<pin id="218" dir="0" index="9" bw="1" slack="0"/>
<pin id="219" dir="0" index="10" bw="1" slack="0"/>
<pin id="220" dir="0" index="11" bw="30" slack="8"/>
<pin id="221" dir="0" index="12" bw="1" slack="8"/>
<pin id="222" dir="1" index="13" bw="0" slack="2147483647"/>
</pin_list>
<bind>
<opcode="call(48) " fcode="call"/>
<opset="call_ln0/9 "/>
</bind>
</comp>

<comp id="234" class="1004" name="trunc_ln125_fu_234">
<pin_list>
<pin id="235" dir="0" index="0" bw="16" slack="0"/>
<pin id="236" dir="1" index="1" bw="13" slack="0"/>
</pin_list>
<bind>
<opcode="trunc(33) " fcode="trunc"/>
<opset="trunc_ln125/1 "/>
</bind>
</comp>

<comp id="238" class="1004" name="grp_reg_unsigned_short_s_fu_238">
<pin_list>
<pin id="239" dir="0" index="0" bw="13" slack="0"/>
<pin id="240" dir="0" index="1" bw="13" slack="0"/>
<pin id="241" dir="1" index="2" bw="13" slack="0"/>
</pin_list>
<bind>
<opcode="call(48) " fcode="call"/>
<opset="rows/1 "/>
</bind>
</comp>

<comp id="244" class="1004" name="trunc_ln126_fu_244">
<pin_list>
<pin id="245" dir="0" index="0" bw="16" slack="0"/>
<pin id="246" dir="1" index="1" bw="13" slack="2"/>
</pin_list>
<bind>
<opcode="trunc(33) " fcode="trunc"/>
<opset="trunc_ln126/1 "/>
</bind>
</comp>

<comp id="248" class="1004" name="store_ln143_store_fu_248">
<pin_list>
<pin id="249" dir="0" index="0" bw="1" slack="0"/>
<pin id="250" dir="0" index="1" bw="1" slack="0"/>
<pin id="251" dir="1" index="2" bw="0" slack="2147483647"/>
</pin_list>
<bind>
<opcode="store(28) " fcode="store"/>
<opset="store_ln143/1 "/>
</bind>
</comp>

<comp id="253" class="1004" name="store_ln143_store_fu_253">
<pin_list>
<pin id="254" dir="0" index="0" bw="1" slack="0"/>
<pin id="255" dir="0" index="1" bw="12" slack="0"/>
<pin id="256" dir="1" index="2" bw="0" slack="2147483647"/>
</pin_list>
<bind>
<opcode="store(28) " fcode="store"/>
<opset="store_ln143/1 "/>
</bind>
</comp>

<comp id="258" class="1004" name="trunc_ln126_1_fu_258">
<pin_list>
<pin id="259" dir="0" index="0" bw="13" slack="0"/>
<pin id="260" dir="1" index="1" bw="12" slack="3"/>
</pin_list>
<bind>
<opcode="trunc(33) " fcode="trunc"/>
<opset="trunc_ln126_1/2 "/>
</bind>
</comp>

<comp id="262" class="1004" name="grp_reg_unsigned_short_s_fu_262">
<pin_list>
<pin id="263" dir="0" index="0" bw="13" slack="0"/>
<pin id="264" dir="0" index="1" bw="13" slack="2"/>
<pin id="265" dir="1" index="2" bw="13" slack="0"/>
</pin_list>
<bind>
<opcode="call(48) " fcode="call"/>
<opset="cols/3 "/>
</bind>
</comp>

<comp id="267" class="1004" name="axi_last_loc_load_load_fu_267">
<pin_list>
<pin id="268" dir="0" index="0" bw="1" slack="3"/>
<pin id="269" dir="1" index="1" bw="1" slack="2147483647"/>
</pin_list>
<bind>
<opcode="load(27) " fcode="load"/>
<opset="axi_last_loc_load/4 "/>
</bind>
</comp>

<comp id="270" class="1004" name="cmp10147_fu_270">
<pin_list>
<pin id="271" dir="0" index="0" bw="13" slack="0"/>
<pin id="272" dir="0" index="1" bw="13" slack="0"/>
<pin id="273" dir="1" index="2" bw="1" slack="2"/>
</pin_list>
<bind>
<opcode="icmp(45) " fcode="icmp"/>
<opset="cmp10147/4 "/>
</bind>
</comp>

<comp id="276" class="1004" name="i_4_load_fu_276">
<pin_list>
<pin id="277" dir="0" index="0" bw="12" slack="4"/>
<pin id="278" dir="1" index="1" bw="12" slack="0"/>
</pin_list>
<bind>
<opcode="load(27) " fcode="load"/>
<opset="i_4/5 "/>
</bind>
</comp>

<comp id="279" class="1004" name="icmp_ln143_fu_279">
<pin_list>
<pin id="280" dir="0" index="0" bw="12" slack="0"/>
<pin id="281" dir="0" index="1" bw="12" slack="3"/>
<pin id="282" dir="1" index="2" bw="1" slack="1"/>
</pin_list>
<bind>
<opcode="icmp(45) " fcode="icmp"/>
<opset="icmp_ln143/5 "/>
</bind>
</comp>

<comp id="284" class="1004" name="i_5_fu_284">
<pin_list>
<pin id="285" dir="0" index="0" bw="12" slack="0"/>
<pin id="286" dir="0" index="1" bw="1" slack="0"/>
<pin id="287" dir="1" index="2" bw="12" slack="3"/>
</pin_list>
<bind>
<opcode="add(8) " fcode="add"/>
<opset="i_5/5 "/>
</bind>
</comp>

<comp id="290" class="1004" name="axi_data_load_fu_290">
<pin_list>
<pin id="291" dir="0" index="0" bw="30" slack="5"/>
<pin id="292" dir="1" index="1" bw="30" slack="0"/>
</pin_list>
<bind>
<opcode="load(27) " fcode="load"/>
<opset="axi_data/6 "/>
</bind>
</comp>

<comp id="294" class="1004" name="sof_load_load_fu_294">
<pin_list>
<pin id="295" dir="0" index="0" bw="1" slack="5"/>
<pin id="296" dir="1" index="1" bw="1" slack="0"/>
</pin_list>
<bind>
<opcode="load(27) " fcode="load"/>
<opset="sof_load/6 "/>
</bind>
</comp>

<comp id="298" class="1004" name="eol_loc_load_load_fu_298">
<pin_list>
<pin id="299" dir="0" index="0" bw="1" slack="7"/>
<pin id="300" dir="1" index="1" bw="1" slack="2147483647"/>
</pin_list>
<bind>
<opcode="load(27) " fcode="load"/>
<opset="eol_loc_load/8 "/>
</bind>
</comp>

<comp id="301" class="1004" name="axi_data_3_loc_load_load_fu_301">
<pin_list>
<pin id="302" dir="0" index="0" bw="30" slack="7"/>
<pin id="303" dir="1" index="1" bw="30" slack="2147483647"/>
</pin_list>
<bind>
<opcode="load(27) " fcode="load"/>
<opset="axi_data_3_loc_load/8 "/>
</bind>
</comp>

<comp id="304" class="1004" name="store_ln0_store_fu_304">
<pin_list>
<pin id="305" dir="0" index="0" bw="1" slack="0"/>
<pin id="306" dir="0" index="1" bw="1" slack="7"/>
<pin id="307" dir="1" index="2" bw="0" slack="2147483647"/>
</pin_list>
<bind>
<opcode="store(28) " fcode="store"/>
<opset="store_ln0/8 "/>
</bind>
</comp>

<comp id="309" class="1004" name="store_ln143_store_fu_309">
<pin_list>
<pin id="310" dir="0" index="0" bw="12" slack="3"/>
<pin id="311" dir="0" index="1" bw="12" slack="7"/>
<pin id="312" dir="1" index="2" bw="0" slack="2147483647"/>
</pin_list>
<bind>
<opcode="store(28) " fcode="store"/>
<opset="store_ln143/8 "/>
</bind>
</comp>

<comp id="313" class="1004" name="axi_last_4_loc_load_load_fu_313">
<pin_list>
<pin id="314" dir="0" index="0" bw="1" slack="10"/>
<pin id="315" dir="1" index="1" bw="1" slack="2147483647"/>
</pin_list>
<bind>
<opcode="load(27) " fcode="load"/>
<opset="axi_last_4_loc_load/11 "/>
</bind>
</comp>

<comp id="316" class="1005" name="i_reg_316">
<pin_list>
<pin id="317" dir="0" index="0" bw="12" slack="0"/>
<pin id="318" dir="1" index="1" bw="12" slack="0"/>
</pin_list>
<bind>
<opset="i "/>
</bind>
</comp>

<comp id="323" class="1005" name="axi_data_2_reg_323">
<pin_list>
<pin id="324" dir="0" index="0" bw="30" slack="1"/>
<pin id="325" dir="1" index="1" bw="30" slack="1"/>
</pin_list>
<bind>
<opset="axi_data_2 "/>
</bind>
</comp>

<comp id="330" class="1005" name="sof_reg_330">
<pin_list>
<pin id="331" dir="0" index="0" bw="1" slack="0"/>
<pin id="332" dir="1" index="1" bw="1" slack="0"/>
</pin_list>
<bind>
<opset="sof "/>
</bind>
</comp>

<comp id="337" class="1005" name="axi_last_4_loc_reg_337">
<pin_list>
<pin id="338" dir="0" index="0" bw="1" slack="8"/>
<pin id="339" dir="1" index="1" bw="1" slack="8"/>
</pin_list>
<bind>
<opset="axi_last_4_loc "/>
</bind>
</comp>

<comp id="343" class="1005" name="axi_data_3_loc_reg_343">
<pin_list>
<pin id="344" dir="0" index="0" bw="30" slack="5"/>
<pin id="345" dir="1" index="1" bw="30" slack="5"/>
</pin_list>
<bind>
<opset="axi_data_3_loc "/>
</bind>
</comp>

<comp id="349" class="1005" name="eol_loc_reg_349">
<pin_list>
<pin id="350" dir="0" index="0" bw="1" slack="5"/>
<pin id="351" dir="1" index="1" bw="1" slack="5"/>
</pin_list>
<bind>
<opset="eol_loc "/>
</bind>
</comp>

<comp id="355" class="1005" name="axi_last_loc_reg_355">
<pin_list>
<pin id="356" dir="0" index="0" bw="1" slack="1"/>
<pin id="357" dir="1" index="1" bw="1" slack="1"/>
</pin_list>
<bind>
<opset="axi_last_loc "/>
</bind>
</comp>

<comp id="361" class="1005" name="trunc_ln126_reg_361">
<pin_list>
<pin id="362" dir="0" index="0" bw="13" slack="2"/>
<pin id="363" dir="1" index="1" bw="13" slack="2"/>
</pin_list>
<bind>
<opset="trunc_ln126 "/>
</bind>
</comp>

<comp id="366" class="1005" name="trunc_ln126_1_reg_366">
<pin_list>
<pin id="367" dir="0" index="0" bw="12" slack="3"/>
<pin id="368" dir="1" index="1" bw="12" slack="3"/>
</pin_list>
<bind>
<opset="trunc_ln126_1 "/>
</bind>
</comp>

<comp id="371" class="1005" name="cols_reg_371">
<pin_list>
<pin id="372" dir="0" index="0" bw="13" slack="2"/>
<pin id="373" dir="1" index="1" bw="13" slack="2"/>
</pin_list>
<bind>
<opset="cols "/>
</bind>
</comp>

<comp id="379" class="1005" name="cmp10147_reg_379">
<pin_list>
<pin id="380" dir="0" index="0" bw="1" slack="2"/>
<pin id="381" dir="1" index="1" bw="1" slack="2147483647"/>
</pin_list>
<bind>
<opset="cmp10147 "/>
</bind>
</comp>

<comp id="383" class="1005" name="icmp_ln143_reg_383">
<pin_list>
<pin id="384" dir="0" index="0" bw="1" slack="1"/>
<pin id="385" dir="1" index="1" bw="1" slack="2147483647"/>
</pin_list>
<bind>
<opset="icmp_ln143 "/>
</bind>
</comp>

<comp id="387" class="1005" name="i_5_reg_387">
<pin_list>
<pin id="388" dir="0" index="0" bw="12" slack="3"/>
<pin id="389" dir="1" index="1" bw="12" slack="3"/>
</pin_list>
<bind>
<opset="i_5 "/>
</bind>
</comp>

</comp_list>

<net_list>
<net id="81"><net_src comp="20" pin="0"/><net_sink comp="78" pin=0"/></net>

<net id="85"><net_src comp="20" pin="0"/><net_sink comp="82" pin=0"/></net>

<net id="89"><net_src comp="20" pin="0"/><net_sink comp="86" pin=0"/></net>

<net id="93"><net_src comp="22" pin="0"/><net_sink comp="90" pin=0"/></net>

<net id="97"><net_src comp="22" pin="0"/><net_sink comp="94" pin=0"/></net>

<net id="101"><net_src comp="22" pin="0"/><net_sink comp="98" pin=0"/></net>

<net id="105"><net_src comp="22" pin="0"/><net_sink comp="102" pin=0"/></net>

<net id="110"><net_src comp="24" pin="0"/><net_sink comp="106" pin=0"/></net>

<net id="111"><net_src comp="16" pin="0"/><net_sink comp="106" pin=1"/></net>

<net id="116"><net_src comp="24" pin="0"/><net_sink comp="112" pin=0"/></net>

<net id="117"><net_src comp="18" pin="0"/><net_sink comp="112" pin=1"/></net>

<net id="127"><net_src comp="121" pin="4"/><net_sink comp="118" pin=0"/></net>

<net id="137"><net_src comp="131" pin="4"/><net_sink comp="128" pin=0"/></net>

<net id="147"><net_src comp="118" pin="1"/><net_sink comp="141" pin=2"/></net>

<net id="148"><net_src comp="141" pin="4"/><net_sink comp="138" pin=0"/></net>

<net id="152"><net_src comp="74" pin="0"/><net_sink comp="149" pin=0"/></net>

<net id="159"><net_src comp="149" pin="1"/><net_sink comp="153" pin=2"/></net>

<net id="160"><net_src comp="153" pin="4"/><net_sink comp="149" pin=0"/></net>

<net id="173"><net_src comp="34" pin="0"/><net_sink comp="161" pin=0"/></net>

<net id="174"><net_src comp="0" pin="0"/><net_sink comp="161" pin=1"/></net>

<net id="175"><net_src comp="2" pin="0"/><net_sink comp="161" pin=2"/></net>

<net id="176"><net_src comp="4" pin="0"/><net_sink comp="161" pin=3"/></net>

<net id="177"><net_src comp="6" pin="0"/><net_sink comp="161" pin=4"/></net>

<net id="178"><net_src comp="8" pin="0"/><net_sink comp="161" pin=5"/></net>

<net id="179"><net_src comp="10" pin="0"/><net_sink comp="161" pin=6"/></net>

<net id="180"><net_src comp="12" pin="0"/><net_sink comp="161" pin=7"/></net>

<net id="198"><net_src comp="72" pin="0"/><net_sink comp="181" pin=0"/></net>

<net id="199"><net_src comp="121" pin="4"/><net_sink comp="181" pin=2"/></net>

<net id="200"><net_src comp="14" pin="0"/><net_sink comp="181" pin=5"/></net>

<net id="201"><net_src comp="0" pin="0"/><net_sink comp="181" pin=6"/></net>

<net id="202"><net_src comp="2" pin="0"/><net_sink comp="181" pin=7"/></net>

<net id="203"><net_src comp="4" pin="0"/><net_sink comp="181" pin=8"/></net>

<net id="204"><net_src comp="6" pin="0"/><net_sink comp="181" pin=9"/></net>

<net id="205"><net_src comp="8" pin="0"/><net_sink comp="181" pin=10"/></net>

<net id="206"><net_src comp="10" pin="0"/><net_sink comp="181" pin=11"/></net>

<net id="207"><net_src comp="12" pin="0"/><net_sink comp="181" pin=12"/></net>

<net id="223"><net_src comp="76" pin="0"/><net_sink comp="208" pin=0"/></net>

<net id="224"><net_src comp="131" pin="4"/><net_sink comp="208" pin=1"/></net>

<net id="225"><net_src comp="141" pin="4"/><net_sink comp="208" pin=2"/></net>

<net id="226"><net_src comp="153" pin="4"/><net_sink comp="208" pin=3"/></net>

<net id="227"><net_src comp="0" pin="0"/><net_sink comp="208" pin=4"/></net>

<net id="228"><net_src comp="2" pin="0"/><net_sink comp="208" pin=5"/></net>

<net id="229"><net_src comp="4" pin="0"/><net_sink comp="208" pin=6"/></net>

<net id="230"><net_src comp="6" pin="0"/><net_sink comp="208" pin=7"/></net>

<net id="231"><net_src comp="8" pin="0"/><net_sink comp="208" pin=8"/></net>

<net id="232"><net_src comp="10" pin="0"/><net_sink comp="208" pin=9"/></net>

<net id="233"><net_src comp="12" pin="0"/><net_sink comp="208" pin=10"/></net>

<net id="237"><net_src comp="106" pin="2"/><net_sink comp="234" pin=0"/></net>

<net id="242"><net_src comp="26" pin="0"/><net_sink comp="238" pin=0"/></net>

<net id="243"><net_src comp="234" pin="1"/><net_sink comp="238" pin=1"/></net>

<net id="247"><net_src comp="112" pin="2"/><net_sink comp="244" pin=0"/></net>

<net id="252"><net_src comp="28" pin="0"/><net_sink comp="248" pin=0"/></net>

<net id="257"><net_src comp="30" pin="0"/><net_sink comp="253" pin=0"/></net>

<net id="261"><net_src comp="238" pin="2"/><net_sink comp="258" pin=0"/></net>

<net id="266"><net_src comp="26" pin="0"/><net_sink comp="262" pin=0"/></net>

<net id="274"><net_src comp="262" pin="2"/><net_sink comp="270" pin=0"/></net>

<net id="275"><net_src comp="58" pin="0"/><net_sink comp="270" pin=1"/></net>

<net id="283"><net_src comp="276" pin="1"/><net_sink comp="279" pin=0"/></net>

<net id="288"><net_src comp="276" pin="1"/><net_sink comp="284" pin=0"/></net>

<net id="289"><net_src comp="60" pin="0"/><net_sink comp="284" pin=1"/></net>

<net id="293"><net_src comp="290" pin="1"/><net_sink comp="181" pin=3"/></net>

<net id="297"><net_src comp="294" pin="1"/><net_sink comp="181" pin=1"/></net>

<net id="308"><net_src comp="74" pin="0"/><net_sink comp="304" pin=0"/></net>

<net id="319"><net_src comp="78" pin="1"/><net_sink comp="316" pin=0"/></net>

<net id="320"><net_src comp="316" pin="1"/><net_sink comp="253" pin=1"/></net>

<net id="321"><net_src comp="316" pin="1"/><net_sink comp="276" pin=0"/></net>

<net id="322"><net_src comp="316" pin="1"/><net_sink comp="309" pin=1"/></net>

<net id="326"><net_src comp="82" pin="1"/><net_sink comp="323" pin=0"/></net>

<net id="327"><net_src comp="323" pin="1"/><net_sink comp="161" pin=8"/></net>

<net id="328"><net_src comp="323" pin="1"/><net_sink comp="290" pin=0"/></net>

<net id="329"><net_src comp="323" pin="1"/><net_sink comp="208" pin=11"/></net>

<net id="333"><net_src comp="86" pin="1"/><net_sink comp="330" pin=0"/></net>

<net id="334"><net_src comp="330" pin="1"/><net_sink comp="248" pin=1"/></net>

<net id="335"><net_src comp="330" pin="1"/><net_sink comp="294" pin=0"/></net>

<net id="336"><net_src comp="330" pin="1"/><net_sink comp="304" pin=1"/></net>

<net id="340"><net_src comp="90" pin="1"/><net_sink comp="337" pin=0"/></net>

<net id="341"><net_src comp="337" pin="1"/><net_sink comp="208" pin=12"/></net>

<net id="342"><net_src comp="337" pin="1"/><net_sink comp="313" pin=0"/></net>

<net id="346"><net_src comp="94" pin="1"/><net_sink comp="343" pin=0"/></net>

<net id="347"><net_src comp="343" pin="1"/><net_sink comp="181" pin=14"/></net>

<net id="348"><net_src comp="343" pin="1"/><net_sink comp="301" pin=0"/></net>

<net id="352"><net_src comp="98" pin="1"/><net_sink comp="349" pin=0"/></net>

<net id="353"><net_src comp="349" pin="1"/><net_sink comp="181" pin=13"/></net>

<net id="354"><net_src comp="349" pin="1"/><net_sink comp="298" pin=0"/></net>

<net id="358"><net_src comp="102" pin="1"/><net_sink comp="355" pin=0"/></net>

<net id="359"><net_src comp="355" pin="1"/><net_sink comp="161" pin=9"/></net>

<net id="360"><net_src comp="355" pin="1"/><net_sink comp="267" pin=0"/></net>

<net id="364"><net_src comp="244" pin="1"/><net_sink comp="361" pin=0"/></net>

<net id="365"><net_src comp="361" pin="1"/><net_sink comp="262" pin=1"/></net>

<net id="369"><net_src comp="258" pin="1"/><net_sink comp="366" pin=0"/></net>

<net id="370"><net_src comp="366" pin="1"/><net_sink comp="279" pin=1"/></net>

<net id="374"><net_src comp="262" pin="2"/><net_sink comp="371" pin=0"/></net>

<net id="375"><net_src comp="371" pin="1"/><net_sink comp="181" pin=4"/></net>

<net id="382"><net_src comp="270" pin="2"/><net_sink comp="379" pin=0"/></net>

<net id="386"><net_src comp="279" pin="2"/><net_sink comp="383" pin=0"/></net>

<net id="390"><net_src comp="284" pin="2"/><net_sink comp="387" pin=0"/></net>

<net id="391"><net_src comp="387" pin="1"/><net_sink comp="309" pin=0"/></net>

</net_list>

</model> 
---------------- Datapath Model END ------------------

* FSMD analyzer results:
  - Output states:
	Port: s_axis_video_V_data_V | {}
	Port: s_axis_video_V_keep_V | {}
	Port: s_axis_video_V_strb_V | {}
	Port: s_axis_video_V_user_V | {}
	Port: s_axis_video_V_last_V | {}
	Port: s_axis_video_V_id_V | {}
	Port: s_axis_video_V_dest_V | {}
	Port: imgRgb | {6 7 }
	Port: height | {}
	Port: width | {}
 - Input state : 
	Port: AXIvideo2MultiPixStream : s_axis_video_V_data_V | {2 3 6 7 9 10 }
	Port: AXIvideo2MultiPixStream : s_axis_video_V_keep_V | {2 3 6 7 9 10 }
	Port: AXIvideo2MultiPixStream : s_axis_video_V_strb_V | {2 3 6 7 9 10 }
	Port: AXIvideo2MultiPixStream : s_axis_video_V_user_V | {2 3 6 7 9 10 }
	Port: AXIvideo2MultiPixStream : s_axis_video_V_last_V | {2 3 6 7 9 10 }
	Port: AXIvideo2MultiPixStream : s_axis_video_V_id_V | {2 3 6 7 9 10 }
	Port: AXIvideo2MultiPixStream : s_axis_video_V_dest_V | {2 3 6 7 9 10 }
	Port: AXIvideo2MultiPixStream : height | {1 }
	Port: AXIvideo2MultiPixStream : width | {1 }
  - Chain level:
	State 1
		rows : 1
		store_ln143 : 1
		store_ln143 : 1
	State 2
		trunc_ln126_1 : 1
	State 3
	State 4
		cmp10147 : 1
	State 5
		icmp_ln143 : 1
		i_5 : 1
	State 6
		call_ln126 : 1
	State 7
	State 8
	State 9
		call_ln0 : 1
	State 10
	State 11


============================================================
+ Verbose Summary: Datapath Resource usage 
============================================================

* Functional unit list:
|----------|-----------------------------------------------------------------|---------|---------|
| Operation|                         Functional Unit                         |    FF   |   LUT   |
|----------|-----------------------------------------------------------------|---------|---------|
|          | grp_AXIvideo2MultiPixStream_Pipeline_loop_wait_for_start_fu_161 |    3    |    0    |
|          |      grp_AXIvideo2MultiPixStream_Pipeline_loop_width_fu_181     |    48   |    27   |
|   call   |  grp_AXIvideo2MultiPixStream_Pipeline_loop_wait_for_eol_fu_208  |    3    |    0    |
|          |                 grp_reg_unsigned_short_s_fu_238                 |    13   |    0    |
|          |                 grp_reg_unsigned_short_s_fu_262                 |    13   |    0    |
|----------|-----------------------------------------------------------------|---------|---------|
|   icmp   |                         cmp10147_fu_270                         |    0    |    13   |
|          |                        icmp_ln143_fu_279                        |    0    |    12   |
|----------|-----------------------------------------------------------------|---------|---------|
|    add   |                            i_5_fu_284                           |    0    |    12   |
|----------|-----------------------------------------------------------------|---------|---------|
|   read   |                     height_read_read_fu_106                     |    0    |    0    |
|          |                      width_read_read_fu_112                     |    0    |    0    |
|----------|-----------------------------------------------------------------|---------|---------|
|          |                        trunc_ln125_fu_234                       |    0    |    0    |
|   trunc  |                        trunc_ln126_fu_244                       |    0    |    0    |
|          |                       trunc_ln126_1_fu_258                      |    0    |    0    |
|----------|-----------------------------------------------------------------|---------|---------|
|   Total  |                                                                 |    80   |    64   |
|----------|-----------------------------------------------------------------|---------|---------|

Memories:
N/A

* Register list:
+------------------------+--------+
|                        |   FF   |
+------------------------+--------+
|axi_data_2_lcssa_reg_128|   30   |
|   axi_data_2_reg_323   |   30   |
| axi_data_3_loc_reg_343 |   30   |
|axi_last_2_lcssa_reg_138|    1   |
|   axi_last_2_reg_118   |    1   |
| axi_last_4_loc_reg_337 |    1   |
|  axi_last_loc_reg_355  |    1   |
|    cmp10147_reg_379    |    1   |
|      cols_reg_371      |   13   |
|   eol_0_lcssa_reg_149  |    1   |
|     eol_loc_reg_349    |    1   |
|       i_5_reg_387      |   12   |
|        i_reg_316       |   12   |
|   icmp_ln143_reg_383   |    1   |
|       sof_reg_330      |    1   |
|  trunc_ln126_1_reg_366 |   12   |
|   trunc_ln126_reg_361  |   13   |
+------------------------+--------+
|          Total         |   161  |
+------------------------+--------+

* Multiplexer (MUX) list: 
|---------------------|------|------|------|--------||---------||---------|
|         Comp        |  Pin | Size |  BW  | S x BW ||  Delay  ||   LUT   |
|---------------------|------|------|------|--------||---------||---------|
| eol_0_lcssa_reg_149 |  p0  |   2  |   1  |    2   ||    9    |
|---------------------|------|------|------|--------||---------||---------|
|        Total        |      |      |      |    2   ||  1.298  ||    9    |
|---------------------|------|------|------|--------||---------||---------|



* Summary:
+-----------+--------+--------+--------+
|           |  Delay |   FF   |   LUT  |
+-----------+--------+--------+--------+
|  Function |    -   |   80   |   64   |
|   Memory  |    -   |    -   |    -   |
|Multiplexer|    1   |    -   |    9   |
|  Register |    -   |   161  |    -   |
+-----------+--------+--------+--------+
|   Total   |    1   |   241  |   73   |
+-----------+--------+--------+--------+
