

================================================================
== Vitis HLS Report for 'Gamma'
================================================================
* Date:           Mon Jan  6 16:42:33 2025

* Version:        2023.1 (Build 3854077 on May  4 2023)
* Project:        prj
* Solution:       sol (Vivado IP Flow Target)
* Product family: zynq
* Target device:  xc7z020-clg400-2


================================================================
== Performance Estimates
================================================================
+ Timing: 
    * Summary: 
    +--------+---------+----------+------------+
    |  Clock |  Target | Estimated| Uncertainty|
    +--------+---------+----------+------------+
    |ap_clk  |  6.56 ns|  4.381 ns|     1.77 ns|
    +--------+---------+----------+------------+

+ Latency: 
    * Summary: 
    +---------+----------+----------+-----------+------+----------+---------+
    |  Latency (cycles)  |  Latency (absolute)  |     Interval    | Pipeline|
    |   min   |    max   |    min   |    max    |  min |    max   |   Type  |
    +---------+----------+----------+-----------+------+----------+---------+
    |     1029|  12605445|  6.752 us|  82.717 ms|  1029|  12605445|       no|
    +---------+----------+----------+-----------+------+----------+---------+

    + Detail: 
        * Instance: 
        N/A

        * Loop: 
        +--------------------+---------+----------+----------+-----------+-----------+----------+----------+
        |                    |  Latency (cycles)  | Iteration|  Initiation Interval  |   Trip   |          |
        |      Loop Name     |   min   |    max   |  Latency |  achieved |   target  |   Count  | Pipelined|
        +--------------------+---------+----------+----------+-----------+-----------+----------+----------+
        |- VITIS_LOOP_280_3  |        0|  12604416|  4 ~ 4103|          -|          -|  0 ~ 3072|        no|
        +--------------------+---------+----------+----------+-----------+-----------+----------+----------+

============================================================
+ Verbose Summary: Synthesis Manager
============================================================
InlineROM: 1
ExposeGlobal: 0
============================================================
+ Verbose Summary: CDFG Model
============================================================
IsTopModel: 0
ResetActiveHigh: 1
IsCombinational: 2
IsDatapathOnly: 0
HasWiredReturn: 1
HasMFsm: 0
HasVarLatency: 1
IsPipeline: 0
IsRtlPipelined: 0
IsInstanceOverlapped: 0
IsDontTouch: 0
HasImplIP: 0
IsGatedGlobalClock: 0


============================================================
+ Verbose Summary: Schedule
============================================================
* Number of FSM states : 4
* Pipeline : 0
* Dataflow Pipeline: 0

* FSM state transitions: 
1 --> 2 
2 --> 3 
3 --> 4 
4 --> 3 

* FSM state operations: 

State 1 <SV = 0> <Delay = 1.29>
ST_1 : Operation 5 [1/1] (0.00ns)   --->   "%y = alloca i32 1"   --->   Operation 5 'alloca' 'y' <Predicate = true> <Delay = 0.00>
ST_1 : Operation 6 [1/1] (0.00ns)   --->   "%lut_0_0 = alloca i64 1" [C:/Users/Pie/Documents/Xilinx/CAM_20_V/CAM_20_V/release/release.runs/synth_1/prj/sol/.autopilot/db/v_gamma_lut.cpp:262]   --->   Operation 6 'alloca' 'lut_0_0' <Predicate = true> <Delay = 0.00>
ST_1 : Operation 7 [1/1] (0.00ns)   --->   "%lut_1_0 = alloca i64 1" [C:/Users/Pie/Documents/Xilinx/CAM_20_V/CAM_20_V/release/release.runs/synth_1/prj/sol/.autopilot/db/v_gamma_lut.cpp:263]   --->   Operation 7 'alloca' 'lut_1_0' <Predicate = true> <Delay = 0.00>
ST_1 : Operation 8 [1/1] (0.00ns)   --->   "%lut_2_0 = alloca i64 1" [C:/Users/Pie/Documents/Xilinx/CAM_20_V/CAM_20_V/release/release.runs/synth_1/prj/sol/.autopilot/db/v_gamma_lut.cpp:264]   --->   Operation 8 'alloca' 'lut_2_0' <Predicate = true> <Delay = 0.00>
ST_1 : Operation 9 [2/2] (0.00ns)   --->   "%call_ln0 = call void @Gamma_Pipeline_VITIS_LOOP_270_1, i16 %gamma_lut_0, i16 %gamma_lut_1, i16 %gamma_lut_2, i10 %lut_0_0, i10 %lut_1_0, i10 %lut_2_0"   --->   Operation 9 'call' 'call_ln0' <Predicate = true> <Delay = 0.00> <CoreType = "Generic">   --->   Core 0 '' <Latency = 0> <II = 1> <Delay = 1.00> <Generic> <Opcode : >
ST_1 : Operation 10 [1/1] (1.29ns)   --->   "%store_ln280 = store i12 0, i12 %y" [C:/Users/Pie/Documents/Xilinx/CAM_20_V/CAM_20_V/release/release.runs/synth_1/prj/sol/.autopilot/db/v_gamma_lut.cpp:280]   --->   Operation 10 'store' 'store_ln280' <Predicate = true> <Delay = 1.29>

State 2 <SV = 1> <Delay = 0.00>
ST_2 : Operation 11 [1/1] (0.00ns)   --->   "%specstablecontent_ln0 = specstablecontent void @_ssdm_op_SpecStableContent, i16 %height, void "   --->   Operation 11 'specstablecontent' 'specstablecontent_ln0' <Predicate = true> <Delay = 0.00>
ST_2 : Operation 12 [1/1] (0.00ns)   --->   "%specstablecontent_ln0 = specstablecontent void @_ssdm_op_SpecStableContent, i16 %width, void "   --->   Operation 12 'specstablecontent' 'specstablecontent_ln0' <Predicate = true> <Delay = 0.00>
ST_2 : Operation 13 [1/1] (0.00ns)   --->   "%specmemcore_ln0 = specmemcore void @_ssdm_op_SpecMemCore, i16 %gamma_lut_2, i64 666, i64 207, i64 1"   --->   Operation 13 'specmemcore' 'specmemcore_ln0' <Predicate = true> <Delay = 0.00>
ST_2 : Operation 14 [1/1] (0.00ns)   --->   "%specmemcore_ln0 = specmemcore void @_ssdm_op_SpecMemCore, i16 %gamma_lut_1, i64 666, i64 207, i64 1"   --->   Operation 14 'specmemcore' 'specmemcore_ln0' <Predicate = true> <Delay = 0.00>
ST_2 : Operation 15 [1/1] (0.00ns)   --->   "%specmemcore_ln0 = specmemcore void @_ssdm_op_SpecMemCore, i16 %gamma_lut_0, i64 666, i64 207, i64 1"   --->   Operation 15 'specmemcore' 'specmemcore_ln0' <Predicate = true> <Delay = 0.00>
ST_2 : Operation 16 [1/1] (0.00ns)   --->   "%specinterface_ln0 = specinterface void @_ssdm_op_SpecInterface, i30 %imgGamma, void @empty_12, i32 0, i32 0, void @empty_0, i32 0, i32 0, void @empty_0, void @empty_0, void @empty_0, i32 0, i32 0, i32 0, i32 0, void @empty_0, void @empty_0, i32 4294967295, i32 0"   --->   Operation 16 'specinterface' 'specinterface_ln0' <Predicate = true> <Delay = 0.00>
ST_2 : Operation 17 [1/1] (0.00ns)   --->   "%specinterface_ln0 = specinterface void @_ssdm_op_SpecInterface, i30 %imgRgb, void @empty_12, i32 0, i32 0, void @empty_0, i32 0, i32 0, void @empty_0, void @empty_0, void @empty_0, i32 0, i32 0, i32 0, i32 0, void @empty_0, void @empty_0, i32 4294967295, i32 0"   --->   Operation 17 'specinterface' 'specinterface_ln0' <Predicate = true> <Delay = 0.00>
ST_2 : Operation 18 [1/1] (0.00ns)   --->   "%specinterface_ln0 = specinterface void @_ssdm_op_SpecInterface, i16 %gamma_lut_2, void @empty_7, i32 0, i32 0, void @empty_0, i32 1, i32 0, void @empty_0, void @empty_0, void @empty_0, i32 0, i32 0, i32 0, i32 0, void @empty_0, void @empty_0, i32 4294967295, i32 0"   --->   Operation 18 'specinterface' 'specinterface_ln0' <Predicate = true> <Delay = 0.00>
ST_2 : Operation 19 [1/1] (0.00ns)   --->   "%specinterface_ln0 = specinterface void @_ssdm_op_SpecInterface, i16 %gamma_lut_1, void @empty_7, i32 0, i32 0, void @empty_0, i32 1, i32 0, void @empty_0, void @empty_0, void @empty_0, i32 0, i32 0, i32 0, i32 0, void @empty_0, void @empty_0, i32 4294967295, i32 0"   --->   Operation 19 'specinterface' 'specinterface_ln0' <Predicate = true> <Delay = 0.00>
ST_2 : Operation 20 [1/1] (0.00ns)   --->   "%specinterface_ln0 = specinterface void @_ssdm_op_SpecInterface, i16 %gamma_lut_0, void @empty_7, i32 0, i32 0, void @empty_0, i32 1, i32 0, void @empty_0, void @empty_0, void @empty_0, i32 0, i32 0, i32 0, i32 0, void @empty_0, void @empty_0, i32 4294967295, i32 0"   --->   Operation 20 'specinterface' 'specinterface_ln0' <Predicate = true> <Delay = 0.00>
ST_2 : Operation 21 [1/1] (0.00ns)   --->   "%width_read = read i16 @_ssdm_op_Read.ap_auto.i16P0A, i16 %width" [C:/Users/Pie/Documents/Xilinx/CAM_20_V/CAM_20_V/release/release.runs/synth_1/prj/sol/.autopilot/db/v_gamma_lut.cpp:266]   --->   Operation 21 'read' 'width_read' <Predicate = true> <Delay = 0.00>
ST_2 : Operation 22 [1/1] (0.00ns)   --->   "%empty = trunc i16 %width_read" [C:/Users/Pie/Documents/Xilinx/CAM_20_V/CAM_20_V/release/release.runs/synth_1/prj/sol/.autopilot/db/v_gamma_lut.cpp:266]   --->   Operation 22 'trunc' 'empty' <Predicate = true> <Delay = 0.00>
ST_2 : Operation 23 [1/1] (0.00ns)   --->   "%height_read = read i16 @_ssdm_op_Read.ap_auto.i16P0A, i16 %height" [C:/Users/Pie/Documents/Xilinx/CAM_20_V/CAM_20_V/release/release.runs/synth_1/prj/sol/.autopilot/db/v_gamma_lut.cpp:267]   --->   Operation 23 'read' 'height_read' <Predicate = true> <Delay = 0.00>
ST_2 : Operation 24 [1/1] (0.00ns)   --->   "%empty_49 = trunc i16 %height_read" [C:/Users/Pie/Documents/Xilinx/CAM_20_V/CAM_20_V/release/release.runs/synth_1/prj/sol/.autopilot/db/v_gamma_lut.cpp:267]   --->   Operation 24 'trunc' 'empty_49' <Predicate = true> <Delay = 0.00>
ST_2 : Operation 25 [1/2] (0.00ns)   --->   "%call_ln0 = call void @Gamma_Pipeline_VITIS_LOOP_270_1, i16 %gamma_lut_0, i16 %gamma_lut_1, i16 %gamma_lut_2, i10 %lut_0_0, i10 %lut_1_0, i10 %lut_2_0"   --->   Operation 25 'call' 'call_ln0' <Predicate = true> <Delay = 0.00> <CoreType = "Generic">   --->   Core 0 '' <Latency = 0> <II = 1> <Delay = 1.00> <Generic> <Opcode : >
ST_2 : Operation 26 [1/1] (0.00ns)   --->   "%br_ln280 = br void %VITIS_LOOP_282_4" [C:/Users/Pie/Documents/Xilinx/CAM_20_V/CAM_20_V/release/release.runs/synth_1/prj/sol/.autopilot/db/v_gamma_lut.cpp:280]   --->   Operation 26 'br' 'br_ln280' <Predicate = true> <Delay = 0.00>

State 3 <SV = 2> <Delay = 4.38>
ST_3 : Operation 27 [1/1] (0.00ns)   --->   "%y_1 = load i12 %y" [C:/Users/Pie/Documents/Xilinx/CAM_20_V/CAM_20_V/release/release.runs/synth_1/prj/sol/.autopilot/db/v_gamma_lut.cpp:280]   --->   Operation 27 'load' 'y_1' <Predicate = true> <Delay = 0.00>
ST_3 : Operation 28 [1/1] (1.54ns)   --->   "%icmp_ln280 = icmp_eq  i12 %y_1, i12 %empty_49" [C:/Users/Pie/Documents/Xilinx/CAM_20_V/CAM_20_V/release/release.runs/synth_1/prj/sol/.autopilot/db/v_gamma_lut.cpp:280]   --->   Operation 28 'icmp' 'icmp_ln280' <Predicate = true> <Delay = 1.54> <CoreInst = "Cmp">   --->   Core 9 'Cmp' <Latency = 0> <II = 1> <Delay = 1.54> <FuncUnit> <Opcode : 'icmp'> <InPorts = 2> <OutPorts = 1>
ST_3 : Operation 29 [1/1] (0.00ns)   --->   "%speclooptripcount_ln0 = speclooptripcount void @_ssdm_op_SpecLoopTripCount, i64 0, i64 3072, i64 0"   --->   Operation 29 'speclooptripcount' 'speclooptripcount_ln0' <Predicate = true> <Delay = 0.00>
ST_3 : Operation 30 [1/1] (1.54ns)   --->   "%y_2 = add i12 %y_1, i12 1" [C:/Users/Pie/Documents/Xilinx/CAM_20_V/CAM_20_V/release/release.runs/synth_1/prj/sol/.autopilot/db/v_gamma_lut.cpp:280]   --->   Operation 30 'add' 'y_2' <Predicate = true> <Delay = 1.54> <CoreInst = "Adder">   --->   Core 1 'Adder' <Latency = 0> <II = 1> <Delay = 1.54> <FuncUnit> <Opcode : 'add' 'sub'> <InPorts = 2> <OutPorts = 1>
ST_3 : Operation 31 [1/1] (0.00ns)   --->   "%br_ln280 = br i1 %icmp_ln280, void %VITIS_LOOP_282_4.split, void %for.end133.loopexit" [C:/Users/Pie/Documents/Xilinx/CAM_20_V/CAM_20_V/release/release.runs/synth_1/prj/sol/.autopilot/db/v_gamma_lut.cpp:280]   --->   Operation 31 'br' 'br_ln280' <Predicate = true> <Delay = 0.00>
ST_3 : Operation 32 [1/1] (0.00ns)   --->   "%empty_50 = wait i32 @_ssdm_op_Wait"   --->   Operation 32 'wait' 'empty_50' <Predicate = (!icmp_ln280)> <Delay = 0.00>
ST_3 : Operation 33 [2/2] (2.83ns)   --->   "%call_ln266 = call void @Gamma_Pipeline_VITIS_LOOP_282_4, i13 %empty, i30 %imgRgb, i10 %lut_1_0, i10 %lut_2_0, i10 %lut_0_0, i30 %imgGamma" [C:/Users/Pie/Documents/Xilinx/CAM_20_V/CAM_20_V/release/release.runs/synth_1/prj/sol/.autopilot/db/v_gamma_lut.cpp:266]   --->   Operation 33 'call' 'call_ln266' <Predicate = (!icmp_ln280)> <Delay = 2.83> <CoreType = "Generic">   --->   Core 0 '' <Latency = 0> <II = 1> <Delay = 1.00> <Generic> <Opcode : >
ST_3 : Operation 34 [1/1] (1.29ns)   --->   "%store_ln280 = store i12 %y_2, i12 %y" [C:/Users/Pie/Documents/Xilinx/CAM_20_V/CAM_20_V/release/release.runs/synth_1/prj/sol/.autopilot/db/v_gamma_lut.cpp:280]   --->   Operation 34 'store' 'store_ln280' <Predicate = (!icmp_ln280)> <Delay = 1.29>
ST_3 : Operation 35 [1/1] (0.00ns)   --->   "%ret_ln303 = ret" [C:/Users/Pie/Documents/Xilinx/CAM_20_V/CAM_20_V/release/release.runs/synth_1/prj/sol/.autopilot/db/v_gamma_lut.cpp:303]   --->   Operation 35 'ret' 'ret_ln303' <Predicate = (icmp_ln280)> <Delay = 0.00>

State 4 <SV = 3> <Delay = 0.00>
ST_4 : Operation 36 [1/1] (0.00ns)   --->   "%specloopname_ln280 = specloopname void @_ssdm_op_SpecLoopName, void @empty_23" [C:/Users/Pie/Documents/Xilinx/CAM_20_V/CAM_20_V/release/release.runs/synth_1/prj/sol/.autopilot/db/v_gamma_lut.cpp:280]   --->   Operation 36 'specloopname' 'specloopname_ln280' <Predicate = true> <Delay = 0.00>
ST_4 : Operation 37 [1/2] (0.00ns)   --->   "%call_ln266 = call void @Gamma_Pipeline_VITIS_LOOP_282_4, i13 %empty, i30 %imgRgb, i10 %lut_1_0, i10 %lut_2_0, i10 %lut_0_0, i30 %imgGamma" [C:/Users/Pie/Documents/Xilinx/CAM_20_V/CAM_20_V/release/release.runs/synth_1/prj/sol/.autopilot/db/v_gamma_lut.cpp:266]   --->   Operation 37 'call' 'call_ln266' <Predicate = true> <Delay = 0.00> <CoreType = "Generic">   --->   Core 0 '' <Latency = 0> <II = 1> <Delay = 1.00> <Generic> <Opcode : >
ST_4 : Operation 38 [1/1] (0.00ns)   --->   "%br_ln280 = br void %VITIS_LOOP_282_4" [C:/Users/Pie/Documents/Xilinx/CAM_20_V/CAM_20_V/release/release.runs/synth_1/prj/sol/.autopilot/db/v_gamma_lut.cpp:280]   --->   Operation 38 'br' 'br_ln280' <Predicate = true> <Delay = 0.00>


============================================================
+ Verbose Summary: Timing violations
============================================================
Target clock period: 6.562ns, clock uncertainty: 1.772ns.

 <State 1>: 1.298ns
The critical path consists of the following:
	'alloca' operation ('y') [8]  (0.000 ns)
	'store' operation ('store_ln280', C:/Users/Pie/Documents/Xilinx/CAM_20_V/CAM_20_V/release/release.runs/synth_1/prj/sol/.autopilot/db/v_gamma_lut.cpp:280) of constant 0 on local variable 'y' [27]  (1.298 ns)

 <State 2>: 0.000ns
The critical path consists of the following:

 <State 3>: 4.381ns
The critical path consists of the following:
	'load' operation ('y', C:/Users/Pie/Documents/Xilinx/CAM_20_V/CAM_20_V/release/release.runs/synth_1/prj/sol/.autopilot/db/v_gamma_lut.cpp:280) on local variable 'y' [30]  (0.000 ns)
	'add' operation ('y', C:/Users/Pie/Documents/Xilinx/CAM_20_V/CAM_20_V/release/release.runs/synth_1/prj/sol/.autopilot/db/v_gamma_lut.cpp:280) [33]  (1.546 ns)
	'store' operation ('store_ln280', C:/Users/Pie/Documents/Xilinx/CAM_20_V/CAM_20_V/release/release.runs/synth_1/prj/sol/.autopilot/db/v_gamma_lut.cpp:280) of variable 'y', C:/Users/Pie/Documents/Xilinx/CAM_20_V/CAM_20_V/release/release.runs/synth_1/prj/sol/.autopilot/db/v_gamma_lut.cpp:280 on local variable 'y' [39]  (1.298 ns)
	blocking operation 1.537 ns on control path)

 <State 4>: 0.000ns
The critical path consists of the following:


============================================================
+ Verbose Summary: Binding
============================================================
N/A
* FSMD analyzer results:
  - Output states:
 - Input state : 
  - Chain level:
	State 1
	State 2
	State 3
	State 4


============================================================
+ Verbose Summary: Datapath Resource usage 
============================================================
N/A
