

================================================================
== Vitis HLS Report for 'Gamma_Pipeline_VITIS_LOOP_270_1'
================================================================
* Date:           Mon Jan  6 16:42:32 2025

* Version:        2023.1 (Build 3854077 on May  4 2023)
* Project:        prj
* Solution:       sol (Vivado IP Flow Target)
* Product family: zynq
* Target device:  xc7z020-clg400-2


================================================================
== Performance Estimates
================================================================
+ Timing: 
    * Summary: 
    +--------+---------+----------+------------+
    |  Clock |  Target | Estimated| Uncertainty|
    +--------+---------+----------+------------+
    |ap_clk  |  6.56 ns|  2.780 ns|     1.77 ns|
    +--------+---------+----------+------------+

+ Latency: 
    * Summary: 
    +---------+---------+----------+----------+------+------+---------+
    |  Latency (cycles) |  Latency (absolute) |   Interval  | Pipeline|
    |   min   |   max   |    min   |    max   |  min |  max |   Type  |
    +---------+---------+----------+----------+------+------+---------+
    |     1027|     1027|  6.739 us|  6.739 us|  1027|  1027|       no|
    +---------+---------+----------+----------+------+------+---------+

    + Detail: 
        * Instance: 
        N/A

        * Loop: 
        +--------------------+---------+---------+----------+-----------+-----------+------+----------+
        |                    |  Latency (cycles) | Iteration|  Initiation Interval  | Trip |          |
        |      Loop Name     |   min   |   max   |  Latency |  achieved |   target  | Count| Pipelined|
        +--------------------+---------+---------+----------+-----------+-----------+------+----------+
        |- VITIS_LOOP_270_1  |     1025|     1025|         3|          1|          1|  1024|       yes|
        +--------------------+---------+---------+----------+-----------+-----------+------+----------+

============================================================
+ Verbose Summary: Synthesis Manager
============================================================
InlineROM: 1
ExposeGlobal: 0
============================================================
+ Verbose Summary: CDFG Model
============================================================
IsTopModel: 0
ResetActiveHigh: 1
IsCombinational: 0
IsDatapathOnly: 0
HasWiredReturn: 1
HasMFsm: 2
HasVarLatency: 1
IsPipeline: 0
IsRtlPipelined: 0
IsInstanceOverlapped: 0
IsDontTouch: 0
HasImplIP: 0
IsGatedGlobalClock: 0

+ Individual pipeline summary: 
  * Pipeline-0: initiation interval (II) = 1, depth = 3


============================================================
+ Verbose Summary: Schedule
============================================================
* Number of FSM states : 3
* Pipeline : 1
  Pipeline-0 : II = 1, D = 3, States = { 1 2 3 }
* Dataflow Pipeline: 0

* FSM state transitions: 
1 --> 2 
2 --> 3 
3 --> 

* FSM state operations: 

State 1 <SV = 0> <Delay = 2.77>
ST_1 : Operation 6 [1/1] (0.00ns)   --->   "%i = alloca i32 1"   --->   Operation 6 'alloca' 'i' <Predicate = true> <Delay = 0.00>
ST_1 : Operation 7 [1/1] (0.00ns)   --->   "%specmemcore_ln0 = specmemcore void @_ssdm_op_SpecMemCore, i16 %gamma_lut_0, i64 666, i64 207, i64 1"   --->   Operation 7 'specmemcore' 'specmemcore_ln0' <Predicate = true> <Delay = 0.00>
ST_1 : Operation 8 [1/1] (0.00ns)   --->   "%specmemcore_ln0 = specmemcore void @_ssdm_op_SpecMemCore, i16 %gamma_lut_1, i64 666, i64 207, i64 1"   --->   Operation 8 'specmemcore' 'specmemcore_ln0' <Predicate = true> <Delay = 0.00>
ST_1 : Operation 9 [1/1] (0.00ns)   --->   "%specmemcore_ln0 = specmemcore void @_ssdm_op_SpecMemCore, i16 %gamma_lut_2, i64 666, i64 207, i64 1"   --->   Operation 9 'specmemcore' 'specmemcore_ln0' <Predicate = true> <Delay = 0.00>
ST_1 : Operation 10 [1/1] (0.00ns)   --->   "%specinterface_ln0 = specinterface void @_ssdm_op_SpecInterface, i16 %gamma_lut_0, void @empty_7, i32 0, i32 0, void @empty_0, i32 1, i32 0, void @empty_0, void @empty_0, void @empty_0, i32 0, i32 0, i32 0, i32 0, void @empty_0, void @empty_0, i32 4294967295, i32 0"   --->   Operation 10 'specinterface' 'specinterface_ln0' <Predicate = true> <Delay = 0.00>
ST_1 : Operation 11 [1/1] (0.00ns)   --->   "%specinterface_ln0 = specinterface void @_ssdm_op_SpecInterface, i16 %gamma_lut_1, void @empty_7, i32 0, i32 0, void @empty_0, i32 1, i32 0, void @empty_0, void @empty_0, void @empty_0, i32 0, i32 0, i32 0, i32 0, void @empty_0, void @empty_0, i32 4294967295, i32 0"   --->   Operation 11 'specinterface' 'specinterface_ln0' <Predicate = true> <Delay = 0.00>
ST_1 : Operation 12 [1/1] (0.00ns)   --->   "%specinterface_ln0 = specinterface void @_ssdm_op_SpecInterface, i16 %gamma_lut_2, void @empty_7, i32 0, i32 0, void @empty_0, i32 1, i32 0, void @empty_0, void @empty_0, void @empty_0, i32 0, i32 0, i32 0, i32 0, void @empty_0, void @empty_0, i32 4294967295, i32 0"   --->   Operation 12 'specinterface' 'specinterface_ln0' <Predicate = true> <Delay = 0.00>
ST_1 : Operation 13 [1/1] (1.29ns)   --->   "%store_ln0 = store i11 0, i11 %i"   --->   Operation 13 'store' 'store_ln0' <Predicate = true> <Delay = 1.29>
ST_1 : Operation 14 [1/1] (0.00ns)   --->   "%br_ln0 = br void %VITIS_LOOP_272_2"   --->   Operation 14 'br' 'br_ln0' <Predicate = true> <Delay = 0.00>
ST_1 : Operation 15 [1/1] (0.00ns)   --->   "%i_3 = load i11 %i" [C:/Users/Pie/Documents/Xilinx/CAM_20_V/CAM_20_V/release/release.runs/synth_1/prj/sol/.autopilot/db/v_gamma_lut.cpp:270]   --->   Operation 15 'load' 'i_3' <Predicate = true> <Delay = 0.00>
ST_1 : Operation 16 [1/1] (0.00ns)   --->   "%specpipeline_ln0 = specpipeline void @_ssdm_op_SpecPipeline, i32 4294967295, i32 0, i32 1, i32 0, void @p_str"   --->   Operation 16 'specpipeline' 'specpipeline_ln0' <Predicate = true> <Delay = 0.00>
ST_1 : Operation 17 [1/1] (1.48ns)   --->   "%icmp_ln270 = icmp_eq  i11 %i_3, i11 1024" [C:/Users/Pie/Documents/Xilinx/CAM_20_V/CAM_20_V/release/release.runs/synth_1/prj/sol/.autopilot/db/v_gamma_lut.cpp:270]   --->   Operation 17 'icmp' 'icmp_ln270' <Predicate = true> <Delay = 1.48> <CoreInst = "Cmp">   --->   Core 9 'Cmp' <Latency = 0> <II = 1> <Delay = 1.48> <FuncUnit> <Opcode : 'icmp'> <InPorts = 2> <OutPorts = 1>
ST_1 : Operation 18 [1/1] (1.48ns)   --->   "%add_ln270 = add i11 %i_3, i11 1" [C:/Users/Pie/Documents/Xilinx/CAM_20_V/CAM_20_V/release/release.runs/synth_1/prj/sol/.autopilot/db/v_gamma_lut.cpp:270]   --->   Operation 18 'add' 'add_ln270' <Predicate = true> <Delay = 1.48> <CoreInst = "Adder">   --->   Core 1 'Adder' <Latency = 0> <II = 1> <Delay = 1.48> <FuncUnit> <Opcode : 'add' 'sub'> <InPorts = 2> <OutPorts = 1>
ST_1 : Operation 19 [1/1] (0.00ns)   --->   "%br_ln270 = br i1 %icmp_ln270, void %VITIS_LOOP_272_2.split, void %VITIS_LOOP_282_4.preheader.exitStub" [C:/Users/Pie/Documents/Xilinx/CAM_20_V/CAM_20_V/release/release.runs/synth_1/prj/sol/.autopilot/db/v_gamma_lut.cpp:270]   --->   Operation 19 'br' 'br_ln270' <Predicate = true> <Delay = 0.00>
ST_1 : Operation 20 [1/1] (0.00ns)   --->   "%i_cast = zext i11 %i_3" [C:/Users/Pie/Documents/Xilinx/CAM_20_V/CAM_20_V/release/release.runs/synth_1/prj/sol/.autopilot/db/v_gamma_lut.cpp:270]   --->   Operation 20 'zext' 'i_cast' <Predicate = (!icmp_ln270)> <Delay = 0.00>
ST_1 : Operation 21 [1/1] (0.00ns)   --->   "%gamma_lut_0_addr = getelementptr i16 %gamma_lut_0, i64 0, i64 %i_cast" [C:/Users/Pie/Documents/Xilinx/CAM_20_V/CAM_20_V/release/release.runs/synth_1/prj/sol/.autopilot/db/v_gamma_lut.cpp:270]   --->   Operation 21 'getelementptr' 'gamma_lut_0_addr' <Predicate = (!icmp_ln270)> <Delay = 0.00>
ST_1 : Operation 22 [2/2] (2.77ns)   --->   "%gamma_lut_0_load = load i10 %gamma_lut_0_addr" [C:/Users/Pie/Documents/Xilinx/CAM_20_V/CAM_20_V/release/release.runs/synth_1/prj/sol/.autopilot/db/v_gamma_lut.cpp:270]   --->   Operation 22 'load' 'gamma_lut_0_load' <Predicate = (!icmp_ln270)> <Delay = 2.77> <CoreInst = "RAM_1P">   --->   Core 86 'RAM_1P' <Latency = 1> <II = 1> <Delay = 2.77> <Storage> <Opcode : 'load' 'store'> <Ports = 1> <Width = 16> <Depth = 1024> <RAM>
ST_1 : Operation 23 [1/1] (0.00ns)   --->   "%gamma_lut_1_addr = getelementptr i16 %gamma_lut_1, i64 0, i64 %i_cast" [C:/Users/Pie/Documents/Xilinx/CAM_20_V/CAM_20_V/release/release.runs/synth_1/prj/sol/.autopilot/db/v_gamma_lut.cpp:270]   --->   Operation 23 'getelementptr' 'gamma_lut_1_addr' <Predicate = (!icmp_ln270)> <Delay = 0.00>
ST_1 : Operation 24 [2/2] (2.77ns)   --->   "%gamma_lut_1_load = load i10 %gamma_lut_1_addr" [C:/Users/Pie/Documents/Xilinx/CAM_20_V/CAM_20_V/release/release.runs/synth_1/prj/sol/.autopilot/db/v_gamma_lut.cpp:270]   --->   Operation 24 'load' 'gamma_lut_1_load' <Predicate = (!icmp_ln270)> <Delay = 2.77> <CoreInst = "RAM_1P">   --->   Core 86 'RAM_1P' <Latency = 1> <II = 1> <Delay = 2.77> <Storage> <Opcode : 'load' 'store'> <Ports = 1> <Width = 16> <Depth = 1024> <RAM>
ST_1 : Operation 25 [1/1] (0.00ns)   --->   "%gamma_lut_2_addr = getelementptr i16 %gamma_lut_2, i64 0, i64 %i_cast" [C:/Users/Pie/Documents/Xilinx/CAM_20_V/CAM_20_V/release/release.runs/synth_1/prj/sol/.autopilot/db/v_gamma_lut.cpp:270]   --->   Operation 25 'getelementptr' 'gamma_lut_2_addr' <Predicate = (!icmp_ln270)> <Delay = 0.00>
ST_1 : Operation 26 [2/2] (2.77ns)   --->   "%gamma_lut_2_load = load i10 %gamma_lut_2_addr" [C:/Users/Pie/Documents/Xilinx/CAM_20_V/CAM_20_V/release/release.runs/synth_1/prj/sol/.autopilot/db/v_gamma_lut.cpp:270]   --->   Operation 26 'load' 'gamma_lut_2_load' <Predicate = (!icmp_ln270)> <Delay = 2.77> <CoreInst = "RAM_1P">   --->   Core 86 'RAM_1P' <Latency = 1> <II = 1> <Delay = 2.77> <Storage> <Opcode : 'load' 'store'> <Ports = 1> <Width = 16> <Depth = 1024> <RAM>
ST_1 : Operation 27 [1/1] (1.29ns)   --->   "%store_ln270 = store i11 %add_ln270, i11 %i" [C:/Users/Pie/Documents/Xilinx/CAM_20_V/CAM_20_V/release/release.runs/synth_1/prj/sol/.autopilot/db/v_gamma_lut.cpp:270]   --->   Operation 27 'store' 'store_ln270' <Predicate = (!icmp_ln270)> <Delay = 1.29>

State 2 <SV = 1> <Delay = 2.77>
ST_2 : Operation 28 [1/2] (2.77ns)   --->   "%gamma_lut_0_load = load i10 %gamma_lut_0_addr" [C:/Users/Pie/Documents/Xilinx/CAM_20_V/CAM_20_V/release/release.runs/synth_1/prj/sol/.autopilot/db/v_gamma_lut.cpp:270]   --->   Operation 28 'load' 'gamma_lut_0_load' <Predicate = true> <Delay = 2.77> <CoreInst = "RAM_1P">   --->   Core 86 'RAM_1P' <Latency = 1> <II = 1> <Delay = 2.77> <Storage> <Opcode : 'load' 'store'> <Ports = 1> <Width = 16> <Depth = 1024> <RAM>
ST_2 : Operation 29 [1/1] (0.00ns)   --->   "%empty = trunc i16 %gamma_lut_0_load" [C:/Users/Pie/Documents/Xilinx/CAM_20_V/CAM_20_V/release/release.runs/synth_1/prj/sol/.autopilot/db/v_gamma_lut.cpp:270]   --->   Operation 29 'trunc' 'empty' <Predicate = true> <Delay = 0.00>
ST_2 : Operation 30 [1/2] (2.77ns)   --->   "%gamma_lut_1_load = load i10 %gamma_lut_1_addr" [C:/Users/Pie/Documents/Xilinx/CAM_20_V/CAM_20_V/release/release.runs/synth_1/prj/sol/.autopilot/db/v_gamma_lut.cpp:270]   --->   Operation 30 'load' 'gamma_lut_1_load' <Predicate = true> <Delay = 2.77> <CoreInst = "RAM_1P">   --->   Core 86 'RAM_1P' <Latency = 1> <II = 1> <Delay = 2.77> <Storage> <Opcode : 'load' 'store'> <Ports = 1> <Width = 16> <Depth = 1024> <RAM>
ST_2 : Operation 31 [1/1] (0.00ns)   --->   "%empty_47 = trunc i16 %gamma_lut_1_load" [C:/Users/Pie/Documents/Xilinx/CAM_20_V/CAM_20_V/release/release.runs/synth_1/prj/sol/.autopilot/db/v_gamma_lut.cpp:270]   --->   Operation 31 'trunc' 'empty_47' <Predicate = true> <Delay = 0.00>
ST_2 : Operation 32 [1/2] (2.77ns)   --->   "%gamma_lut_2_load = load i10 %gamma_lut_2_addr" [C:/Users/Pie/Documents/Xilinx/CAM_20_V/CAM_20_V/release/release.runs/synth_1/prj/sol/.autopilot/db/v_gamma_lut.cpp:270]   --->   Operation 32 'load' 'gamma_lut_2_load' <Predicate = true> <Delay = 2.77> <CoreInst = "RAM_1P">   --->   Core 86 'RAM_1P' <Latency = 1> <II = 1> <Delay = 2.77> <Storage> <Opcode : 'load' 'store'> <Ports = 1> <Width = 16> <Depth = 1024> <RAM>
ST_2 : Operation 33 [1/1] (0.00ns)   --->   "%empty_48 = trunc i16 %gamma_lut_2_load" [C:/Users/Pie/Documents/Xilinx/CAM_20_V/CAM_20_V/release/release.runs/synth_1/prj/sol/.autopilot/db/v_gamma_lut.cpp:270]   --->   Operation 33 'trunc' 'empty_48' <Predicate = true> <Delay = 0.00>
ST_2 : Operation 43 [1/1] (0.00ns)   --->   "%ret_ln0 = ret"   --->   Operation 43 'ret' 'ret_ln0' <Predicate = (icmp_ln270)> <Delay = 0.00>

State 3 <SV = 2> <Delay = 2.77>
ST_3 : Operation 34 [1/1] (0.00ns)   --->   "%speclooptripcount_ln270 = speclooptripcount void @_ssdm_op_SpecLoopTripCount, i64 1024, i64 1024, i64 1024" [C:/Users/Pie/Documents/Xilinx/CAM_20_V/CAM_20_V/release/release.runs/synth_1/prj/sol/.autopilot/db/v_gamma_lut.cpp:270]   --->   Operation 34 'speclooptripcount' 'speclooptripcount_ln270' <Predicate = true> <Delay = 0.00>
ST_3 : Operation 35 [1/1] (0.00ns)   --->   "%specloopname_ln270 = specloopname void @_ssdm_op_SpecLoopName, void @empty_24" [C:/Users/Pie/Documents/Xilinx/CAM_20_V/CAM_20_V/release/release.runs/synth_1/prj/sol/.autopilot/db/v_gamma_lut.cpp:270]   --->   Operation 35 'specloopname' 'specloopname_ln270' <Predicate = true> <Delay = 0.00>
ST_3 : Operation 36 [1/1] (0.00ns)   --->   "%lut_0_0_addr = getelementptr i10 %lut_0_0, i64 0, i64 %i_cast" [C:/Users/Pie/Documents/Xilinx/CAM_20_V/CAM_20_V/release/release.runs/synth_1/prj/sol/.autopilot/db/v_gamma_lut.cpp:274]   --->   Operation 36 'getelementptr' 'lut_0_0_addr' <Predicate = true> <Delay = 0.00>
ST_3 : Operation 37 [1/1] (2.77ns)   --->   "%store_ln274 = store i10 %empty, i10 %lut_0_0_addr" [C:/Users/Pie/Documents/Xilinx/CAM_20_V/CAM_20_V/release/release.runs/synth_1/prj/sol/.autopilot/db/v_gamma_lut.cpp:274]   --->   Operation 37 'store' 'store_ln274' <Predicate = true> <Delay = 2.77> <CoreInst = "RAM">   --->   Core 82 'RAM' <Latency = 1> <II = 1> <Delay = 2.77> <Storage> <Opcode : 'load' 'store'> <Ports = 2> <Width = 10> <Depth = 1024> <RAM>
ST_3 : Operation 38 [1/1] (0.00ns)   --->   "%lut_1_0_addr = getelementptr i10 %lut_1_0, i64 0, i64 %i_cast" [C:/Users/Pie/Documents/Xilinx/CAM_20_V/CAM_20_V/release/release.runs/synth_1/prj/sol/.autopilot/db/v_gamma_lut.cpp:275]   --->   Operation 38 'getelementptr' 'lut_1_0_addr' <Predicate = true> <Delay = 0.00>
ST_3 : Operation 39 [1/1] (2.77ns)   --->   "%store_ln275 = store i10 %empty_47, i10 %lut_1_0_addr" [C:/Users/Pie/Documents/Xilinx/CAM_20_V/CAM_20_V/release/release.runs/synth_1/prj/sol/.autopilot/db/v_gamma_lut.cpp:275]   --->   Operation 39 'store' 'store_ln275' <Predicate = true> <Delay = 2.77> <CoreInst = "RAM">   --->   Core 82 'RAM' <Latency = 1> <II = 1> <Delay = 2.77> <Storage> <Opcode : 'load' 'store'> <Ports = 2> <Width = 10> <Depth = 1024> <RAM>
ST_3 : Operation 40 [1/1] (0.00ns)   --->   "%lut_2_0_addr = getelementptr i10 %lut_2_0, i64 0, i64 %i_cast" [C:/Users/Pie/Documents/Xilinx/CAM_20_V/CAM_20_V/release/release.runs/synth_1/prj/sol/.autopilot/db/v_gamma_lut.cpp:276]   --->   Operation 40 'getelementptr' 'lut_2_0_addr' <Predicate = true> <Delay = 0.00>
ST_3 : Operation 41 [1/1] (2.77ns)   --->   "%store_ln276 = store i10 %empty_48, i10 %lut_2_0_addr" [C:/Users/Pie/Documents/Xilinx/CAM_20_V/CAM_20_V/release/release.runs/synth_1/prj/sol/.autopilot/db/v_gamma_lut.cpp:276]   --->   Operation 41 'store' 'store_ln276' <Predicate = true> <Delay = 2.77> <CoreInst = "RAM">   --->   Core 82 'RAM' <Latency = 1> <II = 1> <Delay = 2.77> <Storage> <Opcode : 'load' 'store'> <Ports = 2> <Width = 10> <Depth = 1024> <RAM>
ST_3 : Operation 42 [1/1] (0.00ns)   --->   "%br_ln270 = br void %VITIS_LOOP_272_2" [C:/Users/Pie/Documents/Xilinx/CAM_20_V/CAM_20_V/release/release.runs/synth_1/prj/sol/.autopilot/db/v_gamma_lut.cpp:270]   --->   Operation 42 'br' 'br_ln270' <Predicate = true> <Delay = 0.00>


============================================================
+ Verbose Summary: Binding
============================================================
STG Binding: 
---------------- STG Properties BEGIN ----------------
- Is combinational: 0
- Is one-state seq: 0
- Is datapath-only: 0
- Is pipelined: 0
- Is top level: 0
Port [ Return ] is wired: 1; IO mode=ap_ctrl_hs:ce=0
Port [ gamma_lut_0]:  wired=1; compound=1; hidden=0; nouse=0; global=0; static=0; extern=0; dir=0; type=1; pingpong=0; private_global=0; MemPort=[1]; IO mode=ap_memory:ce=0
Port [ gamma_lut_1]:  wired=1; compound=1; hidden=0; nouse=0; global=0; static=0; extern=0; dir=0; type=1; pingpong=0; private_global=0; MemPort=[1]; IO mode=ap_memory:ce=0
Port [ gamma_lut_2]:  wired=1; compound=1; hidden=0; nouse=0; global=0; static=0; extern=0; dir=0; type=1; pingpong=0; private_global=0; MemPort=[1]; IO mode=ap_memory:ce=0
Port [ lut_0_0]:  wired=1; compound=1; hidden=0; nouse=0; global=0; static=0; extern=0; dir=1; type=1; pingpong=0; private_global=0; MemPort=[03]; IO mode=ap_memory:ce=0
Port [ lut_1_0]:  wired=1; compound=1; hidden=0; nouse=0; global=0; static=0; extern=0; dir=1; type=1; pingpong=0; private_global=0; MemPort=[03]; IO mode=ap_memory:ce=0
Port [ lut_2_0]:  wired=1; compound=1; hidden=0; nouse=0; global=0; static=0; extern=0; dir=1; type=1; pingpong=0; private_global=0; MemPort=[03]; IO mode=ap_memory:ce=0
---------------- STG Properties END ------------------

---------------- Datapath Model BEGIN ----------------

<LifeTime>
<method=bitvector/>
i                       (alloca           ) [ 0100]
specmemcore_ln0         (specmemcore      ) [ 0000]
specmemcore_ln0         (specmemcore      ) [ 0000]
specmemcore_ln0         (specmemcore      ) [ 0000]
specinterface_ln0       (specinterface    ) [ 0000]
specinterface_ln0       (specinterface    ) [ 0000]
specinterface_ln0       (specinterface    ) [ 0000]
store_ln0               (store            ) [ 0000]
br_ln0                  (br               ) [ 0000]
i_3                     (load             ) [ 0000]
specpipeline_ln0        (specpipeline     ) [ 0000]
icmp_ln270              (icmp             ) [ 0110]
add_ln270               (add              ) [ 0000]
br_ln270                (br               ) [ 0000]
i_cast                  (zext             ) [ 0111]
gamma_lut_0_addr        (getelementptr    ) [ 0110]
gamma_lut_1_addr        (getelementptr    ) [ 0110]
gamma_lut_2_addr        (getelementptr    ) [ 0110]
store_ln270             (store            ) [ 0000]
gamma_lut_0_load        (load             ) [ 0000]
empty                   (trunc            ) [ 0101]
gamma_lut_1_load        (load             ) [ 0000]
empty_47                (trunc            ) [ 0101]
gamma_lut_2_load        (load             ) [ 0000]
empty_48                (trunc            ) [ 0101]
speclooptripcount_ln270 (speclooptripcount) [ 0000]
specloopname_ln270      (specloopname     ) [ 0000]
lut_0_0_addr            (getelementptr    ) [ 0000]
store_ln274             (store            ) [ 0000]
lut_1_0_addr            (getelementptr    ) [ 0000]
store_ln275             (store            ) [ 0000]
lut_2_0_addr            (getelementptr    ) [ 0000]
store_ln276             (store            ) [ 0000]
br_ln270                (br               ) [ 0000]
ret_ln0                 (ret              ) [ 0000]
</LifeTime>

<model>

<comp_list>
<comp id="0" class="1000" name="gamma_lut_0">
<pin_list>
<pin id="1" dir="1" index="0" bw="1" slack="0"/>
</pin_list>
<bind>
<StgValue><ssdm name="gamma_lut_0"/><MemPortTyVec>1 </MemPortTyVec>
</StgValue>
</bind>
</comp>

<comp id="2" class="1000" name="gamma_lut_1">
<pin_list>
<pin id="3" dir="1" index="0" bw="1" slack="0"/>
</pin_list>
<bind>
<StgValue><ssdm name="gamma_lut_1"/><MemPortTyVec>1 </MemPortTyVec>
</StgValue>
</bind>
</comp>

<comp id="4" class="1000" name="gamma_lut_2">
<pin_list>
<pin id="5" dir="1" index="0" bw="1" slack="0"/>
</pin_list>
<bind>
<StgValue><ssdm name="gamma_lut_2"/><MemPortTyVec>1 </MemPortTyVec>
</StgValue>
</bind>
</comp>

<comp id="6" class="1000" name="lut_0_0">
<pin_list>
<pin id="7" dir="1" index="0" bw="1" slack="0"/>
</pin_list>
<bind>
<StgValue><ssdm name="lut_0_0"/><MemPortTyVec>0 3 </MemPortTyVec>
</StgValue>
</bind>
</comp>

<comp id="8" class="1000" name="lut_1_0">
<pin_list>
<pin id="9" dir="1" index="0" bw="1" slack="0"/>
</pin_list>
<bind>
<StgValue><ssdm name="lut_1_0"/><MemPortTyVec>0 3 </MemPortTyVec>
</StgValue>
</bind>
</comp>

<comp id="10" class="1000" name="lut_2_0">
<pin_list>
<pin id="11" dir="1" index="0" bw="1" slack="0"/>
</pin_list>
<bind>
<StgValue><ssdm name="lut_2_0"/><MemPortTyVec>0 3 </MemPortTyVec>
</StgValue>
</bind>
</comp>

<comp id="12" class="1001" name="const_12">
<pin_list>
<pin id="13" dir="1" index="0" bw="1" slack="0"/>
</pin_list>
<bind>
<StgValue><ssdm name=""/></StgValue>
</bind>
</comp>

<comp id="14" class="1001" name="const_14">
<pin_list>
<pin id="15" dir="1" index="0" bw="1" slack="2147483647"/>
</pin_list>
<bind>
<StgValue><ssdm name="_ssdm_op_SpecMemCore"/></StgValue>
</bind>
</comp>

<comp id="16" class="1001" name="const_16">
<pin_list>
<pin id="17" dir="1" index="0" bw="1" slack="2147483647"/>
</pin_list>
<bind>
<StgValue><ssdm name=""/></StgValue>
</bind>
</comp>

<comp id="18" class="1001" name="const_18">
<pin_list>
<pin id="19" dir="1" index="0" bw="1" slack="2147483647"/>
</pin_list>
<bind>
<StgValue><ssdm name=""/></StgValue>
</bind>
</comp>

<comp id="20" class="1001" name="const_20">
<pin_list>
<pin id="21" dir="1" index="0" bw="1" slack="2147483647"/>
</pin_list>
<bind>
<StgValue><ssdm name=""/></StgValue>
</bind>
</comp>

<comp id="22" class="1001" name="const_22">
<pin_list>
<pin id="23" dir="1" index="0" bw="1" slack="2147483647"/>
</pin_list>
<bind>
<StgValue><ssdm name="_ssdm_op_SpecInterface"/></StgValue>
</bind>
</comp>

<comp id="24" class="1001" name="const_24">
<pin_list>
<pin id="25" dir="1" index="0" bw="1" slack="2147483647"/>
</pin_list>
<bind>
<StgValue><ssdm name="empty_7"/></StgValue>
</bind>
</comp>

<comp id="26" class="1001" name="const_26">
<pin_list>
<pin id="27" dir="1" index="0" bw="1" slack="2147483647"/>
</pin_list>
<bind>
<StgValue><ssdm name=""/></StgValue>
</bind>
</comp>

<comp id="28" class="1001" name="const_28">
<pin_list>
<pin id="29" dir="1" index="0" bw="1" slack="2147483647"/>
</pin_list>
<bind>
<StgValue><ssdm name="empty_0"/></StgValue>
</bind>
</comp>

<comp id="30" class="1001" name="const_30">
<pin_list>
<pin id="31" dir="1" index="0" bw="1" slack="2147483647"/>
</pin_list>
<bind>
<StgValue><ssdm name=""/></StgValue>
</bind>
</comp>

<comp id="32" class="1001" name="const_32">
<pin_list>
<pin id="33" dir="1" index="0" bw="1" slack="0"/>
</pin_list>
<bind>
<StgValue><ssdm name=""/></StgValue>
</bind>
</comp>

<comp id="34" class="1001" name="const_34">
<pin_list>
<pin id="35" dir="1" index="0" bw="1" slack="2147483647"/>
</pin_list>
<bind>
<StgValue><ssdm name="_ssdm_op_SpecPipeline"/></StgValue>
</bind>
</comp>

<comp id="36" class="1001" name="const_36">
<pin_list>
<pin id="37" dir="1" index="0" bw="1" slack="2147483647"/>
</pin_list>
<bind>
<StgValue><ssdm name="p_str"/></StgValue>
</bind>
</comp>

<comp id="38" class="1001" name="const_38">
<pin_list>
<pin id="39" dir="1" index="0" bw="1" slack="0"/>
</pin_list>
<bind>
<StgValue><ssdm name=""/></StgValue>
</bind>
</comp>

<comp id="40" class="1001" name="const_40">
<pin_list>
<pin id="41" dir="1" index="0" bw="1" slack="0"/>
</pin_list>
<bind>
<StgValue><ssdm name=""/></StgValue>
</bind>
</comp>

<comp id="42" class="1001" name="const_42">
<pin_list>
<pin id="43" dir="1" index="0" bw="1" slack="0"/>
</pin_list>
<bind>
<StgValue><ssdm name=""/></StgValue>
</bind>
</comp>

<comp id="44" class="1001" name="const_44">
<pin_list>
<pin id="45" dir="1" index="0" bw="1" slack="2147483647"/>
</pin_list>
<bind>
<StgValue><ssdm name="_ssdm_op_SpecLoopTripCount"/></StgValue>
</bind>
</comp>

<comp id="46" class="1001" name="const_46">
<pin_list>
<pin id="47" dir="1" index="0" bw="1" slack="2147483647"/>
</pin_list>
<bind>
<StgValue><ssdm name=""/></StgValue>
</bind>
</comp>

<comp id="48" class="1001" name="const_48">
<pin_list>
<pin id="49" dir="1" index="0" bw="1" slack="2147483647"/>
</pin_list>
<bind>
<StgValue><ssdm name="_ssdm_op_SpecLoopName"/></StgValue>
</bind>
</comp>

<comp id="50" class="1001" name="const_50">
<pin_list>
<pin id="51" dir="1" index="0" bw="1" slack="2147483647"/>
</pin_list>
<bind>
<StgValue><ssdm name="empty_24"/></StgValue>
</bind>
</comp>

<comp id="52" class="1004" name="i_fu_52">
<pin_list>
<pin id="53" dir="0" index="0" bw="1" slack="0"/>
<pin id="54" dir="1" index="1" bw="11" slack="0"/>
</pin_list>
<bind>
<opcode="alloca(26) " fcode="alloca"/>
<opset="i/1 "/>
</bind>
</comp>

<comp id="56" class="1004" name="gamma_lut_0_addr_gep_fu_56">
<pin_list>
<pin id="57" dir="0" index="0" bw="16" slack="0"/>
<pin id="58" dir="0" index="1" bw="1" slack="0"/>
<pin id="59" dir="0" index="2" bw="11" slack="0"/>
<pin id="60" dir="1" index="3" bw="10" slack="0"/>
</pin_list>
<bind>
<opcode="getelementptr(29) " fcode="getelementptr"/>
<opset="gamma_lut_0_addr/1 "/>
</bind>
</comp>

<comp id="63" class="1004" name="grp_access_fu_63">
<pin_list>
<pin id="64" dir="0" index="0" bw="10" slack="0"/>
<pin id="65" dir="0" index="1" bw="16" slack="2147483647"/>
<pin id="66" dir="0" index="2" bw="0" slack="2147483647"/>
<pin id="67" dir="1" index="3" bw="16" slack="0"/>
</pin_list>
<bind>
<opcode="load(27) " fcode="load"/>
<opset="gamma_lut_0_load/1 "/>
</bind>
</comp>

<comp id="69" class="1004" name="gamma_lut_1_addr_gep_fu_69">
<pin_list>
<pin id="70" dir="0" index="0" bw="16" slack="0"/>
<pin id="71" dir="0" index="1" bw="1" slack="0"/>
<pin id="72" dir="0" index="2" bw="11" slack="0"/>
<pin id="73" dir="1" index="3" bw="10" slack="0"/>
</pin_list>
<bind>
<opcode="getelementptr(29) " fcode="getelementptr"/>
<opset="gamma_lut_1_addr/1 "/>
</bind>
</comp>

<comp id="76" class="1004" name="grp_access_fu_76">
<pin_list>
<pin id="77" dir="0" index="0" bw="10" slack="0"/>
<pin id="78" dir="0" index="1" bw="16" slack="2147483647"/>
<pin id="79" dir="0" index="2" bw="0" slack="2147483647"/>
<pin id="80" dir="1" index="3" bw="16" slack="0"/>
</pin_list>
<bind>
<opcode="load(27) " fcode="load"/>
<opset="gamma_lut_1_load/1 "/>
</bind>
</comp>

<comp id="82" class="1004" name="gamma_lut_2_addr_gep_fu_82">
<pin_list>
<pin id="83" dir="0" index="0" bw="16" slack="0"/>
<pin id="84" dir="0" index="1" bw="1" slack="0"/>
<pin id="85" dir="0" index="2" bw="11" slack="0"/>
<pin id="86" dir="1" index="3" bw="10" slack="0"/>
</pin_list>
<bind>
<opcode="getelementptr(29) " fcode="getelementptr"/>
<opset="gamma_lut_2_addr/1 "/>
</bind>
</comp>

<comp id="89" class="1004" name="grp_access_fu_89">
<pin_list>
<pin id="90" dir="0" index="0" bw="10" slack="0"/>
<pin id="91" dir="0" index="1" bw="16" slack="2147483647"/>
<pin id="92" dir="0" index="2" bw="0" slack="2147483647"/>
<pin id="93" dir="1" index="3" bw="16" slack="0"/>
</pin_list>
<bind>
<opcode="load(27) " fcode="load"/>
<opset="gamma_lut_2_load/1 "/>
</bind>
</comp>

<comp id="95" class="1004" name="lut_0_0_addr_gep_fu_95">
<pin_list>
<pin id="96" dir="0" index="0" bw="10" slack="0"/>
<pin id="97" dir="0" index="1" bw="1" slack="0"/>
<pin id="98" dir="0" index="2" bw="11" slack="2"/>
<pin id="99" dir="1" index="3" bw="10" slack="0"/>
</pin_list>
<bind>
<opcode="getelementptr(29) " fcode="getelementptr"/>
<opset="lut_0_0_addr/3 "/>
</bind>
</comp>

<comp id="102" class="1004" name="store_ln274_access_fu_102">
<pin_list>
<pin id="103" dir="0" index="0" bw="10" slack="0"/>
<pin id="104" dir="0" index="1" bw="10" slack="1"/>
<pin id="105" dir="0" index="2" bw="0" slack="2147483647"/>
<pin id="106" dir="1" index="3" bw="10" slack="2147483647"/>
</pin_list>
<bind>
<opcode="store(28) " fcode="store"/>
<opset="store_ln274/3 "/>
</bind>
</comp>

<comp id="108" class="1004" name="lut_1_0_addr_gep_fu_108">
<pin_list>
<pin id="109" dir="0" index="0" bw="10" slack="0"/>
<pin id="110" dir="0" index="1" bw="1" slack="0"/>
<pin id="111" dir="0" index="2" bw="11" slack="2"/>
<pin id="112" dir="1" index="3" bw="10" slack="0"/>
</pin_list>
<bind>
<opcode="getelementptr(29) " fcode="getelementptr"/>
<opset="lut_1_0_addr/3 "/>
</bind>
</comp>

<comp id="115" class="1004" name="store_ln275_access_fu_115">
<pin_list>
<pin id="116" dir="0" index="0" bw="10" slack="0"/>
<pin id="117" dir="0" index="1" bw="10" slack="1"/>
<pin id="118" dir="0" index="2" bw="0" slack="2147483647"/>
<pin id="119" dir="1" index="3" bw="10" slack="2147483647"/>
</pin_list>
<bind>
<opcode="store(28) " fcode="store"/>
<opset="store_ln275/3 "/>
</bind>
</comp>

<comp id="121" class="1004" name="lut_2_0_addr_gep_fu_121">
<pin_list>
<pin id="122" dir="0" index="0" bw="10" slack="0"/>
<pin id="123" dir="0" index="1" bw="1" slack="0"/>
<pin id="124" dir="0" index="2" bw="11" slack="2"/>
<pin id="125" dir="1" index="3" bw="10" slack="0"/>
</pin_list>
<bind>
<opcode="getelementptr(29) " fcode="getelementptr"/>
<opset="lut_2_0_addr/3 "/>
</bind>
</comp>

<comp id="128" class="1004" name="store_ln276_access_fu_128">
<pin_list>
<pin id="129" dir="0" index="0" bw="10" slack="0"/>
<pin id="130" dir="0" index="1" bw="10" slack="1"/>
<pin id="131" dir="0" index="2" bw="0" slack="2147483647"/>
<pin id="132" dir="1" index="3" bw="10" slack="2147483647"/>
</pin_list>
<bind>
<opcode="store(28) " fcode="store"/>
<opset="store_ln276/3 "/>
</bind>
</comp>

<comp id="134" class="1004" name="store_ln0_store_fu_134">
<pin_list>
<pin id="135" dir="0" index="0" bw="1" slack="0"/>
<pin id="136" dir="0" index="1" bw="11" slack="0"/>
<pin id="137" dir="1" index="2" bw="0" slack="2147483647"/>
</pin_list>
<bind>
<opcode="store(28) " fcode="store"/>
<opset="store_ln0/1 "/>
</bind>
</comp>

<comp id="139" class="1004" name="i_3_load_fu_139">
<pin_list>
<pin id="140" dir="0" index="0" bw="11" slack="0"/>
<pin id="141" dir="1" index="1" bw="11" slack="0"/>
</pin_list>
<bind>
<opcode="load(27) " fcode="load"/>
<opset="i_3/1 "/>
</bind>
</comp>

<comp id="142" class="1004" name="icmp_ln270_fu_142">
<pin_list>
<pin id="143" dir="0" index="0" bw="11" slack="0"/>
<pin id="144" dir="0" index="1" bw="11" slack="0"/>
<pin id="145" dir="1" index="2" bw="1" slack="1"/>
</pin_list>
<bind>
<opcode="icmp(45) " fcode="icmp"/>
<opset="icmp_ln270/1 "/>
</bind>
</comp>

<comp id="148" class="1004" name="add_ln270_fu_148">
<pin_list>
<pin id="149" dir="0" index="0" bw="11" slack="0"/>
<pin id="150" dir="0" index="1" bw="1" slack="0"/>
<pin id="151" dir="1" index="2" bw="11" slack="0"/>
</pin_list>
<bind>
<opcode="add(8) " fcode="add"/>
<opset="add_ln270/1 "/>
</bind>
</comp>

<comp id="154" class="1004" name="i_cast_fu_154">
<pin_list>
<pin id="155" dir="0" index="0" bw="11" slack="0"/>
<pin id="156" dir="1" index="1" bw="64" slack="0"/>
</pin_list>
<bind>
<opcode="zext(34) " fcode="zext"/>
<opset="i_cast/1 "/>
</bind>
</comp>

<comp id="161" class="1004" name="store_ln270_store_fu_161">
<pin_list>
<pin id="162" dir="0" index="0" bw="11" slack="0"/>
<pin id="163" dir="0" index="1" bw="11" slack="0"/>
<pin id="164" dir="1" index="2" bw="0" slack="2147483647"/>
</pin_list>
<bind>
<opcode="store(28) " fcode="store"/>
<opset="store_ln270/1 "/>
</bind>
</comp>

<comp id="166" class="1004" name="empty_fu_166">
<pin_list>
<pin id="167" dir="0" index="0" bw="16" slack="0"/>
<pin id="168" dir="1" index="1" bw="10" slack="1"/>
</pin_list>
<bind>
<opcode="trunc(33) " fcode="trunc"/>
<opset="empty/2 "/>
</bind>
</comp>

<comp id="170" class="1004" name="empty_47_fu_170">
<pin_list>
<pin id="171" dir="0" index="0" bw="16" slack="0"/>
<pin id="172" dir="1" index="1" bw="10" slack="1"/>
</pin_list>
<bind>
<opcode="trunc(33) " fcode="trunc"/>
<opset="empty_47/2 "/>
</bind>
</comp>

<comp id="174" class="1004" name="empty_48_fu_174">
<pin_list>
<pin id="175" dir="0" index="0" bw="16" slack="0"/>
<pin id="176" dir="1" index="1" bw="10" slack="1"/>
</pin_list>
<bind>
<opcode="trunc(33) " fcode="trunc"/>
<opset="empty_48/2 "/>
</bind>
</comp>

<comp id="178" class="1005" name="i_reg_178">
<pin_list>
<pin id="179" dir="0" index="0" bw="11" slack="0"/>
<pin id="180" dir="1" index="1" bw="11" slack="0"/>
</pin_list>
<bind>
<opset="i "/>
</bind>
</comp>

<comp id="185" class="1005" name="icmp_ln270_reg_185">
<pin_list>
<pin id="186" dir="0" index="0" bw="1" slack="1"/>
<pin id="187" dir="1" index="1" bw="1" slack="2147483647"/>
</pin_list>
<bind>
<opset="icmp_ln270 "/>
</bind>
</comp>

<comp id="189" class="1005" name="i_cast_reg_189">
<pin_list>
<pin id="190" dir="0" index="0" bw="64" slack="2"/>
<pin id="191" dir="1" index="1" bw="64" slack="2"/>
</pin_list>
<bind>
<opset="i_cast "/>
</bind>
</comp>

<comp id="196" class="1005" name="gamma_lut_0_addr_reg_196">
<pin_list>
<pin id="197" dir="0" index="0" bw="10" slack="1"/>
<pin id="198" dir="1" index="1" bw="10" slack="1"/>
</pin_list>
<bind>
<opset="gamma_lut_0_addr "/>
</bind>
</comp>

<comp id="201" class="1005" name="gamma_lut_1_addr_reg_201">
<pin_list>
<pin id="202" dir="0" index="0" bw="10" slack="1"/>
<pin id="203" dir="1" index="1" bw="10" slack="1"/>
</pin_list>
<bind>
<opset="gamma_lut_1_addr "/>
</bind>
</comp>

<comp id="206" class="1005" name="gamma_lut_2_addr_reg_206">
<pin_list>
<pin id="207" dir="0" index="0" bw="10" slack="1"/>
<pin id="208" dir="1" index="1" bw="10" slack="1"/>
</pin_list>
<bind>
<opset="gamma_lut_2_addr "/>
</bind>
</comp>

<comp id="211" class="1005" name="empty_reg_211">
<pin_list>
<pin id="212" dir="0" index="0" bw="10" slack="1"/>
<pin id="213" dir="1" index="1" bw="10" slack="1"/>
</pin_list>
<bind>
<opset="empty "/>
</bind>
</comp>

<comp id="216" class="1005" name="empty_47_reg_216">
<pin_list>
<pin id="217" dir="0" index="0" bw="10" slack="1"/>
<pin id="218" dir="1" index="1" bw="10" slack="1"/>
</pin_list>
<bind>
<opset="empty_47 "/>
</bind>
</comp>

<comp id="221" class="1005" name="empty_48_reg_221">
<pin_list>
<pin id="222" dir="0" index="0" bw="10" slack="1"/>
<pin id="223" dir="1" index="1" bw="10" slack="1"/>
</pin_list>
<bind>
<opset="empty_48 "/>
</bind>
</comp>

</comp_list>

<net_list>
<net id="55"><net_src comp="12" pin="0"/><net_sink comp="52" pin=0"/></net>

<net id="61"><net_src comp="0" pin="0"/><net_sink comp="56" pin=0"/></net>

<net id="62"><net_src comp="42" pin="0"/><net_sink comp="56" pin=1"/></net>

<net id="68"><net_src comp="56" pin="3"/><net_sink comp="63" pin=0"/></net>

<net id="74"><net_src comp="2" pin="0"/><net_sink comp="69" pin=0"/></net>

<net id="75"><net_src comp="42" pin="0"/><net_sink comp="69" pin=1"/></net>

<net id="81"><net_src comp="69" pin="3"/><net_sink comp="76" pin=0"/></net>

<net id="87"><net_src comp="4" pin="0"/><net_sink comp="82" pin=0"/></net>

<net id="88"><net_src comp="42" pin="0"/><net_sink comp="82" pin=1"/></net>

<net id="94"><net_src comp="82" pin="3"/><net_sink comp="89" pin=0"/></net>

<net id="100"><net_src comp="6" pin="0"/><net_sink comp="95" pin=0"/></net>

<net id="101"><net_src comp="42" pin="0"/><net_sink comp="95" pin=1"/></net>

<net id="107"><net_src comp="95" pin="3"/><net_sink comp="102" pin=0"/></net>

<net id="113"><net_src comp="8" pin="0"/><net_sink comp="108" pin=0"/></net>

<net id="114"><net_src comp="42" pin="0"/><net_sink comp="108" pin=1"/></net>

<net id="120"><net_src comp="108" pin="3"/><net_sink comp="115" pin=0"/></net>

<net id="126"><net_src comp="10" pin="0"/><net_sink comp="121" pin=0"/></net>

<net id="127"><net_src comp="42" pin="0"/><net_sink comp="121" pin=1"/></net>

<net id="133"><net_src comp="121" pin="3"/><net_sink comp="128" pin=0"/></net>

<net id="138"><net_src comp="32" pin="0"/><net_sink comp="134" pin=0"/></net>

<net id="146"><net_src comp="139" pin="1"/><net_sink comp="142" pin=0"/></net>

<net id="147"><net_src comp="38" pin="0"/><net_sink comp="142" pin=1"/></net>

<net id="152"><net_src comp="139" pin="1"/><net_sink comp="148" pin=0"/></net>

<net id="153"><net_src comp="40" pin="0"/><net_sink comp="148" pin=1"/></net>

<net id="157"><net_src comp="139" pin="1"/><net_sink comp="154" pin=0"/></net>

<net id="158"><net_src comp="154" pin="1"/><net_sink comp="56" pin=2"/></net>

<net id="159"><net_src comp="154" pin="1"/><net_sink comp="69" pin=2"/></net>

<net id="160"><net_src comp="154" pin="1"/><net_sink comp="82" pin=2"/></net>

<net id="165"><net_src comp="148" pin="2"/><net_sink comp="161" pin=0"/></net>

<net id="169"><net_src comp="63" pin="3"/><net_sink comp="166" pin=0"/></net>

<net id="173"><net_src comp="76" pin="3"/><net_sink comp="170" pin=0"/></net>

<net id="177"><net_src comp="89" pin="3"/><net_sink comp="174" pin=0"/></net>

<net id="181"><net_src comp="52" pin="1"/><net_sink comp="178" pin=0"/></net>

<net id="182"><net_src comp="178" pin="1"/><net_sink comp="134" pin=1"/></net>

<net id="183"><net_src comp="178" pin="1"/><net_sink comp="139" pin=0"/></net>

<net id="184"><net_src comp="178" pin="1"/><net_sink comp="161" pin=1"/></net>

<net id="188"><net_src comp="142" pin="2"/><net_sink comp="185" pin=0"/></net>

<net id="192"><net_src comp="154" pin="1"/><net_sink comp="189" pin=0"/></net>

<net id="193"><net_src comp="189" pin="1"/><net_sink comp="95" pin=2"/></net>

<net id="194"><net_src comp="189" pin="1"/><net_sink comp="108" pin=2"/></net>

<net id="195"><net_src comp="189" pin="1"/><net_sink comp="121" pin=2"/></net>

<net id="199"><net_src comp="56" pin="3"/><net_sink comp="196" pin=0"/></net>

<net id="200"><net_src comp="196" pin="1"/><net_sink comp="63" pin=0"/></net>

<net id="204"><net_src comp="69" pin="3"/><net_sink comp="201" pin=0"/></net>

<net id="205"><net_src comp="201" pin="1"/><net_sink comp="76" pin=0"/></net>

<net id="209"><net_src comp="82" pin="3"/><net_sink comp="206" pin=0"/></net>

<net id="210"><net_src comp="206" pin="1"/><net_sink comp="89" pin=0"/></net>

<net id="214"><net_src comp="166" pin="1"/><net_sink comp="211" pin=0"/></net>

<net id="215"><net_src comp="211" pin="1"/><net_sink comp="102" pin=1"/></net>

<net id="219"><net_src comp="170" pin="1"/><net_sink comp="216" pin=0"/></net>

<net id="220"><net_src comp="216" pin="1"/><net_sink comp="115" pin=1"/></net>

<net id="224"><net_src comp="174" pin="1"/><net_sink comp="221" pin=0"/></net>

<net id="225"><net_src comp="221" pin="1"/><net_sink comp="128" pin=1"/></net>

</net_list>

</model> 
---------------- Datapath Model END ------------------

* FSMD analyzer results:
  - Output states:
	Port: lut_0_0 | {3 }
	Port: lut_1_0 | {3 }
	Port: lut_2_0 | {3 }
 - Input state : 
	Port: Gamma_Pipeline_VITIS_LOOP_270_1 : gamma_lut_0 | {1 2 }
	Port: Gamma_Pipeline_VITIS_LOOP_270_1 : gamma_lut_1 | {1 2 }
	Port: Gamma_Pipeline_VITIS_LOOP_270_1 : gamma_lut_2 | {1 2 }
  - Chain level:
	State 1
		store_ln0 : 1
		i_3 : 1
		icmp_ln270 : 2
		add_ln270 : 2
		br_ln270 : 3
		i_cast : 2
		gamma_lut_0_addr : 3
		gamma_lut_0_load : 4
		gamma_lut_1_addr : 3
		gamma_lut_1_load : 4
		gamma_lut_2_addr : 3
		gamma_lut_2_load : 4
		store_ln270 : 3
	State 2
		empty : 1
		empty_47 : 1
		empty_48 : 1
	State 3
		store_ln274 : 1
		store_ln275 : 1
		store_ln276 : 1


============================================================
+ Verbose Summary: Datapath Resource usage 
============================================================

* Functional unit list:
|----------|-------------------|---------|---------|
| Operation|  Functional Unit  |    FF   |   LUT   |
|----------|-------------------|---------|---------|
|   icmp   | icmp_ln270_fu_142 |    0    |    11   |
|----------|-------------------|---------|---------|
|    add   |  add_ln270_fu_148 |    0    |    11   |
|----------|-------------------|---------|---------|
|   zext   |   i_cast_fu_154   |    0    |    0    |
|----------|-------------------|---------|---------|
|          |    empty_fu_166   |    0    |    0    |
|   trunc  |  empty_47_fu_170  |    0    |    0    |
|          |  empty_48_fu_174  |    0    |    0    |
|----------|-------------------|---------|---------|
|   Total  |                   |    0    |    22   |
|----------|-------------------|---------|---------|

Memories:
N/A

* Register list:
+------------------------+--------+
|                        |   FF   |
+------------------------+--------+
|    empty_47_reg_216    |   10   |
|    empty_48_reg_221    |   10   |
|      empty_reg_211     |   10   |
|gamma_lut_0_addr_reg_196|   10   |
|gamma_lut_1_addr_reg_201|   10   |
|gamma_lut_2_addr_reg_206|   10   |
|     i_cast_reg_189     |   64   |
|        i_reg_178       |   11   |
|   icmp_ln270_reg_185   |    1   |
+------------------------+--------+
|          Total         |   136  |
+------------------------+--------+

* Multiplexer (MUX) list: 
|------------------|------|------|------|--------||---------||---------|
|       Comp       |  Pin | Size |  BW  | S x BW ||  Delay  ||   LUT   |
|------------------|------|------|------|--------||---------||---------|
| grp_access_fu_63 |  p0  |   2  |  10  |   20   ||    9    |
| grp_access_fu_76 |  p0  |   2  |  10  |   20   ||    9    |
| grp_access_fu_89 |  p0  |   2  |  10  |   20   ||    9    |
|------------------|------|------|------|--------||---------||---------|
|       Total      |      |      |      |   60   ||  3.894  ||    27   |
|------------------|------|------|------|--------||---------||---------|



* Summary:
+-----------+--------+--------+--------+
|           |  Delay |   FF   |   LUT  |
+-----------+--------+--------+--------+
|  Function |    -   |    0   |   22   |
|   Memory  |    -   |    -   |    -   |
|Multiplexer|    3   |    -   |   27   |
|  Register |    -   |   136  |    -   |
+-----------+--------+--------+--------+
|   Total   |    3   |   136  |   49   |
+-----------+--------+--------+--------+
