

================================================================
== Vitis HLS Report for 'Gamma_Pipeline_VITIS_LOOP_270_1'
================================================================
* Date:           Mon Jan  6 16:42:32 2025

* Version:        2023.1 (Build 3854077 on May  4 2023)
* Project:        prj
* Solution:       sol (Vivado IP Flow Target)
* Product family: zynq
* Target device:  xc7z020-clg400-2


================================================================
== Performance Estimates
================================================================
+ Timing: 
    * Summary: 
    +--------+---------+----------+------------+
    |  Clock |  Target | Estimated| Uncertainty|
    +--------+---------+----------+------------+
    |ap_clk  |  6.56 ns|  2.780 ns|     1.77 ns|
    +--------+---------+----------+------------+

+ Latency: 
    * Summary: 
    +---------+---------+----------+----------+------+------+---------+
    |  Latency (cycles) |  Latency (absolute) |   Interval  | Pipeline|
    |   min   |   max   |    min   |    max   |  min |  max |   Type  |
    +---------+---------+----------+----------+------+------+---------+
    |     1027|     1027|  6.739 us|  6.739 us|  1027|  1027|       no|
    +---------+---------+----------+----------+------+------+---------+

    + Detail: 
        * Instance: 
        N/A

        * Loop: 
        +--------------------+---------+---------+----------+-----------+-----------+------+----------+
        |                    |  Latency (cycles) | Iteration|  Initiation Interval  | Trip |          |
        |      Loop Name     |   min   |   max   |  Latency |  achieved |   target  | Count| Pipelined|
        +--------------------+---------+---------+----------+-----------+-----------+------+----------+
        |- VITIS_LOOP_270_1  |     1025|     1025|         3|          1|          1|  1024|       yes|
        +--------------------+---------+---------+----------+-----------+-----------+------+----------+

============================================================
+ Verbose Summary: Synthesis Manager
============================================================
InlineROM: 1
ExposeGlobal: 0
============================================================
+ Verbose Summary: CDFG Model
============================================================
IsTopModel: 0
ResetActiveHigh: 1
IsCombinational: 0
IsDatapathOnly: 0
HasWiredReturn: 1
HasMFsm: 2
HasVarLatency: 1
IsPipeline: 0
IsRtlPipelined: 0
IsInstanceOverlapped: 0
IsDontTouch: 0
HasImplIP: 0
IsGatedGlobalClock: 0

+ Individual pipeline summary: 
  * Pipeline-0: initiation interval (II) = 1, depth = 3


============================================================
+ Verbose Summary: Schedule
============================================================
* Number of FSM states : 3
* Pipeline : 1
  Pipeline-0 : II = 1, D = 3, States = { 1 2 3 }
* Dataflow Pipeline: 0

* FSM state transitions: 
1 --> 2 
2 --> 3 
3 --> 

* FSM state operations: 

State 1 <SV = 0> <Delay = 2.77>
ST_1 : Operation 6 [1/1] (0.00ns)   --->   "%i = alloca i32 1"   --->   Operation 6 'alloca' 'i' <Predicate = true> <Delay = 0.00>
ST_1 : Operation 7 [1/1] (0.00ns)   --->   "%specmemcore_ln0 = specmemcore void @_ssdm_op_SpecMemCore, i16 %gamma_lut_0, i64 666, i64 207, i64 1"   --->   Operation 7 'specmemcore' 'specmemcore_ln0' <Predicate = true> <Delay = 0.00>
ST_1 : Operation 8 [1/1] (0.00ns)   --->   "%specmemcore_ln0 = specmemcore void @_ssdm_op_SpecMemCore, i16 %gamma_lut_1, i64 666, i64 207, i64 1"   --->   Operation 8 'specmemcore' 'specmemcore_ln0' <Predicate = true> <Delay = 0.00>
ST_1 : Operation 9 [1/1] (0.00ns)   --->   "%specmemcore_ln0 = specmemcore void @_ssdm_op_SpecMemCore, i16 %gamma_lut_2, i64 666, i64 207, i64 1"   --->   Operation 9 'specmemcore' 'specmemcore_ln0' <Predicate = true> <Delay = 0.00>
ST_1 : Operation 10 [1/1] (0.00ns)   --->   "%specinterface_ln0 = specinterface void @_ssdm_op_SpecInterface, i16 %gamma_lut_0, void @empty_7, i32 0, i32 0, void @empty_0, i32 1, i32 0, void @empty_0, void @empty_0, void @empty_0, i32 0, i32 0, i32 0, i32 0, void @empty_0, void @empty_0, i32 4294967295, i32 0"   --->   Operation 10 'specinterface' 'specinterface_ln0' <Predicate = true> <Delay = 0.00>
ST_1 : Operation 11 [1/1] (0.00ns)   --->   "%specinterface_ln0 = specinterface void @_ssdm_op_SpecInterface, i16 %gamma_lut_1, void @empty_7, i32 0, i32 0, void @empty_0, i32 1, i32 0, void @empty_0, void @empty_0, void @empty_0, i32 0, i32 0, i32 0, i32 0, void @empty_0, void @empty_0, i32 4294967295, i32 0"   --->   Operation 11 'specinterface' 'specinterface_ln0' <Predicate = true> <Delay = 0.00>
ST_1 : Operation 12 [1/1] (0.00ns)   --->   "%specinterface_ln0 = specinterface void @_ssdm_op_SpecInterface, i16 %gamma_lut_2, void @empty_7, i32 0, i32 0, void @empty_0, i32 1, i32 0, void @empty_0, void @empty_0, void @empty_0, i32 0, i32 0, i32 0, i32 0, void @empty_0, void @empty_0, i32 4294967295, i32 0"   --->   Operation 12 'specinterface' 'specinterface_ln0' <Predicate = true> <Delay = 0.00>
ST_1 : Operation 13 [1/1] (1.29ns)   --->   "%store_ln0 = store i11 0, i11 %i"   --->   Operation 13 'store' 'store_ln0' <Predicate = true> <Delay = 1.29>
ST_1 : Operation 14 [1/1] (0.00ns)   --->   "%br_ln0 = br void %VITIS_LOOP_272_2"   --->   Operation 14 'br' 'br_ln0' <Predicate = true> <Delay = 0.00>
ST_1 : Operation 15 [1/1] (0.00ns)   --->   "%i_3 = load i11 %i" [C:/Users/Pie/Documents/Xilinx/CAM_20_V/CAM_20_V/release/release.runs/synth_1/prj/sol/.autopilot/db/v_gamma_lut.cpp:270]   --->   Operation 15 'load' 'i_3' <Predicate = true> <Delay = 0.00>
ST_1 : Operation 16 [1/1] (0.00ns)   --->   "%specpipeline_ln0 = specpipeline void @_ssdm_op_SpecPipeline, i32 4294967295, i32 0, i32 1, i32 0, void @p_str"   --->   Operation 16 'specpipeline' 'specpipeline_ln0' <Predicate = true> <Delay = 0.00>
ST_1 : Operation 17 [1/1] (1.48ns)   --->   "%icmp_ln270 = icmp_eq  i11 %i_3, i11 1024" [C:/Users/Pie/Documents/Xilinx/CAM_20_V/CAM_20_V/release/release.runs/synth_1/prj/sol/.autopilot/db/v_gamma_lut.cpp:270]   --->   Operation 17 'icmp' 'icmp_ln270' <Predicate = true> <Delay = 1.48> <CoreInst = "Cmp">   --->   Core 9 'Cmp' <Latency = 0> <II = 1> <Delay = 1.48> <FuncUnit> <Opcode : 'icmp'> <InPorts = 2> <OutPorts = 1>
ST_1 : Operation 18 [1/1] (1.48ns)   --->   "%add_ln270 = add i11 %i_3, i11 1" [C:/Users/Pie/Documents/Xilinx/CAM_20_V/CAM_20_V/release/release.runs/synth_1/prj/sol/.autopilot/db/v_gamma_lut.cpp:270]   --->   Operation 18 'add' 'add_ln270' <Predicate = true> <Delay = 1.48> <CoreInst = "Adder">   --->   Core 1 'Adder' <Latency = 0> <II = 1> <Delay = 1.48> <FuncUnit> <Opcode : 'add' 'sub'> <InPorts = 2> <OutPorts = 1>
ST_1 : Operation 19 [1/1] (0.00ns)   --->   "%br_ln270 = br i1 %icmp_ln270, void %VITIS_LOOP_272_2.split, void %VITIS_LOOP_282_4.preheader.exitStub" [C:/Users/Pie/Documents/Xilinx/CAM_20_V/CAM_20_V/release/release.runs/synth_1/prj/sol/.autopilot/db/v_gamma_lut.cpp:270]   --->   Operation 19 'br' 'br_ln270' <Predicate = true> <Delay = 0.00>
ST_1 : Operation 20 [1/1] (0.00ns)   --->   "%i_cast = zext i11 %i_3" [C:/Users/Pie/Documents/Xilinx/CAM_20_V/CAM_20_V/release/release.runs/synth_1/prj/sol/.autopilot/db/v_gamma_lut.cpp:270]   --->   Operation 20 'zext' 'i_cast' <Predicate = (!icmp_ln270)> <Delay = 0.00>
ST_1 : Operation 21 [1/1] (0.00ns)   --->   "%gamma_lut_0_addr = getelementptr i16 %gamma_lut_0, i64 0, i64 %i_cast" [C:/Users/Pie/Documents/Xilinx/CAM_20_V/CAM_20_V/release/release.runs/synth_1/prj/sol/.autopilot/db/v_gamma_lut.cpp:270]   --->   Operation 21 'getelementptr' 'gamma_lut_0_addr' <Predicate = (!icmp_ln270)> <Delay = 0.00>
ST_1 : Operation 22 [2/2] (2.77ns)   --->   "%gamma_lut_0_load = load i10 %gamma_lut_0_addr" [C:/Users/Pie/Documents/Xilinx/CAM_20_V/CAM_20_V/release/release.runs/synth_1/prj/sol/.autopilot/db/v_gamma_lut.cpp:270]   --->   Operation 22 'load' 'gamma_lut_0_load' <Predicate = (!icmp_ln270)> <Delay = 2.77> <CoreInst = "RAM_1P">   --->   Core 86 'RAM_1P' <Latency = 1> <II = 1> <Delay = 2.77> <Storage> <Opcode : 'load' 'store'> <Ports = 1> <Width = 16> <Depth = 1024> <RAM>
ST_1 : Operation 23 [1/1] (0.00ns)   --->   "%gamma_lut_1_addr = getelementptr i16 %gamma_lut_1, i64 0, i64 %i_cast" [C:/Users/Pie/Documents/Xilinx/CAM_20_V/CAM_20_V/release/release.runs/synth_1/prj/sol/.autopilot/db/v_gamma_lut.cpp:270]   --->   Operation 23 'getelementptr' 'gamma_lut_1_addr' <Predicate = (!icmp_ln270)> <Delay = 0.00>
ST_1 : Operation 24 [2/2] (2.77ns)   --->   "%gamma_lut_1_load = load i10 %gamma_lut_1_addr" [C:/Users/Pie/Documents/Xilinx/CAM_20_V/CAM_20_V/release/release.runs/synth_1/prj/sol/.autopilot/db/v_gamma_lut.cpp:270]   --->   Operation 24 'load' 'gamma_lut_1_load' <Predicate = (!icmp_ln270)> <Delay = 2.77> <CoreInst = "RAM_1P">   --->   Core 86 'RAM_1P' <Latency = 1> <II = 1> <Delay = 2.77> <Storage> <Opcode : 'load' 'store'> <Ports = 1> <Width = 16> <Depth = 1024> <RAM>
ST_1 : Operation 25 [1/1] (0.00ns)   --->   "%gamma_lut_2_addr = getelementptr i16 %gamma_lut_2, i64 0, i64 %i_cast" [C:/Users/Pie/Documents/Xilinx/CAM_20_V/CAM_20_V/release/release.runs/synth_1/prj/sol/.autopilot/db/v_gamma_lut.cpp:270]   --->   Operation 25 'getelementptr' 'gamma_lut_2_addr' <Predicate = (!icmp_ln270)> <Delay = 0.00>
ST_1 : Operation 26 [2/2] (2.77ns)   --->   "%gamma_lut_2_load = load i10 %gamma_lut_2_addr" [C:/Users/Pie/Documents/Xilinx/CAM_20_V/CAM_20_V/release/release.runs/synth_1/prj/sol/.autopilot/db/v_gamma_lut.cpp:270]   --->   Operation 26 'load' 'gamma_lut_2_load' <Predicate = (!icmp_ln270)> <Delay = 2.77> <CoreInst = "RAM_1P">   --->   Core 86 'RAM_1P' <Latency = 1> <II = 1> <Delay = 2.77> <Storage> <Opcode : 'load' 'store'> <Ports = 1> <Width = 16> <Depth = 1024> <RAM>
ST_1 : Operation 27 [1/1] (1.29ns)   --->   "%store_ln270 = store i11 %add_ln270, i11 %i" [C:/Users/Pie/Documents/Xilinx/CAM_20_V/CAM_20_V/release/release.runs/synth_1/prj/sol/.autopilot/db/v_gamma_lut.cpp:270]   --->   Operation 27 'store' 'store_ln270' <Predicate = (!icmp_ln270)> <Delay = 1.29>

State 2 <SV = 1> <Delay = 2.77>
ST_2 : Operation 28 [1/2] (2.77ns)   --->   "%gamma_lut_0_load = load i10 %gamma_lut_0_addr" [C:/Users/Pie/Documents/Xilinx/CAM_20_V/CAM_20_V/release/release.runs/synth_1/prj/sol/.autopilot/db/v_gamma_lut.cpp:270]   --->   Operation 28 'load' 'gamma_lut_0_load' <Predicate = true> <Delay = 2.77> <CoreInst = "RAM_1P">   --->   Core 86 'RAM_1P' <Latency = 1> <II = 1> <Delay = 2.77> <Storage> <Opcode : 'load' 'store'> <Ports = 1> <Width = 16> <Depth = 1024> <RAM>
ST_2 : Operation 29 [1/1] (0.00ns)   --->   "%empty = trunc i16 %gamma_lut_0_load" [C:/Users/Pie/Documents/Xilinx/CAM_20_V/CAM_20_V/release/release.runs/synth_1/prj/sol/.autopilot/db/v_gamma_lut.cpp:270]   --->   Operation 29 'trunc' 'empty' <Predicate = true> <Delay = 0.00>
ST_2 : Operation 30 [1/2] (2.77ns)   --->   "%gamma_lut_1_load = load i10 %gamma_lut_1_addr" [C:/Users/Pie/Documents/Xilinx/CAM_20_V/CAM_20_V/release/release.runs/synth_1/prj/sol/.autopilot/db/v_gamma_lut.cpp:270]   --->   Operation 30 'load' 'gamma_lut_1_load' <Predicate = true> <Delay = 2.77> <CoreInst = "RAM_1P">   --->   Core 86 'RAM_1P' <Latency = 1> <II = 1> <Delay = 2.77> <Storage> <Opcode : 'load' 'store'> <Ports = 1> <Width = 16> <Depth = 1024> <RAM>
ST_2 : Operation 31 [1/1] (0.00ns)   --->   "%empty_47 = trunc i16 %gamma_lut_1_load" [C:/Users/Pie/Documents/Xilinx/CAM_20_V/CAM_20_V/release/release.runs/synth_1/prj/sol/.autopilot/db/v_gamma_lut.cpp:270]   --->   Operation 31 'trunc' 'empty_47' <Predicate = true> <Delay = 0.00>
ST_2 : Operation 32 [1/2] (2.77ns)   --->   "%gamma_lut_2_load = load i10 %gamma_lut_2_addr" [C:/Users/Pie/Documents/Xilinx/CAM_20_V/CAM_20_V/release/release.runs/synth_1/prj/sol/.autopilot/db/v_gamma_lut.cpp:270]   --->   Operation 32 'load' 'gamma_lut_2_load' <Predicate = true> <Delay = 2.77> <CoreInst = "RAM_1P">   --->   Core 86 'RAM_1P' <Latency = 1> <II = 1> <Delay = 2.77> <Storage> <Opcode : 'load' 'store'> <Ports = 1> <Width = 16> <Depth = 1024> <RAM>
ST_2 : Operation 33 [1/1] (0.00ns)   --->   "%empty_48 = trunc i16 %gamma_lut_2_load" [C:/Users/Pie/Documents/Xilinx/CAM_20_V/CAM_20_V/release/release.runs/synth_1/prj/sol/.autopilot/db/v_gamma_lut.cpp:270]   --->   Operation 33 'trunc' 'empty_48' <Predicate = true> <Delay = 0.00>
ST_2 : Operation 43 [1/1] (0.00ns)   --->   "%ret_ln0 = ret"   --->   Operation 43 'ret' 'ret_ln0' <Predicate = (icmp_ln270)> <Delay = 0.00>

State 3 <SV = 2> <Delay = 2.77>
ST_3 : Operation 34 [1/1] (0.00ns)   --->   "%speclooptripcount_ln270 = speclooptripcount void @_ssdm_op_SpecLoopTripCount, i64 1024, i64 1024, i64 1024" [C:/Users/Pie/Documents/Xilinx/CAM_20_V/CAM_20_V/release/release.runs/synth_1/prj/sol/.autopilot/db/v_gamma_lut.cpp:270]   --->   Operation 34 'speclooptripcount' 'speclooptripcount_ln270' <Predicate = true> <Delay = 0.00>
ST_3 : Operation 35 [1/1] (0.00ns)   --->   "%specloopname_ln270 = specloopname void @_ssdm_op_SpecLoopName, void @empty_24" [C:/Users/Pie/Documents/Xilinx/CAM_20_V/CAM_20_V/release/release.runs/synth_1/prj/sol/.autopilot/db/v_gamma_lut.cpp:270]   --->   Operation 35 'specloopname' 'specloopname_ln270' <Predicate = true> <Delay = 0.00>
ST_3 : Operation 36 [1/1] (0.00ns)   --->   "%lut_0_0_addr = getelementptr i10 %lut_0_0, i64 0, i64 %i_cast" [C:/Users/Pie/Documents/Xilinx/CAM_20_V/CAM_20_V/release/release.runs/synth_1/prj/sol/.autopilot/db/v_gamma_lut.cpp:274]   --->   Operation 36 'getelementptr' 'lut_0_0_addr' <Predicate = true> <Delay = 0.00>
ST_3 : Operation 37 [1/1] (2.77ns)   --->   "%store_ln274 = store i10 %empty, i10 %lut_0_0_addr" [C:/Users/Pie/Documents/Xilinx/CAM_20_V/CAM_20_V/release/release.runs/synth_1/prj/sol/.autopilot/db/v_gamma_lut.cpp:274]   --->   Operation 37 'store' 'store_ln274' <Predicate = true> <Delay = 2.77> <CoreInst = "RAM">   --->   Core 82 'RAM' <Latency = 1> <II = 1> <Delay = 2.77> <Storage> <Opcode : 'load' 'store'> <Ports = 2> <Width = 10> <Depth = 1024> <RAM>
ST_3 : Operation 38 [1/1] (0.00ns)   --->   "%lut_1_0_addr = getelementptr i10 %lut_1_0, i64 0, i64 %i_cast" [C:/Users/Pie/Documents/Xilinx/CAM_20_V/CAM_20_V/release/release.runs/synth_1/prj/sol/.autopilot/db/v_gamma_lut.cpp:275]   --->   Operation 38 'getelementptr' 'lut_1_0_addr' <Predicate = true> <Delay = 0.00>
ST_3 : Operation 39 [1/1] (2.77ns)   --->   "%store_ln275 = store i10 %empty_47, i10 %lut_1_0_addr" [C:/Users/Pie/Documents/Xilinx/CAM_20_V/CAM_20_V/release/release.runs/synth_1/prj/sol/.autopilot/db/v_gamma_lut.cpp:275]   --->   Operation 39 'store' 'store_ln275' <Predicate = true> <Delay = 2.77> <CoreInst = "RAM">   --->   Core 82 'RAM' <Latency = 1> <II = 1> <Delay = 2.77> <Storage> <Opcode : 'load' 'store'> <Ports = 2> <Width = 10> <Depth = 1024> <RAM>
ST_3 : Operation 40 [1/1] (0.00ns)   --->   "%lut_2_0_addr = getelementptr i10 %lut_2_0, i64 0, i64 %i_cast" [C:/Users/Pie/Documents/Xilinx/CAM_20_V/CAM_20_V/release/release.runs/synth_1/prj/sol/.autopilot/db/v_gamma_lut.cpp:276]   --->   Operation 40 'getelementptr' 'lut_2_0_addr' <Predicate = true> <Delay = 0.00>
ST_3 : Operation 41 [1/1] (2.77ns)   --->   "%store_ln276 = store i10 %empty_48, i10 %lut_2_0_addr" [C:/Users/Pie/Documents/Xilinx/CAM_20_V/CAM_20_V/release/release.runs/synth_1/prj/sol/.autopilot/db/v_gamma_lut.cpp:276]   --->   Operation 41 'store' 'store_ln276' <Predicate = true> <Delay = 2.77> <CoreInst = "RAM">   --->   Core 82 'RAM' <Latency = 1> <II = 1> <Delay = 2.77> <Storage> <Opcode : 'load' 'store'> <Ports = 2> <Width = 10> <Depth = 1024> <RAM>
ST_3 : Operation 42 [1/1] (0.00ns)   --->   "%br_ln270 = br void %VITIS_LOOP_272_2" [C:/Users/Pie/Documents/Xilinx/CAM_20_V/CAM_20_V/release/release.runs/synth_1/prj/sol/.autopilot/db/v_gamma_lut.cpp:270]   --->   Operation 42 'br' 'br_ln270' <Predicate = true> <Delay = 0.00>


============================================================
+ Verbose Summary: Timing violations
============================================================
Target clock period: 6.562ns, clock uncertainty: 1.772ns.

 <State 1>: 2.780ns
The critical path consists of the following:
	'alloca' operation ('i') [7]  (0.000 ns)
	'load' operation ('i', C:/Users/Pie/Documents/Xilinx/CAM_20_V/CAM_20_V/release/release.runs/synth_1/prj/sol/.autopilot/db/v_gamma_lut.cpp:270) on local variable 'i' [17]  (0.000 ns)
	'add' operation ('add_ln270', C:/Users/Pie/Documents/Xilinx/CAM_20_V/CAM_20_V/release/release.runs/synth_1/prj/sol/.autopilot/db/v_gamma_lut.cpp:270) [20]  (1.482 ns)
	'store' operation ('store_ln270', C:/Users/Pie/Documents/Xilinx/CAM_20_V/CAM_20_V/release/release.runs/synth_1/prj/sol/.autopilot/db/v_gamma_lut.cpp:270) of variable 'add_ln270', C:/Users/Pie/Documents/Xilinx/CAM_20_V/CAM_20_V/release/release.runs/synth_1/prj/sol/.autopilot/db/v_gamma_lut.cpp:270 on local variable 'i' [41]  (1.298 ns)

 <State 2>: 2.771ns
The critical path consists of the following:
	'load' operation ('gamma_lut_0_load', C:/Users/Pie/Documents/Xilinx/CAM_20_V/CAM_20_V/release/release.runs/synth_1/prj/sol/.autopilot/db/v_gamma_lut.cpp:270) on array 'gamma_lut_0' [27]  (2.771 ns)

 <State 3>: 2.771ns
The critical path consists of the following:
	'getelementptr' operation ('lut_0_0_addr', C:/Users/Pie/Documents/Xilinx/CAM_20_V/CAM_20_V/release/release.runs/synth_1/prj/sol/.autopilot/db/v_gamma_lut.cpp:274) [35]  (0.000 ns)
	'store' operation ('store_ln274', C:/Users/Pie/Documents/Xilinx/CAM_20_V/CAM_20_V/release/release.runs/synth_1/prj/sol/.autopilot/db/v_gamma_lut.cpp:274) of variable 'empty', C:/Users/Pie/Documents/Xilinx/CAM_20_V/CAM_20_V/release/release.runs/synth_1/prj/sol/.autopilot/db/v_gamma_lut.cpp:270 on array 'lut_0_0' [36]  (2.771 ns)


============================================================
+ Verbose Summary: Binding
============================================================
N/A
* FSMD analyzer results:
  - Output states:
 - Input state : 
  - Chain level:
	State 1
	State 2
	State 3


============================================================
+ Verbose Summary: Datapath Resource usage 
============================================================
N/A
