

================================================================
== Vitis HLS Report for 'Gamma_Pipeline_VITIS_LOOP_282_4'
================================================================
* Date:           Mon Jan  6 16:42:33 2025

* Version:        2023.1 (Build 3854077 on May  4 2023)
* Project:        prj
* Solution:       sol (Vivado IP Flow Target)
* Product family: zynq
* Target device:  xc7z020-clg400-2


================================================================
== Performance Estimates
================================================================
+ Timing: 
    * Summary: 
    +--------+---------+----------+------------+
    |  Clock |  Target | Estimated| Uncertainty|
    +--------+---------+----------+------------+
    |ap_clk  |  6.56 ns|  2.835 ns|     1.77 ns|
    +--------+---------+----------+------------+

+ Latency: 
    * Summary: 
    +---------+---------+-----------+-----------+-----+------+---------+
    |  Latency (cycles) |   Latency (absolute)  |  Interval  | Pipeline|
    |   min   |   max   |    min    |    max    | min |  max |   Type  |
    +---------+---------+-----------+-----------+-----+------+---------+
    |        2|     4101|  13.124 ns|  26.911 us|    2|  4101|       no|
    +---------+---------+-----------+-----------+-----+------+---------+

    + Detail: 
        * Instance: 
        N/A

        * Loop: 
        +--------------------+---------+---------+----------+-----------+-----------+----------+----------+
        |                    |  Latency (cycles) | Iteration|  Initiation Interval  |   Trip   |          |
        |      Loop Name     |   min   |   max   |  Latency |  achieved |   target  |   Count  | Pipelined|
        +--------------------+---------+---------+----------+-----------+-----------+----------+----------+
        |- VITIS_LOOP_282_4  |        0|     4099|         5|          1|          1|  0 ~ 4096|       yes|
        +--------------------+---------+---------+----------+-----------+-----------+----------+----------+

============================================================
+ Verbose Summary: Synthesis Manager
============================================================
InlineROM: 1
ExposeGlobal: 0
============================================================
+ Verbose Summary: CDFG Model
============================================================
IsTopModel: 0
ResetActiveHigh: 1
IsCombinational: 0
IsDatapathOnly: 0
HasWiredReturn: 1
HasMFsm: 2
HasVarLatency: 1
IsPipeline: 0
IsRtlPipelined: 0
IsInstanceOverlapped: 0
IsDontTouch: 0
HasImplIP: 0
IsGatedGlobalClock: 0

+ Individual pipeline summary: 
  * Pipeline-0: initiation interval (II) = 1, depth = 5


============================================================
+ Verbose Summary: Schedule
============================================================
* Number of FSM states : 5
* Pipeline : 1
  Pipeline-0 : II = 1, D = 5, States = { 1 2 3 4 5 }
* Dataflow Pipeline: 0

* FSM state transitions: 
1 --> 2 
2 --> 3 
3 --> 4 
4 --> 5 
5 --> 

* FSM state operations: 

State 1 <SV = 0> <Delay = 2.83>
ST_1 : Operation 8 [1/1] (0.00ns)   --->   "%x = alloca i32 1"   --->   Operation 8 'alloca' 'x' <Predicate = true> <Delay = 0.00>
ST_1 : Operation 9 [1/1] (0.00ns)   --->   "%specinterface_ln0 = specinterface void @_ssdm_op_SpecInterface, i30 %imgRgb, void @empty_12, i32 0, i32 0, void @empty_0, i32 0, i32 0, void @empty_0, void @empty_0, void @empty_0, i32 0, i32 0, i32 0, i32 0, void @empty_0, void @empty_0, i32 4294967295, i32 0"   --->   Operation 9 'specinterface' 'specinterface_ln0' <Predicate = true> <Delay = 0.00>
ST_1 : Operation 10 [1/1] (0.00ns)   --->   "%specinterface_ln0 = specinterface void @_ssdm_op_SpecInterface, i30 %imgGamma, void @empty_12, i32 0, i32 0, void @empty_0, i32 0, i32 0, void @empty_0, void @empty_0, void @empty_0, i32 0, i32 0, i32 0, i32 0, void @empty_0, void @empty_0, i32 4294967295, i32 0"   --->   Operation 10 'specinterface' 'specinterface_ln0' <Predicate = true> <Delay = 0.00>
ST_1 : Operation 11 [1/1] (0.00ns)   --->   "%width_load_cast_read = read i13 @_ssdm_op_Read.ap_auto.i13, i13 %width_load_cast"   --->   Operation 11 'read' 'width_load_cast_read' <Predicate = true> <Delay = 0.00>
ST_1 : Operation 12 [1/1] (1.29ns)   --->   "%store_ln0 = store i13 0, i13 %x"   --->   Operation 12 'store' 'store_ln0' <Predicate = true> <Delay = 1.29>
ST_1 : Operation 13 [1/1] (0.00ns)   --->   "%br_ln0 = br void %for.inc123"   --->   Operation 13 'br' 'br_ln0' <Predicate = true> <Delay = 0.00>
ST_1 : Operation 14 [1/1] (0.00ns)   --->   "%x_1 = load i13 %x" [C:/Users/Pie/Documents/Xilinx/CAM_20_V/CAM_20_V/release/release.runs/synth_1/prj/sol/.autopilot/db/v_gamma_lut.cpp:282]   --->   Operation 14 'load' 'x_1' <Predicate = true> <Delay = 0.00>
ST_1 : Operation 15 [1/1] (1.53ns)   --->   "%icmp_ln282 = icmp_eq  i13 %x_1, i13 %width_load_cast_read" [C:/Users/Pie/Documents/Xilinx/CAM_20_V/CAM_20_V/release/release.runs/synth_1/prj/sol/.autopilot/db/v_gamma_lut.cpp:282]   --->   Operation 15 'icmp' 'icmp_ln282' <Predicate = true> <Delay = 1.53> <CoreInst = "Cmp">   --->   Core 9 'Cmp' <Latency = 0> <II = 1> <Delay = 1.53> <FuncUnit> <Opcode : 'icmp'> <InPorts = 2> <OutPorts = 1>
ST_1 : Operation 16 [1/1] (0.00ns)   --->   "%speclooptripcount_ln0 = speclooptripcount void @_ssdm_op_SpecLoopTripCount, i64 0, i64 4096, i64 0"   --->   Operation 16 'speclooptripcount' 'speclooptripcount_ln0' <Predicate = true> <Delay = 0.00>
ST_1 : Operation 17 [1/1] (1.53ns)   --->   "%x_2 = add i13 %x_1, i13 1" [C:/Users/Pie/Documents/Xilinx/CAM_20_V/CAM_20_V/release/release.runs/synth_1/prj/sol/.autopilot/db/v_gamma_lut.cpp:282]   --->   Operation 17 'add' 'x_2' <Predicate = true> <Delay = 1.53> <CoreInst = "Adder">   --->   Core 1 'Adder' <Latency = 0> <II = 1> <Delay = 1.53> <FuncUnit> <Opcode : 'add' 'sub'> <InPorts = 2> <OutPorts = 1>
ST_1 : Operation 18 [1/1] (0.00ns)   --->   "%br_ln282 = br i1 %icmp_ln282, void %for.inc123.split, void %for.inc131.loopexit.exitStub" [C:/Users/Pie/Documents/Xilinx/CAM_20_V/CAM_20_V/release/release.runs/synth_1/prj/sol/.autopilot/db/v_gamma_lut.cpp:282]   --->   Operation 18 'br' 'br_ln282' <Predicate = true> <Delay = 0.00>
ST_1 : Operation 19 [1/1] (1.29ns)   --->   "%store_ln282 = store i13 %x_2, i13 %x" [C:/Users/Pie/Documents/Xilinx/CAM_20_V/CAM_20_V/release/release.runs/synth_1/prj/sol/.autopilot/db/v_gamma_lut.cpp:282]   --->   Operation 19 'store' 'store_ln282' <Predicate = (!icmp_ln282)> <Delay = 1.29>

State 2 <SV = 1> <Delay = 2.39>
ST_2 : Operation 20 [1/1] (2.39ns)   --->   "%imgRgb_read = read i30 @_ssdm_op_Read.ap_fifo.volatile.i30P0A, i30 %imgRgb" [C:/Users/Pie/Documents/Xilinx/CAM_20_V/CAM_20_V/release/release.runs/synth_1/prj/sol/.autopilot/db/v_gamma_lut.cpp:288]   --->   Operation 20 'read' 'imgRgb_read' <Predicate = true> <Delay = 2.39> <CoreInst = "FIFO_SRL">   --->   Core 81 'FIFO_SRL' <Latency = 0> <II = 1> <Delay = 3.40> <Storage> <Opcode : 'read' 'write' 'nbread' 'nbwrite'> <Ports = 0> <Width = 30> <Depth = 16> <FIFO>
ST_2 : Operation 21 [1/1] (0.00ns)   --->   "%g = trunc i30 %imgRgb_read" [C:/Users/Pie/Documents/Xilinx/CAM_20_V/CAM_20_V/release/release.runs/synth_1/prj/sol/.autopilot/db/v_gamma_lut.cpp:288]   --->   Operation 21 'trunc' 'g' <Predicate = true> <Delay = 0.00>
ST_2 : Operation 22 [1/1] (0.00ns)   --->   "%b = partselect i10 @_ssdm_op_PartSelect.i10.i30.i32.i32, i30 %imgRgb_read, i32 10, i32 19" [C:/Users/Pie/Documents/Xilinx/CAM_20_V/CAM_20_V/release/release.runs/synth_1/prj/sol/.autopilot/db/v_gamma_lut.cpp:288]   --->   Operation 22 'partselect' 'b' <Predicate = true> <Delay = 0.00>
ST_2 : Operation 23 [1/1] (0.00ns)   --->   "%r = partselect i10 @_ssdm_op_PartSelect.i10.i30.i32.i32, i30 %imgRgb_read, i32 20, i32 29" [C:/Users/Pie/Documents/Xilinx/CAM_20_V/CAM_20_V/release/release.runs/synth_1/prj/sol/.autopilot/db/v_gamma_lut.cpp:288]   --->   Operation 23 'partselect' 'r' <Predicate = true> <Delay = 0.00>

State 3 <SV = 2> <Delay = 2.77>
ST_3 : Operation 24 [1/1] (0.00ns)   --->   "%zext_ln296 = zext i10 %g" [C:/Users/Pie/Documents/Xilinx/CAM_20_V/CAM_20_V/release/release.runs/synth_1/prj/sol/.autopilot/db/v_gamma_lut.cpp:296]   --->   Operation 24 'zext' 'zext_ln296' <Predicate = true> <Delay = 0.00>
ST_3 : Operation 25 [1/1] (0.00ns)   --->   "%lut_1_0_addr = getelementptr i10 %lut_1_0, i64 0, i64 %zext_ln296" [C:/Users/Pie/Documents/Xilinx/CAM_20_V/CAM_20_V/release/release.runs/synth_1/prj/sol/.autopilot/db/v_gamma_lut.cpp:296]   --->   Operation 25 'getelementptr' 'lut_1_0_addr' <Predicate = true> <Delay = 0.00>
ST_3 : Operation 26 [2/2] (2.77ns)   --->   "%lut_1_0_load = load i10 %lut_1_0_addr" [C:/Users/Pie/Documents/Xilinx/CAM_20_V/CAM_20_V/release/release.runs/synth_1/prj/sol/.autopilot/db/v_gamma_lut.cpp:296]   --->   Operation 26 'load' 'lut_1_0_load' <Predicate = true> <Delay = 2.77> <CoreInst = "RAM">   --->   Core 82 'RAM' <Latency = 1> <II = 1> <Delay = 2.77> <Storage> <Opcode : 'load' 'store'> <Ports = 2> <Width = 10> <Depth = 1024> <RAM>
ST_3 : Operation 27 [1/1] (0.00ns)   --->   "%zext_ln297 = zext i10 %b" [C:/Users/Pie/Documents/Xilinx/CAM_20_V/CAM_20_V/release/release.runs/synth_1/prj/sol/.autopilot/db/v_gamma_lut.cpp:297]   --->   Operation 27 'zext' 'zext_ln297' <Predicate = true> <Delay = 0.00>
ST_3 : Operation 28 [1/1] (0.00ns)   --->   "%lut_2_0_addr = getelementptr i10 %lut_2_0, i64 0, i64 %zext_ln297" [C:/Users/Pie/Documents/Xilinx/CAM_20_V/CAM_20_V/release/release.runs/synth_1/prj/sol/.autopilot/db/v_gamma_lut.cpp:297]   --->   Operation 28 'getelementptr' 'lut_2_0_addr' <Predicate = true> <Delay = 0.00>
ST_3 : Operation 29 [2/2] (2.77ns)   --->   "%lut_2_0_load = load i10 %lut_2_0_addr" [C:/Users/Pie/Documents/Xilinx/CAM_20_V/CAM_20_V/release/release.runs/synth_1/prj/sol/.autopilot/db/v_gamma_lut.cpp:297]   --->   Operation 29 'load' 'lut_2_0_load' <Predicate = true> <Delay = 2.77> <CoreInst = "RAM">   --->   Core 82 'RAM' <Latency = 1> <II = 1> <Delay = 2.77> <Storage> <Opcode : 'load' 'store'> <Ports = 2> <Width = 10> <Depth = 1024> <RAM>
ST_3 : Operation 30 [1/1] (0.00ns)   --->   "%zext_ln298 = zext i10 %r" [C:/Users/Pie/Documents/Xilinx/CAM_20_V/CAM_20_V/release/release.runs/synth_1/prj/sol/.autopilot/db/v_gamma_lut.cpp:298]   --->   Operation 30 'zext' 'zext_ln298' <Predicate = true> <Delay = 0.00>
ST_3 : Operation 31 [1/1] (0.00ns)   --->   "%lut_0_0_addr = getelementptr i10 %lut_0_0, i64 0, i64 %zext_ln298" [C:/Users/Pie/Documents/Xilinx/CAM_20_V/CAM_20_V/release/release.runs/synth_1/prj/sol/.autopilot/db/v_gamma_lut.cpp:298]   --->   Operation 31 'getelementptr' 'lut_0_0_addr' <Predicate = true> <Delay = 0.00>
ST_3 : Operation 32 [2/2] (2.77ns)   --->   "%lut_0_0_load = load i10 %lut_0_0_addr" [C:/Users/Pie/Documents/Xilinx/CAM_20_V/CAM_20_V/release/release.runs/synth_1/prj/sol/.autopilot/db/v_gamma_lut.cpp:298]   --->   Operation 32 'load' 'lut_0_0_load' <Predicate = true> <Delay = 2.77> <CoreInst = "RAM">   --->   Core 82 'RAM' <Latency = 1> <II = 1> <Delay = 2.77> <Storage> <Opcode : 'load' 'store'> <Ports = 2> <Width = 10> <Depth = 1024> <RAM>

State 4 <SV = 3> <Delay = 2.77>
ST_4 : Operation 33 [1/2] (2.77ns)   --->   "%lut_1_0_load = load i10 %lut_1_0_addr" [C:/Users/Pie/Documents/Xilinx/CAM_20_V/CAM_20_V/release/release.runs/synth_1/prj/sol/.autopilot/db/v_gamma_lut.cpp:296]   --->   Operation 33 'load' 'lut_1_0_load' <Predicate = true> <Delay = 2.77> <CoreInst = "RAM">   --->   Core 82 'RAM' <Latency = 1> <II = 1> <Delay = 2.77> <Storage> <Opcode : 'load' 'store'> <Ports = 2> <Width = 10> <Depth = 1024> <RAM>
ST_4 : Operation 34 [1/2] (2.77ns)   --->   "%lut_2_0_load = load i10 %lut_2_0_addr" [C:/Users/Pie/Documents/Xilinx/CAM_20_V/CAM_20_V/release/release.runs/synth_1/prj/sol/.autopilot/db/v_gamma_lut.cpp:297]   --->   Operation 34 'load' 'lut_2_0_load' <Predicate = true> <Delay = 2.77> <CoreInst = "RAM">   --->   Core 82 'RAM' <Latency = 1> <II = 1> <Delay = 2.77> <Storage> <Opcode : 'load' 'store'> <Ports = 2> <Width = 10> <Depth = 1024> <RAM>
ST_4 : Operation 35 [1/2] (2.77ns)   --->   "%lut_0_0_load = load i10 %lut_0_0_addr" [C:/Users/Pie/Documents/Xilinx/CAM_20_V/CAM_20_V/release/release.runs/synth_1/prj/sol/.autopilot/db/v_gamma_lut.cpp:298]   --->   Operation 35 'load' 'lut_0_0_load' <Predicate = true> <Delay = 2.77> <CoreInst = "RAM">   --->   Core 82 'RAM' <Latency = 1> <II = 1> <Delay = 2.77> <Storage> <Opcode : 'load' 'store'> <Ports = 2> <Width = 10> <Depth = 1024> <RAM>
ST_4 : Operation 41 [1/1] (0.00ns)   --->   "%ret_ln0 = ret"   --->   Operation 41 'ret' 'ret_ln0' <Predicate = (icmp_ln282)> <Delay = 0.00>

State 5 <SV = 4> <Delay = 2.39>
ST_5 : Operation 36 [1/1] (0.00ns)   --->   "%specpipeline_ln286 = specpipeline void @_ssdm_op_SpecPipeline, i32 4294967295, i32 0, i32 0, i32 0, void @empty_0" [C:/Users/Pie/Documents/Xilinx/CAM_20_V/CAM_20_V/release/release.runs/synth_1/prj/sol/.autopilot/db/v_gamma_lut.cpp:286]   --->   Operation 36 'specpipeline' 'specpipeline_ln286' <Predicate = true> <Delay = 0.00>
ST_5 : Operation 37 [1/1] (0.00ns)   --->   "%specloopname_ln282 = specloopname void @_ssdm_op_SpecLoopName, void @empty_22" [C:/Users/Pie/Documents/Xilinx/CAM_20_V/CAM_20_V/release/release.runs/synth_1/prj/sol/.autopilot/db/v_gamma_lut.cpp:282]   --->   Operation 37 'specloopname' 'specloopname_ln282' <Predicate = true> <Delay = 0.00>
ST_5 : Operation 38 [1/1] (0.00ns)   --->   "%p_0 = bitconcatenate i30 @_ssdm_op_BitConcatenate.i30.i10.i10.i10, i10 %lut_0_0_load, i10 %lut_2_0_load, i10 %lut_1_0_load" [C:/Users/Pie/Documents/Xilinx/CAM_20_V/CAM_20_V/release/release.runs/synth_1/prj/sol/.autopilot/db/v_gamma_lut.cpp:300]   --->   Operation 38 'bitconcatenate' 'p_0' <Predicate = true> <Delay = 0.00>
ST_5 : Operation 39 [1/1] (2.39ns)   --->   "%write_ln300 = write void @_ssdm_op_Write.ap_fifo.volatile.i30P0A, i30 %imgGamma, i30 %p_0" [C:/Users/Pie/Documents/Xilinx/CAM_20_V/CAM_20_V/release/release.runs/synth_1/prj/sol/.autopilot/db/v_gamma_lut.cpp:300]   --->   Operation 39 'write' 'write_ln300' <Predicate = true> <Delay = 2.39> <CoreInst = "FIFO_SRL">   --->   Core 81 'FIFO_SRL' <Latency = 0> <II = 1> <Delay = 3.40> <Storage> <Opcode : 'read' 'write' 'nbread' 'nbwrite'> <Ports = 0> <Width = 30> <Depth = 16> <FIFO>
ST_5 : Operation 40 [1/1] (0.00ns)   --->   "%br_ln282 = br void %for.inc123" [C:/Users/Pie/Documents/Xilinx/CAM_20_V/CAM_20_V/release/release.runs/synth_1/prj/sol/.autopilot/db/v_gamma_lut.cpp:282]   --->   Operation 40 'br' 'br_ln282' <Predicate = true> <Delay = 0.00>


============================================================
+ Verbose Summary: Binding
============================================================
STG Binding: 
---------------- STG Properties BEGIN ----------------
- Is combinational: 0
- Is one-state seq: 0
- Is datapath-only: 0
- Is pipelined: 0
- Is top level: 0
Port [ Return ] is wired: 1; IO mode=ap_ctrl_hs:ce=0
Port [ width_load_cast]:  wired=1; compound=0; hidden=0; nouse=0; global=0; static=0; extern=0; dir=0; type=0; pingpong=0; private_global=0; IO mode=ap_stable:ce=0
Port [ imgRgb]:  wired=1; compound=1; hidden=0; nouse=0; global=0; static=0; extern=0; dir=0; type=3; pingpong=0; private_global=0; IO mode=ap_fifo:ce=0
Port [ lut_1_0]:  wired=1; compound=1; hidden=0; nouse=0; global=0; static=0; extern=0; dir=0; type=1; pingpong=0; private_global=0; MemPort=[13]; IO mode=ap_memory:ce=0
Port [ lut_2_0]:  wired=1; compound=1; hidden=0; nouse=0; global=0; static=0; extern=0; dir=0; type=1; pingpong=0; private_global=0; MemPort=[13]; IO mode=ap_memory:ce=0
Port [ lut_0_0]:  wired=1; compound=1; hidden=0; nouse=0; global=0; static=0; extern=0; dir=0; type=1; pingpong=0; private_global=0; MemPort=[13]; IO mode=ap_memory:ce=0
Port [ imgGamma]:  wired=1; compound=1; hidden=0; nouse=0; global=0; static=0; extern=0; dir=1; type=3; pingpong=0; private_global=0; IO mode=ap_fifo:ce=0
---------------- STG Properties END ------------------

---------------- Datapath Model BEGIN ----------------

<LifeTime>
<method=bitvector/>
x                     (alloca           ) [ 010000]
specinterface_ln0     (specinterface    ) [ 000000]
specinterface_ln0     (specinterface    ) [ 000000]
width_load_cast_read  (read             ) [ 000000]
store_ln0             (store            ) [ 000000]
br_ln0                (br               ) [ 000000]
x_1                   (load             ) [ 000000]
icmp_ln282            (icmp             ) [ 011110]
speclooptripcount_ln0 (speclooptripcount) [ 000000]
x_2                   (add              ) [ 000000]
br_ln282              (br               ) [ 000000]
store_ln282           (store            ) [ 000000]
imgRgb_read           (read             ) [ 000000]
g                     (trunc            ) [ 010100]
b                     (partselect       ) [ 010100]
r                     (partselect       ) [ 010100]
zext_ln296            (zext             ) [ 000000]
lut_1_0_addr          (getelementptr    ) [ 010010]
zext_ln297            (zext             ) [ 000000]
lut_2_0_addr          (getelementptr    ) [ 010010]
zext_ln298            (zext             ) [ 000000]
lut_0_0_addr          (getelementptr    ) [ 010010]
lut_1_0_load          (load             ) [ 010001]
lut_2_0_load          (load             ) [ 010001]
lut_0_0_load          (load             ) [ 010001]
specpipeline_ln286    (specpipeline     ) [ 000000]
specloopname_ln282    (specloopname     ) [ 000000]
p_0                   (bitconcatenate   ) [ 000000]
write_ln300           (write            ) [ 000000]
br_ln282              (br               ) [ 000000]
ret_ln0               (ret              ) [ 000000]
</LifeTime>

<model>

<comp_list>
<comp id="0" class="1000" name="width_load_cast">
<pin_list>
<pin id="1" dir="1" index="0" bw="1" slack="0"/>
</pin_list>
<bind>
<StgValue><ssdm name="width_load_cast"/></StgValue>
</bind>
</comp>

<comp id="2" class="1000" name="imgRgb">
<pin_list>
<pin id="3" dir="1" index="0" bw="1" slack="0"/>
</pin_list>
<bind>
<StgValue><ssdm name="imgRgb"/></StgValue>
</bind>
</comp>

<comp id="4" class="1000" name="lut_1_0">
<pin_list>
<pin id="5" dir="1" index="0" bw="1" slack="0"/>
</pin_list>
<bind>
<StgValue><ssdm name="lut_1_0"/><MemPortTyVec>1 3 </MemPortTyVec>
</StgValue>
</bind>
</comp>

<comp id="6" class="1000" name="lut_2_0">
<pin_list>
<pin id="7" dir="1" index="0" bw="1" slack="0"/>
</pin_list>
<bind>
<StgValue><ssdm name="lut_2_0"/><MemPortTyVec>1 3 </MemPortTyVec>
</StgValue>
</bind>
</comp>

<comp id="8" class="1000" name="lut_0_0">
<pin_list>
<pin id="9" dir="1" index="0" bw="1" slack="0"/>
</pin_list>
<bind>
<StgValue><ssdm name="lut_0_0"/><MemPortTyVec>1 3 </MemPortTyVec>
</StgValue>
</bind>
</comp>

<comp id="10" class="1000" name="imgGamma">
<pin_list>
<pin id="11" dir="1" index="0" bw="1" slack="0"/>
</pin_list>
<bind>
<StgValue><ssdm name="imgGamma"/></StgValue>
</bind>
</comp>

<comp id="12" class="1001" name="const_12">
<pin_list>
<pin id="13" dir="1" index="0" bw="1" slack="0"/>
</pin_list>
<bind>
<StgValue><ssdm name=""/></StgValue>
</bind>
</comp>

<comp id="14" class="1001" name="const_14">
<pin_list>
<pin id="15" dir="1" index="0" bw="1" slack="2147483647"/>
</pin_list>
<bind>
<StgValue><ssdm name="_ssdm_op_SpecInterface"/></StgValue>
</bind>
</comp>

<comp id="16" class="1001" name="const_16">
<pin_list>
<pin id="17" dir="1" index="0" bw="1" slack="2147483647"/>
</pin_list>
<bind>
<StgValue><ssdm name="empty_12"/></StgValue>
</bind>
</comp>

<comp id="18" class="1001" name="const_18">
<pin_list>
<pin id="19" dir="1" index="0" bw="1" slack="2147483647"/>
</pin_list>
<bind>
<StgValue><ssdm name=""/></StgValue>
</bind>
</comp>

<comp id="20" class="1001" name="const_20">
<pin_list>
<pin id="21" dir="1" index="0" bw="1" slack="2147483647"/>
</pin_list>
<bind>
<StgValue><ssdm name="empty_0"/></StgValue>
</bind>
</comp>

<comp id="22" class="1001" name="const_22">
<pin_list>
<pin id="23" dir="1" index="0" bw="1" slack="2147483647"/>
</pin_list>
<bind>
<StgValue><ssdm name=""/></StgValue>
</bind>
</comp>

<comp id="24" class="1001" name="const_24">
<pin_list>
<pin id="25" dir="1" index="0" bw="1" slack="0"/>
</pin_list>
<bind>
<StgValue><ssdm name="_ssdm_op_Read.ap_auto.i13"/></StgValue>
</bind>
</comp>

<comp id="26" class="1001" name="const_26">
<pin_list>
<pin id="27" dir="1" index="0" bw="1" slack="0"/>
</pin_list>
<bind>
<StgValue><ssdm name=""/></StgValue>
</bind>
</comp>

<comp id="28" class="1001" name="const_28">
<pin_list>
<pin id="29" dir="1" index="0" bw="1" slack="2147483647"/>
</pin_list>
<bind>
<StgValue><ssdm name="_ssdm_op_SpecLoopTripCount"/></StgValue>
</bind>
</comp>

<comp id="30" class="1001" name="const_30">
<pin_list>
<pin id="31" dir="1" index="0" bw="1" slack="0"/>
</pin_list>
<bind>
<StgValue><ssdm name=""/></StgValue>
</bind>
</comp>

<comp id="32" class="1001" name="const_32">
<pin_list>
<pin id="33" dir="1" index="0" bw="1" slack="2147483647"/>
</pin_list>
<bind>
<StgValue><ssdm name=""/></StgValue>
</bind>
</comp>

<comp id="34" class="1001" name="const_34">
<pin_list>
<pin id="35" dir="1" index="0" bw="1" slack="0"/>
</pin_list>
<bind>
<StgValue><ssdm name=""/></StgValue>
</bind>
</comp>

<comp id="36" class="1001" name="const_36">
<pin_list>
<pin id="37" dir="1" index="0" bw="1" slack="0"/>
</pin_list>
<bind>
<StgValue><ssdm name="_ssdm_op_Read.ap_fifo.volatile.i30P0A"/></StgValue>
</bind>
</comp>

<comp id="38" class="1001" name="const_38">
<pin_list>
<pin id="39" dir="1" index="0" bw="1" slack="0"/>
</pin_list>
<bind>
<StgValue><ssdm name="_ssdm_op_PartSelect.i10.i30.i32.i32"/></StgValue>
</bind>
</comp>

<comp id="40" class="1001" name="const_40">
<pin_list>
<pin id="41" dir="1" index="0" bw="1" slack="0"/>
</pin_list>
<bind>
<StgValue><ssdm name=""/></StgValue>
</bind>
</comp>

<comp id="42" class="1001" name="const_42">
<pin_list>
<pin id="43" dir="1" index="0" bw="1" slack="0"/>
</pin_list>
<bind>
<StgValue><ssdm name=""/></StgValue>
</bind>
</comp>

<comp id="44" class="1001" name="const_44">
<pin_list>
<pin id="45" dir="1" index="0" bw="1" slack="0"/>
</pin_list>
<bind>
<StgValue><ssdm name=""/></StgValue>
</bind>
</comp>

<comp id="46" class="1001" name="const_46">
<pin_list>
<pin id="47" dir="1" index="0" bw="1" slack="0"/>
</pin_list>
<bind>
<StgValue><ssdm name=""/></StgValue>
</bind>
</comp>

<comp id="48" class="1001" name="const_48">
<pin_list>
<pin id="49" dir="1" index="0" bw="1" slack="2147483647"/>
</pin_list>
<bind>
<StgValue><ssdm name="_ssdm_op_SpecPipeline"/></StgValue>
</bind>
</comp>

<comp id="50" class="1001" name="const_50">
<pin_list>
<pin id="51" dir="1" index="0" bw="1" slack="2147483647"/>
</pin_list>
<bind>
<StgValue><ssdm name="_ssdm_op_SpecLoopName"/></StgValue>
</bind>
</comp>

<comp id="52" class="1001" name="const_52">
<pin_list>
<pin id="53" dir="1" index="0" bw="1" slack="2147483647"/>
</pin_list>
<bind>
<StgValue><ssdm name="empty_22"/></StgValue>
</bind>
</comp>

<comp id="54" class="1001" name="const_54">
<pin_list>
<pin id="55" dir="1" index="0" bw="1" slack="0"/>
</pin_list>
<bind>
<StgValue><ssdm name="_ssdm_op_BitConcatenate.i30.i10.i10.i10"/></StgValue>
</bind>
</comp>

<comp id="56" class="1001" name="const_56">
<pin_list>
<pin id="57" dir="1" index="0" bw="1" slack="0"/>
</pin_list>
<bind>
<StgValue><ssdm name="_ssdm_op_Write.ap_fifo.volatile.i30P0A"/></StgValue>
</bind>
</comp>

<comp id="58" class="1004" name="x_fu_58">
<pin_list>
<pin id="59" dir="0" index="0" bw="1" slack="0"/>
<pin id="60" dir="1" index="1" bw="13" slack="0"/>
</pin_list>
<bind>
<opcode="alloca(26) " fcode="alloca"/>
<opset="x/1 "/>
</bind>
</comp>

<comp id="62" class="1004" name="width_load_cast_read_read_fu_62">
<pin_list>
<pin id="63" dir="0" index="0" bw="13" slack="0"/>
<pin id="64" dir="0" index="1" bw="13" slack="0"/>
<pin id="65" dir="1" index="2" bw="13" slack="0"/>
</pin_list>
<bind>
<opcode="read(1150) " fcode="read"/>
<opset="width_load_cast_read/1 "/>
</bind>
</comp>

<comp id="68" class="1004" name="imgRgb_read_read_fu_68">
<pin_list>
<pin id="69" dir="0" index="0" bw="30" slack="0"/>
<pin id="70" dir="0" index="1" bw="30" slack="0"/>
<pin id="71" dir="1" index="2" bw="30" slack="0"/>
</pin_list>
<bind>
<opcode="read(1150) " fcode="read"/>
<opset="imgRgb_read/2 "/>
</bind>
</comp>

<comp id="74" class="1004" name="write_ln300_write_fu_74">
<pin_list>
<pin id="75" dir="0" index="0" bw="0" slack="0"/>
<pin id="76" dir="0" index="1" bw="30" slack="0"/>
<pin id="77" dir="0" index="2" bw="30" slack="0"/>
<pin id="78" dir="1" index="3" bw="0" slack="2147483647"/>
</pin_list>
<bind>
<opcode="write(1151) " fcode="write"/>
<opset="write_ln300/5 "/>
</bind>
</comp>

<comp id="81" class="1004" name="lut_1_0_addr_gep_fu_81">
<pin_list>
<pin id="82" dir="0" index="0" bw="10" slack="0"/>
<pin id="83" dir="0" index="1" bw="1" slack="0"/>
<pin id="84" dir="0" index="2" bw="10" slack="0"/>
<pin id="85" dir="1" index="3" bw="10" slack="0"/>
</pin_list>
<bind>
<opcode="getelementptr(29) " fcode="getelementptr"/>
<opset="lut_1_0_addr/3 "/>
</bind>
</comp>

<comp id="88" class="1004" name="grp_access_fu_88">
<pin_list>
<pin id="89" dir="0" index="0" bw="10" slack="0"/>
<pin id="90" dir="0" index="1" bw="10" slack="2147483647"/>
<pin id="91" dir="0" index="2" bw="0" slack="2147483647"/>
<pin id="92" dir="1" index="3" bw="10" slack="1"/>
</pin_list>
<bind>
<opcode="load(27) " fcode="load"/>
<opset="lut_1_0_load/3 "/>
</bind>
</comp>

<comp id="94" class="1004" name="lut_2_0_addr_gep_fu_94">
<pin_list>
<pin id="95" dir="0" index="0" bw="10" slack="0"/>
<pin id="96" dir="0" index="1" bw="1" slack="0"/>
<pin id="97" dir="0" index="2" bw="10" slack="0"/>
<pin id="98" dir="1" index="3" bw="10" slack="0"/>
</pin_list>
<bind>
<opcode="getelementptr(29) " fcode="getelementptr"/>
<opset="lut_2_0_addr/3 "/>
</bind>
</comp>

<comp id="101" class="1004" name="grp_access_fu_101">
<pin_list>
<pin id="102" dir="0" index="0" bw="10" slack="0"/>
<pin id="103" dir="0" index="1" bw="10" slack="2147483647"/>
<pin id="104" dir="0" index="2" bw="0" slack="2147483647"/>
<pin id="105" dir="1" index="3" bw="10" slack="1"/>
</pin_list>
<bind>
<opcode="load(27) " fcode="load"/>
<opset="lut_2_0_load/3 "/>
</bind>
</comp>

<comp id="107" class="1004" name="lut_0_0_addr_gep_fu_107">
<pin_list>
<pin id="108" dir="0" index="0" bw="10" slack="0"/>
<pin id="109" dir="0" index="1" bw="1" slack="0"/>
<pin id="110" dir="0" index="2" bw="10" slack="0"/>
<pin id="111" dir="1" index="3" bw="10" slack="0"/>
</pin_list>
<bind>
<opcode="getelementptr(29) " fcode="getelementptr"/>
<opset="lut_0_0_addr/3 "/>
</bind>
</comp>

<comp id="114" class="1004" name="grp_access_fu_114">
<pin_list>
<pin id="115" dir="0" index="0" bw="10" slack="0"/>
<pin id="116" dir="0" index="1" bw="10" slack="2147483647"/>
<pin id="117" dir="0" index="2" bw="0" slack="2147483647"/>
<pin id="118" dir="1" index="3" bw="10" slack="1"/>
</pin_list>
<bind>
<opcode="load(27) " fcode="load"/>
<opset="lut_0_0_load/3 "/>
</bind>
</comp>

<comp id="120" class="1004" name="store_ln0_store_fu_120">
<pin_list>
<pin id="121" dir="0" index="0" bw="1" slack="0"/>
<pin id="122" dir="0" index="1" bw="13" slack="0"/>
<pin id="123" dir="1" index="2" bw="0" slack="2147483647"/>
</pin_list>
<bind>
<opcode="store(28) " fcode="store"/>
<opset="store_ln0/1 "/>
</bind>
</comp>

<comp id="125" class="1004" name="x_1_load_fu_125">
<pin_list>
<pin id="126" dir="0" index="0" bw="13" slack="0"/>
<pin id="127" dir="1" index="1" bw="13" slack="0"/>
</pin_list>
<bind>
<opcode="load(27) " fcode="load"/>
<opset="x_1/1 "/>
</bind>
</comp>

<comp id="128" class="1004" name="icmp_ln282_fu_128">
<pin_list>
<pin id="129" dir="0" index="0" bw="13" slack="0"/>
<pin id="130" dir="0" index="1" bw="13" slack="0"/>
<pin id="131" dir="1" index="2" bw="1" slack="3"/>
</pin_list>
<bind>
<opcode="icmp(45) " fcode="icmp"/>
<opset="icmp_ln282/1 "/>
</bind>
</comp>

<comp id="134" class="1004" name="x_2_fu_134">
<pin_list>
<pin id="135" dir="0" index="0" bw="13" slack="0"/>
<pin id="136" dir="0" index="1" bw="1" slack="0"/>
<pin id="137" dir="1" index="2" bw="13" slack="0"/>
</pin_list>
<bind>
<opcode="add(8) " fcode="add"/>
<opset="x_2/1 "/>
</bind>
</comp>

<comp id="140" class="1004" name="store_ln282_store_fu_140">
<pin_list>
<pin id="141" dir="0" index="0" bw="13" slack="0"/>
<pin id="142" dir="0" index="1" bw="13" slack="0"/>
<pin id="143" dir="1" index="2" bw="0" slack="2147483647"/>
</pin_list>
<bind>
<opcode="store(28) " fcode="store"/>
<opset="store_ln282/1 "/>
</bind>
</comp>

<comp id="145" class="1004" name="g_fu_145">
<pin_list>
<pin id="146" dir="0" index="0" bw="30" slack="0"/>
<pin id="147" dir="1" index="1" bw="10" slack="1"/>
</pin_list>
<bind>
<opcode="trunc(33) " fcode="trunc"/>
<opset="g/2 "/>
</bind>
</comp>

<comp id="149" class="1004" name="b_fu_149">
<pin_list>
<pin id="150" dir="0" index="0" bw="10" slack="0"/>
<pin id="151" dir="0" index="1" bw="30" slack="0"/>
<pin id="152" dir="0" index="2" bw="5" slack="0"/>
<pin id="153" dir="0" index="3" bw="6" slack="0"/>
<pin id="154" dir="1" index="4" bw="10" slack="1"/>
</pin_list>
<bind>
<opcode="partselect(1002) " fcode="partselect"/>
<opset="b/2 "/>
</bind>
</comp>

<comp id="159" class="1004" name="r_fu_159">
<pin_list>
<pin id="160" dir="0" index="0" bw="10" slack="0"/>
<pin id="161" dir="0" index="1" bw="30" slack="0"/>
<pin id="162" dir="0" index="2" bw="6" slack="0"/>
<pin id="163" dir="0" index="3" bw="6" slack="0"/>
<pin id="164" dir="1" index="4" bw="10" slack="1"/>
</pin_list>
<bind>
<opcode="partselect(1002) " fcode="partselect"/>
<opset="r/2 "/>
</bind>
</comp>

<comp id="169" class="1004" name="zext_ln296_fu_169">
<pin_list>
<pin id="170" dir="0" index="0" bw="10" slack="1"/>
<pin id="171" dir="1" index="1" bw="64" slack="0"/>
</pin_list>
<bind>
<opcode="zext(34) " fcode="zext"/>
<opset="zext_ln296/3 "/>
</bind>
</comp>

<comp id="173" class="1004" name="zext_ln297_fu_173">
<pin_list>
<pin id="174" dir="0" index="0" bw="10" slack="1"/>
<pin id="175" dir="1" index="1" bw="64" slack="0"/>
</pin_list>
<bind>
<opcode="zext(34) " fcode="zext"/>
<opset="zext_ln297/3 "/>
</bind>
</comp>

<comp id="177" class="1004" name="zext_ln298_fu_177">
<pin_list>
<pin id="178" dir="0" index="0" bw="10" slack="1"/>
<pin id="179" dir="1" index="1" bw="64" slack="0"/>
</pin_list>
<bind>
<opcode="zext(34) " fcode="zext"/>
<opset="zext_ln298/3 "/>
</bind>
</comp>

<comp id="181" class="1004" name="p_0_fu_181">
<pin_list>
<pin id="182" dir="0" index="0" bw="30" slack="0"/>
<pin id="183" dir="0" index="1" bw="10" slack="1"/>
<pin id="184" dir="0" index="2" bw="10" slack="1"/>
<pin id="185" dir="0" index="3" bw="10" slack="1"/>
<pin id="186" dir="1" index="4" bw="30" slack="0"/>
</pin_list>
<bind>
<opcode="bitconcatenate(1004) " fcode="bitconcatenate"/>
<opset="p_0/5 "/>
</bind>
</comp>

<comp id="189" class="1005" name="x_reg_189">
<pin_list>
<pin id="190" dir="0" index="0" bw="13" slack="0"/>
<pin id="191" dir="1" index="1" bw="13" slack="0"/>
</pin_list>
<bind>
<opset="x "/>
</bind>
</comp>

<comp id="196" class="1005" name="icmp_ln282_reg_196">
<pin_list>
<pin id="197" dir="0" index="0" bw="1" slack="3"/>
<pin id="198" dir="1" index="1" bw="1" slack="2147483647"/>
</pin_list>
<bind>
<opset="icmp_ln282 "/>
</bind>
</comp>

<comp id="200" class="1005" name="g_reg_200">
<pin_list>
<pin id="201" dir="0" index="0" bw="10" slack="1"/>
<pin id="202" dir="1" index="1" bw="10" slack="1"/>
</pin_list>
<bind>
<opset="g "/>
</bind>
</comp>

<comp id="205" class="1005" name="b_reg_205">
<pin_list>
<pin id="206" dir="0" index="0" bw="10" slack="1"/>
<pin id="207" dir="1" index="1" bw="10" slack="1"/>
</pin_list>
<bind>
<opset="b "/>
</bind>
</comp>

<comp id="210" class="1005" name="r_reg_210">
<pin_list>
<pin id="211" dir="0" index="0" bw="10" slack="1"/>
<pin id="212" dir="1" index="1" bw="10" slack="1"/>
</pin_list>
<bind>
<opset="r "/>
</bind>
</comp>

<comp id="215" class="1005" name="lut_1_0_addr_reg_215">
<pin_list>
<pin id="216" dir="0" index="0" bw="10" slack="1"/>
<pin id="217" dir="1" index="1" bw="10" slack="1"/>
</pin_list>
<bind>
<opset="lut_1_0_addr "/>
</bind>
</comp>

<comp id="220" class="1005" name="lut_2_0_addr_reg_220">
<pin_list>
<pin id="221" dir="0" index="0" bw="10" slack="1"/>
<pin id="222" dir="1" index="1" bw="10" slack="1"/>
</pin_list>
<bind>
<opset="lut_2_0_addr "/>
</bind>
</comp>

<comp id="225" class="1005" name="lut_0_0_addr_reg_225">
<pin_list>
<pin id="226" dir="0" index="0" bw="10" slack="1"/>
<pin id="227" dir="1" index="1" bw="10" slack="1"/>
</pin_list>
<bind>
<opset="lut_0_0_addr "/>
</bind>
</comp>

<comp id="230" class="1005" name="lut_1_0_load_reg_230">
<pin_list>
<pin id="231" dir="0" index="0" bw="10" slack="1"/>
<pin id="232" dir="1" index="1" bw="10" slack="1"/>
</pin_list>
<bind>
<opset="lut_1_0_load "/>
</bind>
</comp>

<comp id="235" class="1005" name="lut_2_0_load_reg_235">
<pin_list>
<pin id="236" dir="0" index="0" bw="10" slack="1"/>
<pin id="237" dir="1" index="1" bw="10" slack="1"/>
</pin_list>
<bind>
<opset="lut_2_0_load "/>
</bind>
</comp>

<comp id="240" class="1005" name="lut_0_0_load_reg_240">
<pin_list>
<pin id="241" dir="0" index="0" bw="10" slack="1"/>
<pin id="242" dir="1" index="1" bw="10" slack="1"/>
</pin_list>
<bind>
<opset="lut_0_0_load "/>
</bind>
</comp>

</comp_list>

<net_list>
<net id="61"><net_src comp="12" pin="0"/><net_sink comp="58" pin=0"/></net>

<net id="66"><net_src comp="24" pin="0"/><net_sink comp="62" pin=0"/></net>

<net id="67"><net_src comp="0" pin="0"/><net_sink comp="62" pin=1"/></net>

<net id="72"><net_src comp="36" pin="0"/><net_sink comp="68" pin=0"/></net>

<net id="73"><net_src comp="2" pin="0"/><net_sink comp="68" pin=1"/></net>

<net id="79"><net_src comp="56" pin="0"/><net_sink comp="74" pin=0"/></net>

<net id="80"><net_src comp="10" pin="0"/><net_sink comp="74" pin=1"/></net>

<net id="86"><net_src comp="4" pin="0"/><net_sink comp="81" pin=0"/></net>

<net id="87"><net_src comp="30" pin="0"/><net_sink comp="81" pin=1"/></net>

<net id="93"><net_src comp="81" pin="3"/><net_sink comp="88" pin=0"/></net>

<net id="99"><net_src comp="6" pin="0"/><net_sink comp="94" pin=0"/></net>

<net id="100"><net_src comp="30" pin="0"/><net_sink comp="94" pin=1"/></net>

<net id="106"><net_src comp="94" pin="3"/><net_sink comp="101" pin=0"/></net>

<net id="112"><net_src comp="8" pin="0"/><net_sink comp="107" pin=0"/></net>

<net id="113"><net_src comp="30" pin="0"/><net_sink comp="107" pin=1"/></net>

<net id="119"><net_src comp="107" pin="3"/><net_sink comp="114" pin=0"/></net>

<net id="124"><net_src comp="26" pin="0"/><net_sink comp="120" pin=0"/></net>

<net id="132"><net_src comp="125" pin="1"/><net_sink comp="128" pin=0"/></net>

<net id="133"><net_src comp="62" pin="2"/><net_sink comp="128" pin=1"/></net>

<net id="138"><net_src comp="125" pin="1"/><net_sink comp="134" pin=0"/></net>

<net id="139"><net_src comp="34" pin="0"/><net_sink comp="134" pin=1"/></net>

<net id="144"><net_src comp="134" pin="2"/><net_sink comp="140" pin=0"/></net>

<net id="148"><net_src comp="68" pin="2"/><net_sink comp="145" pin=0"/></net>

<net id="155"><net_src comp="38" pin="0"/><net_sink comp="149" pin=0"/></net>

<net id="156"><net_src comp="68" pin="2"/><net_sink comp="149" pin=1"/></net>

<net id="157"><net_src comp="40" pin="0"/><net_sink comp="149" pin=2"/></net>

<net id="158"><net_src comp="42" pin="0"/><net_sink comp="149" pin=3"/></net>

<net id="165"><net_src comp="38" pin="0"/><net_sink comp="159" pin=0"/></net>

<net id="166"><net_src comp="68" pin="2"/><net_sink comp="159" pin=1"/></net>

<net id="167"><net_src comp="44" pin="0"/><net_sink comp="159" pin=2"/></net>

<net id="168"><net_src comp="46" pin="0"/><net_sink comp="159" pin=3"/></net>

<net id="172"><net_src comp="169" pin="1"/><net_sink comp="81" pin=2"/></net>

<net id="176"><net_src comp="173" pin="1"/><net_sink comp="94" pin=2"/></net>

<net id="180"><net_src comp="177" pin="1"/><net_sink comp="107" pin=2"/></net>

<net id="187"><net_src comp="54" pin="0"/><net_sink comp="181" pin=0"/></net>

<net id="188"><net_src comp="181" pin="4"/><net_sink comp="74" pin=2"/></net>

<net id="192"><net_src comp="58" pin="1"/><net_sink comp="189" pin=0"/></net>

<net id="193"><net_src comp="189" pin="1"/><net_sink comp="120" pin=1"/></net>

<net id="194"><net_src comp="189" pin="1"/><net_sink comp="125" pin=0"/></net>

<net id="195"><net_src comp="189" pin="1"/><net_sink comp="140" pin=1"/></net>

<net id="199"><net_src comp="128" pin="2"/><net_sink comp="196" pin=0"/></net>

<net id="203"><net_src comp="145" pin="1"/><net_sink comp="200" pin=0"/></net>

<net id="204"><net_src comp="200" pin="1"/><net_sink comp="169" pin=0"/></net>

<net id="208"><net_src comp="149" pin="4"/><net_sink comp="205" pin=0"/></net>

<net id="209"><net_src comp="205" pin="1"/><net_sink comp="173" pin=0"/></net>

<net id="213"><net_src comp="159" pin="4"/><net_sink comp="210" pin=0"/></net>

<net id="214"><net_src comp="210" pin="1"/><net_sink comp="177" pin=0"/></net>

<net id="218"><net_src comp="81" pin="3"/><net_sink comp="215" pin=0"/></net>

<net id="219"><net_src comp="215" pin="1"/><net_sink comp="88" pin=0"/></net>

<net id="223"><net_src comp="94" pin="3"/><net_sink comp="220" pin=0"/></net>

<net id="224"><net_src comp="220" pin="1"/><net_sink comp="101" pin=0"/></net>

<net id="228"><net_src comp="107" pin="3"/><net_sink comp="225" pin=0"/></net>

<net id="229"><net_src comp="225" pin="1"/><net_sink comp="114" pin=0"/></net>

<net id="233"><net_src comp="88" pin="3"/><net_sink comp="230" pin=0"/></net>

<net id="234"><net_src comp="230" pin="1"/><net_sink comp="181" pin=3"/></net>

<net id="238"><net_src comp="101" pin="3"/><net_sink comp="235" pin=0"/></net>

<net id="239"><net_src comp="235" pin="1"/><net_sink comp="181" pin=2"/></net>

<net id="243"><net_src comp="114" pin="3"/><net_sink comp="240" pin=0"/></net>

<net id="244"><net_src comp="240" pin="1"/><net_sink comp="181" pin=1"/></net>

</net_list>

</model> 
---------------- Datapath Model END ------------------

* FSMD analyzer results:
  - Output states:
	Port: imgGamma | {5 }
 - Input state : 
	Port: Gamma_Pipeline_VITIS_LOOP_282_4 : width_load_cast | {1 }
	Port: Gamma_Pipeline_VITIS_LOOP_282_4 : imgRgb | {2 }
	Port: Gamma_Pipeline_VITIS_LOOP_282_4 : lut_1_0 | {3 4 }
	Port: Gamma_Pipeline_VITIS_LOOP_282_4 : lut_2_0 | {3 4 }
	Port: Gamma_Pipeline_VITIS_LOOP_282_4 : lut_0_0 | {3 4 }
  - Chain level:
	State 1
		store_ln0 : 1
		x_1 : 1
		icmp_ln282 : 2
		x_2 : 2
		br_ln282 : 3
		store_ln282 : 3
	State 2
	State 3
		lut_1_0_addr : 1
		lut_1_0_load : 2
		lut_2_0_addr : 1
		lut_2_0_load : 2
		lut_0_0_addr : 1
		lut_0_0_load : 2
	State 4
	State 5
		write_ln300 : 1


============================================================
+ Verbose Summary: Datapath Resource usage 
============================================================

* Functional unit list:
|----------|---------------------------------|---------|---------|
| Operation|         Functional Unit         |    FF   |   LUT   |
|----------|---------------------------------|---------|---------|
|   icmp   |        icmp_ln282_fu_128        |    0    |    13   |
|----------|---------------------------------|---------|---------|
|    add   |            x_2_fu_134           |    0    |    13   |
|----------|---------------------------------|---------|---------|
|   read   | width_load_cast_read_read_fu_62 |    0    |    0    |
|          |      imgRgb_read_read_fu_68     |    0    |    0    |
|----------|---------------------------------|---------|---------|
|   write  |     write_ln300_write_fu_74     |    0    |    0    |
|----------|---------------------------------|---------|---------|
|   trunc  |             g_fu_145            |    0    |    0    |
|----------|---------------------------------|---------|---------|
|partselect|             b_fu_149            |    0    |    0    |
|          |             r_fu_159            |    0    |    0    |
|----------|---------------------------------|---------|---------|
|          |        zext_ln296_fu_169        |    0    |    0    |
|   zext   |        zext_ln297_fu_173        |    0    |    0    |
|          |        zext_ln298_fu_177        |    0    |    0    |
|----------|---------------------------------|---------|---------|
|bitconcatenate|            p_0_fu_181           |    0    |    0    |
|----------|---------------------------------|---------|---------|
|   Total  |                                 |    0    |    26   |
|----------|---------------------------------|---------|---------|

Memories:
N/A

* Register list:
+--------------------+--------+
|                    |   FF   |
+--------------------+--------+
|      b_reg_205     |   10   |
|      g_reg_200     |   10   |
| icmp_ln282_reg_196 |    1   |
|lut_0_0_addr_reg_225|   10   |
|lut_0_0_load_reg_240|   10   |
|lut_1_0_addr_reg_215|   10   |
|lut_1_0_load_reg_230|   10   |
|lut_2_0_addr_reg_220|   10   |
|lut_2_0_load_reg_235|   10   |
|      r_reg_210     |   10   |
|      x_reg_189     |   13   |
+--------------------+--------+
|        Total       |   104  |
+--------------------+--------+

* Multiplexer (MUX) list: 
|-------------------|------|------|------|--------||---------||---------|
|        Comp       |  Pin | Size |  BW  | S x BW ||  Delay  ||   LUT   |
|-------------------|------|------|------|--------||---------||---------|
|  grp_access_fu_88 |  p0  |   2  |  10  |   20   ||    9    |
| grp_access_fu_101 |  p0  |   2  |  10  |   20   ||    9    |
| grp_access_fu_114 |  p0  |   2  |  10  |   20   ||    9    |
|-------------------|------|------|------|--------||---------||---------|
|       Total       |      |      |      |   60   ||  3.894  ||    27   |
|-------------------|------|------|------|--------||---------||---------|



* Summary:
+-----------+--------+--------+--------+
|           |  Delay |   FF   |   LUT  |
+-----------+--------+--------+--------+
|  Function |    -   |    0   |   26   |
|   Memory  |    -   |    -   |    -   |
|Multiplexer|    3   |    -   |   27   |
|  Register |    -   |   104  |    -   |
+-----------+--------+--------+--------+
|   Total   |    3   |   104  |   53   |
+-----------+--------+--------+--------+
