

================================================================
== Vitis HLS Report for 'MultiPixStream2AXIvideo'
================================================================
* Date:           Mon Jan  6 16:42:33 2025

* Version:        2023.1 (Build 3854077 on May  4 2023)
* Project:        prj
* Solution:       sol (Vivado IP Flow Target)
* Product family: zynq
* Target device:  xc7z020-clg400-2


================================================================
== Performance Estimates
================================================================
+ Timing: 
    * Summary: 
    +--------+---------+----------+------------+
    |  Clock |  Target | Estimated| Uncertainty|
    +--------+---------+----------+------------+
    |ap_clk  |  6.56 ns|  4.381 ns|     1.77 ns|
    +--------+---------+----------+------------+

+ Latency: 
    * Summary: 
    +---------+----------+-----------+-----------+-----+----------+---------+
    |  Latency (cycles)  |   Latency (absolute)  |    Interval    | Pipeline|
    |   min   |    max   |    min    |    max    | min |    max   |   Type  |
    +---------+----------+-----------+-----------+-----+----------+---------+
    |        2|  12598274|  13.124 ns|  82.670 ms|    2|  12598274|       no|
    +---------+----------+-----------+-----------+-----+----------+---------+

    + Detail: 
        * Instance: 
        N/A

        * Loop: 
        +--------------------+---------+----------+----------+-----------+-----------+----------+----------+
        |                    |  Latency (cycles)  | Iteration|  Initiation Interval  |   Trip   |          |
        |      Loop Name     |   min   |    max   |  Latency |  achieved |   target  |   Count  | Pipelined|
        +--------------------+---------+----------+----------+-----------+-----------+----------+----------+
        |- VITIS_LOOP_211_1  |        0|  12598272|  2 ~ 4101|          -|          -|  0 ~ 3072|        no|
        +--------------------+---------+----------+----------+-----------+-----------+----------+----------+

============================================================
+ Verbose Summary: Synthesis Manager
============================================================
InlineROM: 1
ExposeGlobal: 0
============================================================
+ Verbose Summary: CDFG Model
============================================================
IsTopModel: 0
ResetActiveHigh: 1
IsCombinational: 2
IsDatapathOnly: 0
HasWiredReturn: 1
HasMFsm: 0
HasVarLatency: 1
IsPipeline: 0
IsRtlPipelined: 0
IsInstanceOverlapped: 0
IsDontTouch: 0
HasImplIP: 0
IsGatedGlobalClock: 0


============================================================
+ Verbose Summary: Schedule
============================================================
* Number of FSM states : 4
* Pipeline : 0
* Dataflow Pipeline: 0

* FSM state transitions: 
1 --> 2 
2 --> 4 3 
3 --> 2 
4 --> 

* FSM state operations: 

State 1 <SV = 0> <Delay = 1.53>
ST_1 : Operation 5 [1/1] (0.00ns)   --->   "%i = alloca i32 1"   --->   Operation 5 'alloca' 'i' <Predicate = true> <Delay = 0.00>
ST_1 : Operation 6 [1/1] (0.00ns)   --->   "%sof = alloca i32 1"   --->   Operation 6 'alloca' 'sof' <Predicate = true> <Delay = 0.00>
ST_1 : Operation 7 [1/1] (0.00ns)   --->   "%specaxissidechannel_ln0 = specaxissidechannel void @_ssdm_op_SpecAXISSideChannel, i32 %m_axis_video_V_data_V, i4 %m_axis_video_V_keep_V, i4 %m_axis_video_V_strb_V, i1 %m_axis_video_V_user_V, i1 %m_axis_video_V_last_V, i1 %m_axis_video_V_id_V, i1 %m_axis_video_V_dest_V, void @empty_13"   --->   Operation 7 'specaxissidechannel' 'specaxissidechannel_ln0' <Predicate = true> <Delay = 0.00>
ST_1 : Operation 8 [1/1] (0.00ns)   --->   "%specstablecontent_ln0 = specstablecontent void @_ssdm_op_SpecStableContent, i16 %height, void "   --->   Operation 8 'specstablecontent' 'specstablecontent_ln0' <Predicate = true> <Delay = 0.00>
ST_1 : Operation 9 [1/1] (0.00ns)   --->   "%specstablecontent_ln0 = specstablecontent void @_ssdm_op_SpecStableContent, i16 %width, void "   --->   Operation 9 'specstablecontent' 'specstablecontent_ln0' <Predicate = true> <Delay = 0.00>
ST_1 : Operation 10 [1/1] (0.00ns)   --->   "%specinterface_ln0 = specinterface void @_ssdm_op_SpecInterface, i30 %imgGamma, void @empty_12, i32 0, i32 0, void @empty_0, i32 0, i32 0, void @empty_0, void @empty_0, void @empty_0, i32 0, i32 0, i32 0, i32 0, void @empty_0, void @empty_0, i32 4294967295, i32 0"   --->   Operation 10 'specinterface' 'specinterface_ln0' <Predicate = true> <Delay = 0.00>
ST_1 : Operation 11 [1/1] (0.00ns)   --->   "%specinterface_ln0 = specinterface void @_ssdm_op_SpecInterface, i1 %m_axis_video_V_dest_V, i1 %m_axis_video_V_id_V, i1 %m_axis_video_V_last_V, i1 %m_axis_video_V_user_V, i4 %m_axis_video_V_strb_V, i4 %m_axis_video_V_keep_V, i32 %m_axis_video_V_data_V, void @empty_10, i32 1, i32 1, void @empty_11, i32 0, i32 0, void @empty_0, void @empty_0, void @empty_0, i32 0, i32 0, i32 0, i32 0, void @empty_0, void @empty_0, i32 4294967295, i32 0"   --->   Operation 11 'specinterface' 'specinterface_ln0' <Predicate = true> <Delay = 0.00>
ST_1 : Operation 12 [1/1] (0.00ns)   --->   "%rows = read i16 @_ssdm_op_Read.ap_auto.i16P0A, i16 %height" [C:/Users/Pie/Documents/Xilinx/CAM_20_V/CAM_20_V/release/release.runs/synth_1/prj/sol/.autopilot/db/v_gamma_lut.cpp:204]   --->   Operation 12 'read' 'rows' <Predicate = true> <Delay = 0.00>
ST_1 : Operation 13 [1/1] (0.00ns)   --->   "%trunc_ln204 = trunc i16 %rows" [C:/Users/Pie/Documents/Xilinx/CAM_20_V/CAM_20_V/release/release.runs/synth_1/prj/sol/.autopilot/db/v_gamma_lut.cpp:204]   --->   Operation 13 'trunc' 'trunc_ln204' <Predicate = true> <Delay = 0.00>
ST_1 : Operation 14 [1/1] (0.00ns)   --->   "%cols = read i16 @_ssdm_op_Read.ap_auto.i16P0A, i16 %width" [C:/Users/Pie/Documents/Xilinx/CAM_20_V/CAM_20_V/release/release.runs/synth_1/prj/sol/.autopilot/db/v_gamma_lut.cpp:205]   --->   Operation 14 'read' 'cols' <Predicate = true> <Delay = 0.00>
ST_1 : Operation 15 [1/1] (0.00ns)   --->   "%empty = trunc i16 %cols" [C:/Users/Pie/Documents/Xilinx/CAM_20_V/CAM_20_V/release/release.runs/synth_1/prj/sol/.autopilot/db/v_gamma_lut.cpp:205]   --->   Operation 15 'trunc' 'empty' <Predicate = true> <Delay = 0.00>
ST_1 : Operation 16 [1/1] (1.53ns)   --->   "%sub_i_i = add i13 %empty, i13 8191" [C:/Users/Pie/Documents/Xilinx/CAM_20_V/CAM_20_V/release/release.runs/synth_1/prj/sol/.autopilot/db/v_gamma_lut.cpp:205]   --->   Operation 16 'add' 'sub_i_i' <Predicate = true> <Delay = 1.53> <CoreInst = "Adder">   --->   Core 1 'Adder' <Latency = 0> <II = 1> <Delay = 1.53> <FuncUnit> <Opcode : 'add' 'sub'> <InPorts = 2> <OutPorts = 1>
ST_1 : Operation 17 [1/1] (1.53ns)   --->   "%cmp_i44191 = icmp_eq  i13 %empty, i13 0" [C:/Users/Pie/Documents/Xilinx/CAM_20_V/CAM_20_V/release/release.runs/synth_1/prj/sol/.autopilot/db/v_gamma_lut.cpp:205]   --->   Operation 17 'icmp' 'cmp_i44191' <Predicate = true> <Delay = 1.53> <CoreInst = "Cmp">   --->   Core 9 'Cmp' <Latency = 0> <II = 1> <Delay = 1.53> <FuncUnit> <Opcode : 'icmp'> <InPorts = 2> <OutPorts = 1>
ST_1 : Operation 18 [1/1] (1.29ns)   --->   "%store_ln211 = store i1 1, i1 %sof" [C:/Users/Pie/Documents/Xilinx/CAM_20_V/CAM_20_V/release/release.runs/synth_1/prj/sol/.autopilot/db/v_gamma_lut.cpp:211]   --->   Operation 18 'store' 'store_ln211' <Predicate = true> <Delay = 1.29>
ST_1 : Operation 19 [1/1] (1.29ns)   --->   "%store_ln211 = store i12 0, i12 %i" [C:/Users/Pie/Documents/Xilinx/CAM_20_V/CAM_20_V/release/release.runs/synth_1/prj/sol/.autopilot/db/v_gamma_lut.cpp:211]   --->   Operation 19 'store' 'store_ln211' <Predicate = true> <Delay = 1.29>
ST_1 : Operation 20 [1/1] (0.00ns)   --->   "%br_ln211 = br void %VITIS_LOOP_213_2" [C:/Users/Pie/Documents/Xilinx/CAM_20_V/CAM_20_V/release/release.runs/synth_1/prj/sol/.autopilot/db/v_gamma_lut.cpp:211]   --->   Operation 20 'br' 'br_ln211' <Predicate = true> <Delay = 0.00>

State 2 <SV = 1> <Delay = 4.38>
ST_2 : Operation 21 [1/1] (0.00ns)   --->   "%i_1 = load i12 %i" [C:/Users/Pie/Documents/Xilinx/CAM_20_V/CAM_20_V/release/release.runs/synth_1/prj/sol/.autopilot/db/v_gamma_lut.cpp:211]   --->   Operation 21 'load' 'i_1' <Predicate = true> <Delay = 0.00>
ST_2 : Operation 22 [1/1] (1.54ns)   --->   "%icmp_ln211 = icmp_eq  i12 %i_1, i12 %trunc_ln204" [C:/Users/Pie/Documents/Xilinx/CAM_20_V/CAM_20_V/release/release.runs/synth_1/prj/sol/.autopilot/db/v_gamma_lut.cpp:211]   --->   Operation 22 'icmp' 'icmp_ln211' <Predicate = true> <Delay = 1.54> <CoreInst = "Cmp">   --->   Core 9 'Cmp' <Latency = 0> <II = 1> <Delay = 1.54> <FuncUnit> <Opcode : 'icmp'> <InPorts = 2> <OutPorts = 1>
ST_2 : Operation 23 [1/1] (0.00ns)   --->   "%speclooptripcount_ln0 = speclooptripcount void @_ssdm_op_SpecLoopTripCount, i64 0, i64 3072, i64 0"   --->   Operation 23 'speclooptripcount' 'speclooptripcount_ln0' <Predicate = true> <Delay = 0.00>
ST_2 : Operation 24 [1/1] (1.54ns)   --->   "%i_2 = add i12 %i_1, i12 1" [C:/Users/Pie/Documents/Xilinx/CAM_20_V/CAM_20_V/release/release.runs/synth_1/prj/sol/.autopilot/db/v_gamma_lut.cpp:211]   --->   Operation 24 'add' 'i_2' <Predicate = true> <Delay = 1.54> <CoreInst = "Adder">   --->   Core 1 'Adder' <Latency = 0> <II = 1> <Delay = 1.54> <FuncUnit> <Opcode : 'add' 'sub'> <InPorts = 2> <OutPorts = 1>
ST_2 : Operation 25 [1/1] (0.00ns)   --->   "%br_ln211 = br i1 %icmp_ln211, void %VITIS_LOOP_213_2.split, void %for.end47.loopexit" [C:/Users/Pie/Documents/Xilinx/CAM_20_V/CAM_20_V/release/release.runs/synth_1/prj/sol/.autopilot/db/v_gamma_lut.cpp:211]   --->   Operation 25 'br' 'br_ln211' <Predicate = true> <Delay = 0.00>
ST_2 : Operation 26 [1/1] (0.00ns)   --->   "%specloopname_ln211 = specloopname void @_ssdm_op_SpecLoopName, void @empty_20" [C:/Users/Pie/Documents/Xilinx/CAM_20_V/CAM_20_V/release/release.runs/synth_1/prj/sol/.autopilot/db/v_gamma_lut.cpp:211]   --->   Operation 26 'specloopname' 'specloopname_ln211' <Predicate = (!icmp_ln211)> <Delay = 0.00>
ST_2 : Operation 27 [1/1] (0.00ns)   --->   "%br_ln213 = br i1 %cmp_i44191, void %for.body10.preheader, void %for.inc45" [C:/Users/Pie/Documents/Xilinx/CAM_20_V/CAM_20_V/release/release.runs/synth_1/prj/sol/.autopilot/db/v_gamma_lut.cpp:213]   --->   Operation 27 'br' 'br_ln213' <Predicate = (!icmp_ln211)> <Delay = 0.00>
ST_2 : Operation 28 [1/1] (0.00ns)   --->   "%sof_load = load i1 %sof"   --->   Operation 28 'load' 'sof_load' <Predicate = (!icmp_ln211 & !cmp_i44191)> <Delay = 0.00>
ST_2 : Operation 29 [1/1] (0.00ns)   --->   "%empty_46 = wait i32 @_ssdm_op_Wait"   --->   Operation 29 'wait' 'empty_46' <Predicate = (!icmp_ln211 & !cmp_i44191)> <Delay = 0.00>
ST_2 : Operation 30 [2/2] (2.83ns)   --->   "%call_ln205 = call void @MultiPixStream2AXIvideo_Pipeline_VITIS_LOOP_213_2, i1 %sof_load, i13 %empty, i13 %sub_i_i, i30 %imgGamma, i32 %m_axis_video_V_data_V, i4 %m_axis_video_V_keep_V, i4 %m_axis_video_V_strb_V, i1 %m_axis_video_V_user_V, i1 %m_axis_video_V_last_V, i1 %m_axis_video_V_id_V, i1 %m_axis_video_V_dest_V" [C:/Users/Pie/Documents/Xilinx/CAM_20_V/CAM_20_V/release/release.runs/synth_1/prj/sol/.autopilot/db/v_gamma_lut.cpp:205]   --->   Operation 30 'call' 'call_ln205' <Predicate = (!icmp_ln211 & !cmp_i44191)> <Delay = 2.83> <CoreType = "Generic">   --->   Core 0 '' <Latency = 0> <II = 1> <Delay = 1.00> <Generic> <Opcode : >

State 3 <SV = 2> <Delay = 2.39>
ST_3 : Operation 31 [1/2] (2.39ns)   --->   "%call_ln205 = call void @MultiPixStream2AXIvideo_Pipeline_VITIS_LOOP_213_2, i1 %sof_load, i13 %empty, i13 %sub_i_i, i30 %imgGamma, i32 %m_axis_video_V_data_V, i4 %m_axis_video_V_keep_V, i4 %m_axis_video_V_strb_V, i1 %m_axis_video_V_user_V, i1 %m_axis_video_V_last_V, i1 %m_axis_video_V_id_V, i1 %m_axis_video_V_dest_V" [C:/Users/Pie/Documents/Xilinx/CAM_20_V/CAM_20_V/release/release.runs/synth_1/prj/sol/.autopilot/db/v_gamma_lut.cpp:205]   --->   Operation 31 'call' 'call_ln205' <Predicate = (!cmp_i44191)> <Delay = 2.39> <CoreType = "Generic">   --->   Core 0 '' <Latency = 0> <II = 1> <Delay = 1.00> <Generic> <Opcode : >
ST_3 : Operation 32 [1/1] (1.29ns)   --->   "%store_ln0 = store i1 0, i1 %sof"   --->   Operation 32 'store' 'store_ln0' <Predicate = (!cmp_i44191)> <Delay = 1.29>
ST_3 : Operation 33 [1/1] (0.00ns)   --->   "%br_ln0 = br void %for.inc45"   --->   Operation 33 'br' 'br_ln0' <Predicate = (!cmp_i44191)> <Delay = 0.00>
ST_3 : Operation 34 [1/1] (1.29ns)   --->   "%store_ln211 = store i12 %i_2, i12 %i" [C:/Users/Pie/Documents/Xilinx/CAM_20_V/CAM_20_V/release/release.runs/synth_1/prj/sol/.autopilot/db/v_gamma_lut.cpp:211]   --->   Operation 34 'store' 'store_ln211' <Predicate = true> <Delay = 1.29>
ST_3 : Operation 35 [1/1] (0.00ns)   --->   "%br_ln211 = br void %VITIS_LOOP_213_2" [C:/Users/Pie/Documents/Xilinx/CAM_20_V/CAM_20_V/release/release.runs/synth_1/prj/sol/.autopilot/db/v_gamma_lut.cpp:211]   --->   Operation 35 'br' 'br_ln211' <Predicate = true> <Delay = 0.00>

State 4 <SV = 3> <Delay = 0.00>
ST_4 : Operation 36 [1/1] (0.00ns)   --->   "%ret_ln0 = ret"   --->   Operation 36 'ret' 'ret_ln0' <Predicate = true> <Delay = 0.00>


============================================================
+ Verbose Summary: Timing violations
============================================================
Target clock period: 6.562ns, clock uncertainty: 1.772ns.

 <State 1>: 1.537ns
The critical path consists of the following:
	wire read operation ('cols', C:/Users/Pie/Documents/Xilinx/CAM_20_V/CAM_20_V/release/release.runs/synth_1/prj/sol/.autopilot/db/v_gamma_lut.cpp:205) on port 'width' (C:/Users/Pie/Documents/Xilinx/CAM_20_V/CAM_20_V/release/release.runs/synth_1/prj/sol/.autopilot/db/v_gamma_lut.cpp:205) [20]  (0.000 ns)
	'add' operation ('sub_i_i', C:/Users/Pie/Documents/Xilinx/CAM_20_V/CAM_20_V/release/release.runs/synth_1/prj/sol/.autopilot/db/v_gamma_lut.cpp:205) [22]  (1.537 ns)

 <State 2>: 4.381ns
The critical path consists of the following:
	'load' operation ('sof_load') on local variable 'sof' [37]  (0.000 ns)
	'call' operation ('call_ln205', C:/Users/Pie/Documents/Xilinx/CAM_20_V/CAM_20_V/release/release.runs/synth_1/prj/sol/.autopilot/db/v_gamma_lut.cpp:205) to 'MultiPixStream2AXIvideo_Pipeline_VITIS_LOOP_213_2' [39]  (2.835 ns)
	blocking operation 1.546 ns on control path)

 <State 3>: 2.395ns
The critical path consists of the following:
	'call' operation ('call_ln205', C:/Users/Pie/Documents/Xilinx/CAM_20_V/CAM_20_V/release/release.runs/synth_1/prj/sol/.autopilot/db/v_gamma_lut.cpp:205) to 'MultiPixStream2AXIvideo_Pipeline_VITIS_LOOP_213_2' [39]  (2.395 ns)

 <State 4>: 0.000ns
The critical path consists of the following:


============================================================
+ Verbose Summary: Binding
============================================================
N/A
* FSMD analyzer results:
  - Output states:
 - Input state : 
  - Chain level:
	State 1
	State 2
	State 3
	State 4


============================================================
+ Verbose Summary: Datapath Resource usage 
============================================================
N/A
