

================================================================
== Vitis HLS Report for 'MultiPixStream2AXIvideo_Pipeline_VITIS_LOOP_213_2'
================================================================
* Date:           Mon Jan  6 16:42:35 2025

* Version:        2023.1 (Build 3854077 on May  4 2023)
* Project:        prj
* Solution:       sol (Vivado IP Flow Target)
* Product family: zynq
* Target device:  xc7z020-clg400-2


================================================================
== Performance Estimates
================================================================
+ Timing: 
    * Summary: 
    +--------+---------+----------+------------+
    |  Clock |  Target | Estimated| Uncertainty|
    +--------+---------+----------+------------+
    |ap_clk  |  6.56 ns|  2.835 ns|     1.77 ns|
    +--------+---------+----------+------------+

+ Latency: 
    * Summary: 
    +---------+---------+-----------+-----------+-----+------+---------+
    |  Latency (cycles) |   Latency (absolute)  |  Interval  | Pipeline|
    |   min   |   max   |    min    |    max    | min |  max |   Type  |
    +---------+---------+-----------+-----------+-----+------+---------+
    |        4|     4099|  26.248 ns|  26.898 us|    4|  4099|       no|
    +---------+---------+-----------+-----------+-----+------+---------+

    + Detail: 
        * Instance: 
        N/A

        * Loop: 
        +--------------------+---------+---------+----------+-----------+-----------+----------+----------+
        |                    |  Latency (cycles) | Iteration|  Initiation Interval  |   Trip   |          |
        |      Loop Name     |   min   |   max   |  Latency |  achieved |   target  |   Count  | Pipelined|
        +--------------------+---------+---------+----------+-----------+-----------+----------+----------+
        |- VITIS_LOOP_213_2  |        2|     4097|         2|          1|          1|  1 ~ 4096|       yes|
        +--------------------+---------+---------+----------+-----------+-----------+----------+----------+



================================================================
== Utilization Estimates
================================================================
* Summary: 
+-----------------+---------+-----+--------+-------+-----+
|       Name      | BRAM_18K| DSP |   FF   |  LUT  | URAM|
+-----------------+---------+-----+--------+-------+-----+
|DSP              |        -|    -|       -|      -|    -|
|Expression       |        -|    -|       0|     46|    -|
|FIFO             |        -|    -|       -|      -|    -|
|Instance         |        -|    -|       -|      -|    -|
|Memory           |        -|    -|       -|      -|    -|
|Multiplexer      |        -|    -|       -|     63|    -|
|Register         |        -|    -|      20|      -|    -|
+-----------------+---------+-----+--------+-------+-----+
|Total            |        0|    0|      20|    109|    0|
+-----------------+---------+-----+--------+-------+-----+
|Available        |      280|  220|  106400|  53200|    0|
+-----------------+---------+-----+--------+-------+-----+
|Utilization (%)  |        0|    0|      ~0|     ~0|    0|
+-----------------+---------+-----+--------+-------+-----+

+ Detail: 
    * Instance: 
    N/A

    * DSP: 
    N/A

    * Memory: 
    N/A

    * FIFO: 
    N/A

    * Expression: 
    +----------------------------------+----------+----+---+----+------------+------------+
    |           Variable Name          | Operation| DSP| FF| LUT| Bitwidth P0| Bitwidth P1|
    +----------------------------------+----------+----+---+----+------------+------------+
    |j_2_fu_159_p2                     |         +|   0|  0|  13|          13|           1|
    |ap_block_pp0_stage0_01001         |       and|   0|  0|   1|           1|           1|
    |ap_block_pp0_stage0_11001         |       and|   0|  0|   1|           1|           1|
    |ap_block_state2_io                |       and|   0|  0|   1|           1|           1|
    |ap_condition_180                  |       and|   0|  0|   1|           1|           1|
    |axi_last_fu_165_p2                |      icmp|   0|  0|  13|          13|          13|
    |icmp_ln213_fu_153_p2              |      icmp|   0|  0|  13|          13|          13|
    |ap_block_state2_pp0_stage0_iter1  |        or|   0|  0|   1|           1|           1|
    |ap_enable_pp0                     |       xor|   0|  0|   2|           1|           2|
    +----------------------------------+----------+----+---+----+------------+------------+
    |Total                             |          |   0|  0|  46|          45|          34|
    +----------------------------------+----------+----+---+----+------------+------------+

    * Multiplexer: 
    +----------------------------------+----+-----------+-----+-----------+
    |               Name               | LUT| Input Size| Bits| Total Bits|
    +----------------------------------+----+-----------+-----+-----------+
    |ap_done_int                       |   9|          2|    1|          2|
    |ap_loop_exit_ready_pp0_iter1_reg  |   9|          2|    1|          2|
    |ap_sig_allocacmp_j_1              |   9|          2|   13|         26|
    |imgGamma_blk_n                    |   9|          2|    1|          2|
    |j_fu_76                           |   9|          2|   13|         26|
    |m_axis_video_TDATA_blk_n          |   9|          2|    1|          2|
    |sof_2_reg_133                     |   9|          2|    1|          2|
    +----------------------------------+----+-----------+-----+-----------+
    |Total                             |  63|         14|   31|         62|
    +----------------------------------+----+-----------+-----+-----------+

    * Register: 
    +----------------------------------+----+----+-----+-----------+
    |               Name               | FF | LUT| Bits| Const Bits|
    +----------------------------------+----+----+-----+-----------+
    |ap_CS_fsm                         |   1|   0|    1|          0|
    |ap_done_reg                       |   1|   0|    1|          0|
    |ap_enable_reg_pp0_iter1           |   1|   0|    1|          0|
    |ap_loop_exit_ready_pp0_iter1_reg  |   1|   0|    1|          0|
    |axi_last_reg_197                  |   1|   0|    1|          0|
    |icmp_ln213_reg_193                |   1|   0|    1|          0|
    |j_fu_76                           |  13|   0|   13|          0|
    |sof_2_reg_133                     |   1|   0|    1|          0|
    +----------------------------------+----+----+-----+-----------+
    |Total                             |  20|   0|   20|          0|
    +----------------------------------+----+----+-----+-----------+



================================================================
== Interface
================================================================
* Summary: 
+-------------------------+-----+-----+------------+---------------------------------------------------+--------------+
|        RTL Ports        | Dir | Bits|  Protocol  |                   Source Object                   |    C Type    |
+-------------------------+-----+-----+------------+---------------------------------------------------+--------------+
|ap_clk                   |   in|    1|  ap_ctrl_hs|  MultiPixStream2AXIvideo_Pipeline_VITIS_LOOP_213_2|  return value|
|ap_rst                   |   in|    1|  ap_ctrl_hs|  MultiPixStream2AXIvideo_Pipeline_VITIS_LOOP_213_2|  return value|
|ap_start                 |   in|    1|  ap_ctrl_hs|  MultiPixStream2AXIvideo_Pipeline_VITIS_LOOP_213_2|  return value|
|ap_done                  |  out|    1|  ap_ctrl_hs|  MultiPixStream2AXIvideo_Pipeline_VITIS_LOOP_213_2|  return value|
|ap_idle                  |  out|    1|  ap_ctrl_hs|  MultiPixStream2AXIvideo_Pipeline_VITIS_LOOP_213_2|  return value|
|ap_ready                 |  out|    1|  ap_ctrl_hs|  MultiPixStream2AXIvideo_Pipeline_VITIS_LOOP_213_2|  return value|
|imgGamma_dout            |   in|   30|     ap_fifo|                                           imgGamma|       pointer|
|imgGamma_num_data_valid  |   in|    5|     ap_fifo|                                           imgGamma|       pointer|
|imgGamma_fifo_cap        |   in|    5|     ap_fifo|                                           imgGamma|       pointer|
|imgGamma_empty_n         |   in|    1|     ap_fifo|                                           imgGamma|       pointer|
|imgGamma_read            |  out|    1|     ap_fifo|                                           imgGamma|       pointer|
|m_axis_video_TREADY      |   in|    1|        axis|                              m_axis_video_V_data_V|       pointer|
|m_axis_video_TDATA       |  out|   32|        axis|                              m_axis_video_V_data_V|       pointer|
|sof                      |   in|    1|     ap_none|                                                sof|        scalar|
|width_load_cast1         |   in|   13|   ap_stable|                                   width_load_cast1|        scalar|
|sub_i_i                  |   in|   13|   ap_stable|                                            sub_i_i|        scalar|
|m_axis_video_TVALID      |  out|    1|        axis|                              m_axis_video_V_dest_V|       pointer|
|m_axis_video_TDEST       |  out|    1|        axis|                              m_axis_video_V_dest_V|       pointer|
|m_axis_video_TKEEP       |  out|    4|        axis|                              m_axis_video_V_keep_V|       pointer|
|m_axis_video_TSTRB       |  out|    4|        axis|                              m_axis_video_V_strb_V|       pointer|
|m_axis_video_TUSER       |  out|    1|        axis|                              m_axis_video_V_user_V|       pointer|
|m_axis_video_TLAST       |  out|    1|        axis|                              m_axis_video_V_last_V|       pointer|
|m_axis_video_TID         |  out|    1|        axis|                                m_axis_video_V_id_V|       pointer|
+-------------------------+-----+-----+------------+---------------------------------------------------+--------------+

============================================================
+ Verbose Summary: Synthesis Manager
============================================================
InlineROM: 1
ExposeGlobal: 0
============================================================
+ Verbose Summary: CDFG Model
============================================================
IsTopModel: 0
ResetActiveHigh: 1
IsCombinational: 2
IsDatapathOnly: 2
HasWiredReturn: 1
HasMFsm: 2
HasVarLatency: 1
IsPipeline: 0
IsRtlPipelined: 0
IsInstanceOverlapped: 0
IsDontTouch: 0
HasImplIP: 0
IsGatedGlobalClock: 0

+ Individual pipeline summary: 
  * Pipeline-0: initiation interval (II) = 1, depth = 2


============================================================
+ Verbose Summary: Schedule
============================================================
* Number of FSM states : 2
* Pipeline : 1
  Pipeline-0 : II = 1, D = 2, States = { 1 2 }
* Dataflow Pipeline: 0

* FSM state transitions: 
1 --> 2 
2 --> 

* FSM state operations: 

State 1 <SV = 0> <Delay = 2.83>
ST_1 : Operation 5 [1/1] (0.00ns)   --->   "%j = alloca i32 1"   --->   Operation 5 'alloca' 'j' <Predicate = true> <Delay = 0.00>
ST_1 : Operation 6 [1/1] (0.00ns)   --->   "%specaxissidechannel_ln0 = specaxissidechannel void @_ssdm_op_SpecAXISSideChannel, i32 %m_axis_video_V_data_V, i4 %m_axis_video_V_keep_V, i4 %m_axis_video_V_strb_V, i1 %m_axis_video_V_user_V, i1 %m_axis_video_V_last_V, i1 %m_axis_video_V_id_V, i1 %m_axis_video_V_dest_V, void @empty_13"   --->   Operation 6 'specaxissidechannel' 'specaxissidechannel_ln0' <Predicate = true> <Delay = 0.00>
ST_1 : Operation 7 [1/1] (0.00ns)   --->   "%specinterface_ln0 = specinterface void @_ssdm_op_SpecInterface, i32 %m_axis_video_V_data_V, i4 %m_axis_video_V_keep_V, i4 %m_axis_video_V_strb_V, i1 %m_axis_video_V_user_V, i1 %m_axis_video_V_last_V, i1 %m_axis_video_V_id_V, i1 %m_axis_video_V_dest_V, void @empty_10, i32 0, i32 0, void @empty_11, i32 0, i32 0, void @empty_0, void @empty_0, void @empty_0, i32 0, i32 0, i32 0, i32 0, void @empty_0, void @empty_0, i32 4294967295, i32 0"   --->   Operation 7 'specinterface' 'specinterface_ln0' <Predicate = true> <Delay = 0.00>
ST_1 : Operation 8 [1/1] (0.00ns)   --->   "%specinterface_ln0 = specinterface void @_ssdm_op_SpecInterface, i30 %imgGamma, void @empty_12, i32 0, i32 0, void @empty_0, i32 0, i32 0, void @empty_0, void @empty_0, void @empty_0, i32 0, i32 0, i32 0, i32 0, void @empty_0, void @empty_0, i32 4294967295, i32 0"   --->   Operation 8 'specinterface' 'specinterface_ln0' <Predicate = true> <Delay = 0.00>
ST_1 : Operation 9 [1/1] (0.00ns)   --->   "%sub_i_i_read = read i13 @_ssdm_op_Read.ap_auto.i13, i13 %sub_i_i"   --->   Operation 9 'read' 'sub_i_i_read' <Predicate = true> <Delay = 0.00>
ST_1 : Operation 10 [1/1] (0.00ns)   --->   "%width_load_cast1_read = read i13 @_ssdm_op_Read.ap_auto.i13, i13 %width_load_cast1"   --->   Operation 10 'read' 'width_load_cast1_read' <Predicate = true> <Delay = 0.00>
ST_1 : Operation 11 [1/1] (0.00ns)   --->   "%sof_read = read i1 @_ssdm_op_Read.ap_auto.i1, i1 %sof"   --->   Operation 11 'read' 'sof_read' <Predicate = true> <Delay = 0.00>
ST_1 : Operation 12 [1/1] (1.29ns)   --->   "%store_ln0 = store i13 0, i13 %j"   --->   Operation 12 'store' 'store_ln0' <Predicate = true> <Delay = 1.29>
ST_1 : Operation 13 [1/1] (1.29ns)   --->   "%br_ln0 = br void %for.body10"   --->   Operation 13 'br' 'br_ln0' <Predicate = true> <Delay = 1.29>
ST_1 : Operation 14 [1/1] (0.00ns)   --->   "%j_1 = load i13 %j" [C:/Users/Pie/Documents/Xilinx/CAM_20_V/CAM_20_V/release/release.runs/synth_1/prj/sol/.autopilot/db/v_gamma_lut.cpp:213]   --->   Operation 14 'load' 'j_1' <Predicate = true> <Delay = 0.00>
ST_1 : Operation 15 [1/1] (1.53ns)   --->   "%icmp_ln213 = icmp_eq  i13 %j_1, i13 %width_load_cast1_read" [C:/Users/Pie/Documents/Xilinx/CAM_20_V/CAM_20_V/release/release.runs/synth_1/prj/sol/.autopilot/db/v_gamma_lut.cpp:213]   --->   Operation 15 'icmp' 'icmp_ln213' <Predicate = true> <Delay = 1.53> <CoreInst = "Cmp">   --->   Core 9 'Cmp' <Latency = 0> <II = 1> <Delay = 1.53> <FuncUnit> <Opcode : 'icmp'> <InPorts = 2> <OutPorts = 1>
ST_1 : Operation 16 [1/1] (1.53ns)   --->   "%j_2 = add i13 %j_1, i13 1" [C:/Users/Pie/Documents/Xilinx/CAM_20_V/CAM_20_V/release/release.runs/synth_1/prj/sol/.autopilot/db/v_gamma_lut.cpp:213]   --->   Operation 16 'add' 'j_2' <Predicate = true> <Delay = 1.53> <CoreInst = "Adder">   --->   Core 1 'Adder' <Latency = 0> <II = 1> <Delay = 1.53> <FuncUnit> <Opcode : 'add' 'sub'> <InPorts = 2> <OutPorts = 1>
ST_1 : Operation 17 [1/1] (0.00ns)   --->   "%br_ln213 = br i1 %icmp_ln213, void %for.body10.split, void %for.inc45.loopexit.exitStub" [C:/Users/Pie/Documents/Xilinx/CAM_20_V/CAM_20_V/release/release.runs/synth_1/prj/sol/.autopilot/db/v_gamma_lut.cpp:213]   --->   Operation 17 'br' 'br_ln213' <Predicate = true> <Delay = 0.00>
ST_1 : Operation 18 [1/1] (1.53ns)   --->   "%axi_last = icmp_eq  i13 %sub_i_i_read, i13 %j_1" [C:/Users/Pie/Documents/Xilinx/CAM_20_V/CAM_20_V/release/release.runs/synth_1/prj/sol/.autopilot/db/v_gamma_lut.cpp:223]   --->   Operation 18 'icmp' 'axi_last' <Predicate = (!icmp_ln213)> <Delay = 1.53> <CoreInst = "Cmp">   --->   Core 9 'Cmp' <Latency = 0> <II = 1> <Delay = 1.53> <FuncUnit> <Opcode : 'icmp'> <InPorts = 2> <OutPorts = 1>
ST_1 : Operation 19 [1/1] (1.29ns)   --->   "%store_ln213 = store i13 %j_2, i13 %j" [C:/Users/Pie/Documents/Xilinx/CAM_20_V/CAM_20_V/release/release.runs/synth_1/prj/sol/.autopilot/db/v_gamma_lut.cpp:213]   --->   Operation 19 'store' 'store_ln213' <Predicate = (!icmp_ln213)> <Delay = 1.29>
ST_1 : Operation 20 [1/1] (0.00ns)   --->   "%br_ln213 = br void %for.body10" [C:/Users/Pie/Documents/Xilinx/CAM_20_V/CAM_20_V/release/release.runs/synth_1/prj/sol/.autopilot/db/v_gamma_lut.cpp:213]   --->   Operation 20 'br' 'br_ln213' <Predicate = (!icmp_ln213)> <Delay = 0.00>

State 2 <SV = 1> <Delay = 2.39>
ST_2 : Operation 21 [1/1] (0.00ns)   --->   "%sof_2 = phi i1 0, void %for.body10.split, i1 %sof_read, void %newFuncRoot"   --->   Operation 21 'phi' 'sof_2' <Predicate = true> <Delay = 0.00>
ST_2 : Operation 22 [1/1] (0.00ns)   --->   "%speclooptripcount_ln0 = speclooptripcount void @_ssdm_op_SpecLoopTripCount, i64 1, i64 4096, i64 0"   --->   Operation 22 'speclooptripcount' 'speclooptripcount_ln0' <Predicate = true> <Delay = 0.00>
ST_2 : Operation 23 [1/1] (0.00ns)   --->   "%specpipeline_ln216 = specpipeline void @_ssdm_op_SpecPipeline, i32 1, i32 0, i32 0, i32 0, void @empty_0" [C:/Users/Pie/Documents/Xilinx/CAM_20_V/CAM_20_V/release/release.runs/synth_1/prj/sol/.autopilot/db/v_gamma_lut.cpp:216]   --->   Operation 23 'specpipeline' 'specpipeline_ln216' <Predicate = (!icmp_ln213)> <Delay = 0.00>
ST_2 : Operation 24 [1/1] (0.00ns)   --->   "%specloopname_ln213 = specloopname void @_ssdm_op_SpecLoopName, void @empty_19" [C:/Users/Pie/Documents/Xilinx/CAM_20_V/CAM_20_V/release/release.runs/synth_1/prj/sol/.autopilot/db/v_gamma_lut.cpp:213]   --->   Operation 24 'specloopname' 'specloopname_ln213' <Predicate = (!icmp_ln213)> <Delay = 0.00>
ST_2 : Operation 25 [1/1] (2.39ns)   --->   "%axi_data = read i30 @_ssdm_op_Read.ap_fifo.volatile.i30P0A, i30 %imgGamma" [C:/Users/Pie/Documents/Xilinx/CAM_20_V/CAM_20_V/release/release.runs/synth_1/prj/sol/.autopilot/db/v_gamma_lut.cpp:228]   --->   Operation 25 'read' 'axi_data' <Predicate = (!icmp_ln213)> <Delay = 2.39> <CoreInst = "FIFO_SRL">   --->   Core 81 'FIFO_SRL' <Latency = 0> <II = 1> <Delay = 3.40> <Storage> <Opcode : 'read' 'write' 'nbread' 'nbwrite'> <Ports = 0> <Width = 30> <Depth = 16> <FIFO>
ST_2 : Operation 26 [1/1] (0.00ns)   --->   "%zext_ln241 = zext i30 %axi_data" [C:/Users/Pie/Documents/Xilinx/CAM_20_V/CAM_20_V/release/release.runs/synth_1/prj/sol/.autopilot/db/v_gamma_lut.cpp:241]   --->   Operation 26 'zext' 'zext_ln241' <Predicate = (!icmp_ln213)> <Delay = 0.00>
ST_2 : Operation 27 [1/1] (0.00ns)   --->   "%write_ln241 = write void @_ssdm_op_Write.axis.volatile.i32P0A.i4P0A.i4P0A.i1P0A.i1P0A.i1P0A.i1P0A, i32 %m_axis_video_V_data_V, i4 %m_axis_video_V_keep_V, i4 %m_axis_video_V_strb_V, i1 %m_axis_video_V_user_V, i1 %m_axis_video_V_last_V, i1 %m_axis_video_V_id_V, i1 %m_axis_video_V_dest_V, i32 %zext_ln241, i4 15, i4 0, i1 %sof_2, i1 %axi_last, i1 0, i1 0" [C:/Users/Pie/Documents/Xilinx/CAM_20_V/CAM_20_V/release/release.runs/synth_1/prj/sol/.autopilot/db/v_gamma_lut.cpp:241]   --->   Operation 27 'write' 'write_ln241' <Predicate = (!icmp_ln213)> <Delay = 0.00> <CoreInst = "axis">   --->   Core 115 'axis' <Latency = 0> <II = 1> <Delay = 1.00> <Adapter> <Opcode : >
ST_2 : Operation 28 [1/1] (0.00ns)   --->   "%ret_ln0 = ret"   --->   Operation 28 'ret' 'ret_ln0' <Predicate = (icmp_ln213)> <Delay = 0.00>


============================================================
+ Verbose Summary: Binding
============================================================
STG Binding: 
---------------- STG Properties BEGIN ----------------
- Is combinational: 0
- Is one-state seq: 0
- Is datapath-only: 0
- Is pipelined: 0
- Is top level: 0
Port [ Return ] is wired: 1; IO mode=ap_ctrl_hs:ce=0
Port [ sof]:  wired=1; compound=0; hidden=0; nouse=0; global=0; static=0; extern=0; dir=0; type=0; pingpong=0; private_global=0; IO mode=ap_none:ce=0
Port [ width_load_cast1]:  wired=1; compound=0; hidden=0; nouse=0; global=0; static=0; extern=0; dir=0; type=0; pingpong=0; private_global=0; IO mode=ap_stable:ce=0
Port [ sub_i_i]:  wired=1; compound=0; hidden=0; nouse=0; global=0; static=0; extern=0; dir=0; type=0; pingpong=0; private_global=0; IO mode=ap_stable:ce=0
Port [ imgGamma]:  wired=1; compound=1; hidden=0; nouse=0; global=0; static=0; extern=0; dir=0; type=3; pingpong=0; private_global=0; IO mode=ap_fifo:ce=0
Port [ m_axis_video_V_data_V]:  wired=1; compound=1; hidden=0; nouse=0; global=0; static=0; extern=0; dir=1; type=0; pingpong=0; private_global=0; IO mode=axis:ce=0
Port [ m_axis_video_V_keep_V]:  wired=1; compound=1; hidden=0; nouse=0; global=0; static=0; extern=0; dir=1; type=0; pingpong=0; private_global=0; IO mode=axis:ce=0
Port [ m_axis_video_V_strb_V]:  wired=1; compound=1; hidden=0; nouse=0; global=0; static=0; extern=0; dir=1; type=0; pingpong=0; private_global=0; IO mode=axis:ce=0
Port [ m_axis_video_V_user_V]:  wired=1; compound=1; hidden=0; nouse=0; global=0; static=0; extern=0; dir=1; type=0; pingpong=0; private_global=0; IO mode=axis:ce=0
Port [ m_axis_video_V_last_V]:  wired=1; compound=1; hidden=0; nouse=0; global=0; static=0; extern=0; dir=1; type=0; pingpong=0; private_global=0; IO mode=axis:ce=0
Port [ m_axis_video_V_id_V]:  wired=1; compound=1; hidden=0; nouse=0; global=0; static=0; extern=0; dir=1; type=0; pingpong=0; private_global=0; IO mode=axis:ce=0
Port [ m_axis_video_V_dest_V]:  wired=1; compound=1; hidden=0; nouse=0; global=0; static=0; extern=0; dir=1; type=0; pingpong=0; private_global=0; IO mode=axis:ce=0
---------------- STG Properties END ------------------

---------------- Datapath Model BEGIN ----------------

<LifeTime>
<method=bitvector/>
j                       (alloca             ) [ 010]
specaxissidechannel_ln0 (specaxissidechannel) [ 000]
specinterface_ln0       (specinterface      ) [ 000]
specinterface_ln0       (specinterface      ) [ 000]
sub_i_i_read            (read               ) [ 000]
width_load_cast1_read   (read               ) [ 000]
sof_read                (read               ) [ 011]
store_ln0               (store              ) [ 000]
br_ln0                  (br                 ) [ 011]
j_1                     (load               ) [ 000]
icmp_ln213              (icmp               ) [ 011]
j_2                     (add                ) [ 000]
br_ln213                (br                 ) [ 000]
axi_last                (icmp               ) [ 011]
store_ln213             (store              ) [ 000]
br_ln213                (br                 ) [ 011]
sof_2                   (phi                ) [ 011]
speclooptripcount_ln0   (speclooptripcount  ) [ 000]
specpipeline_ln216      (specpipeline       ) [ 000]
specloopname_ln213      (specloopname       ) [ 000]
axi_data                (read               ) [ 000]
zext_ln241              (zext               ) [ 000]
write_ln241             (write              ) [ 000]
ret_ln0                 (ret                ) [ 000]
</LifeTime>

<model>

<comp_list>
<comp id="0" class="1000" name="sof">
<pin_list>
<pin id="1" dir="1" index="0" bw="1" slack="0"/>
</pin_list>
<bind>
<StgValue><ssdm name="sof"/></StgValue>
</bind>
</comp>

<comp id="2" class="1000" name="width_load_cast1">
<pin_list>
<pin id="3" dir="1" index="0" bw="1" slack="0"/>
</pin_list>
<bind>
<StgValue><ssdm name="width_load_cast1"/></StgValue>
</bind>
</comp>

<comp id="4" class="1000" name="sub_i_i">
<pin_list>
<pin id="5" dir="1" index="0" bw="1" slack="0"/>
</pin_list>
<bind>
<StgValue><ssdm name="sub_i_i"/></StgValue>
</bind>
</comp>

<comp id="6" class="1000" name="imgGamma">
<pin_list>
<pin id="7" dir="1" index="0" bw="1" slack="0"/>
</pin_list>
<bind>
<StgValue><ssdm name="imgGamma"/></StgValue>
</bind>
</comp>

<comp id="8" class="1000" name="m_axis_video_V_data_V">
<pin_list>
<pin id="9" dir="1" index="0" bw="1" slack="0"/>
</pin_list>
<bind>
<StgValue><ssdm name="m_axis_video_V_data_V"/></StgValue>
</bind>
</comp>

<comp id="10" class="1000" name="m_axis_video_V_keep_V">
<pin_list>
<pin id="11" dir="1" index="0" bw="1" slack="0"/>
</pin_list>
<bind>
<StgValue><ssdm name="m_axis_video_V_keep_V"/></StgValue>
</bind>
</comp>

<comp id="12" class="1000" name="m_axis_video_V_strb_V">
<pin_list>
<pin id="13" dir="1" index="0" bw="1" slack="0"/>
</pin_list>
<bind>
<StgValue><ssdm name="m_axis_video_V_strb_V"/></StgValue>
</bind>
</comp>

<comp id="14" class="1000" name="m_axis_video_V_user_V">
<pin_list>
<pin id="15" dir="1" index="0" bw="1" slack="0"/>
</pin_list>
<bind>
<StgValue><ssdm name="m_axis_video_V_user_V"/></StgValue>
</bind>
</comp>

<comp id="16" class="1000" name="m_axis_video_V_last_V">
<pin_list>
<pin id="17" dir="1" index="0" bw="1" slack="0"/>
</pin_list>
<bind>
<StgValue><ssdm name="m_axis_video_V_last_V"/></StgValue>
</bind>
</comp>

<comp id="18" class="1000" name="m_axis_video_V_id_V">
<pin_list>
<pin id="19" dir="1" index="0" bw="1" slack="0"/>
</pin_list>
<bind>
<StgValue><ssdm name="m_axis_video_V_id_V"/></StgValue>
</bind>
</comp>

<comp id="20" class="1000" name="m_axis_video_V_dest_V">
<pin_list>
<pin id="21" dir="1" index="0" bw="1" slack="0"/>
</pin_list>
<bind>
<StgValue><ssdm name="m_axis_video_V_dest_V"/></StgValue>
</bind>
</comp>

<comp id="22" class="1001" name="const_22">
<pin_list>
<pin id="23" dir="1" index="0" bw="1" slack="0"/>
</pin_list>
<bind>
<StgValue><ssdm name=""/></StgValue>
</bind>
</comp>

<comp id="24" class="1001" name="const_24">
<pin_list>
<pin id="25" dir="1" index="0" bw="1" slack="2147483647"/>
</pin_list>
<bind>
<StgValue><ssdm name="_ssdm_op_SpecAXISSideChannel"/></StgValue>
</bind>
</comp>

<comp id="26" class="1001" name="const_26">
<pin_list>
<pin id="27" dir="1" index="0" bw="1" slack="2147483647"/>
</pin_list>
<bind>
<StgValue><ssdm name="empty_13"/></StgValue>
</bind>
</comp>

<comp id="28" class="1001" name="const_28">
<pin_list>
<pin id="29" dir="1" index="0" bw="1" slack="2147483647"/>
</pin_list>
<bind>
<StgValue><ssdm name="_ssdm_op_SpecInterface"/></StgValue>
</bind>
</comp>

<comp id="30" class="1001" name="const_30">
<pin_list>
<pin id="31" dir="1" index="0" bw="1" slack="2147483647"/>
</pin_list>
<bind>
<StgValue><ssdm name="empty_10"/></StgValue>
</bind>
</comp>

<comp id="32" class="1001" name="const_32">
<pin_list>
<pin id="33" dir="1" index="0" bw="1" slack="2147483647"/>
</pin_list>
<bind>
<StgValue><ssdm name=""/></StgValue>
</bind>
</comp>

<comp id="34" class="1001" name="const_34">
<pin_list>
<pin id="35" dir="1" index="0" bw="1" slack="2147483647"/>
</pin_list>
<bind>
<StgValue><ssdm name="empty_11"/></StgValue>
</bind>
</comp>

<comp id="36" class="1001" name="const_36">
<pin_list>
<pin id="37" dir="1" index="0" bw="1" slack="2147483647"/>
</pin_list>
<bind>
<StgValue><ssdm name="empty_0"/></StgValue>
</bind>
</comp>

<comp id="38" class="1001" name="const_38">
<pin_list>
<pin id="39" dir="1" index="0" bw="1" slack="2147483647"/>
</pin_list>
<bind>
<StgValue><ssdm name=""/></StgValue>
</bind>
</comp>

<comp id="40" class="1001" name="const_40">
<pin_list>
<pin id="41" dir="1" index="0" bw="1" slack="2147483647"/>
</pin_list>
<bind>
<StgValue><ssdm name="empty_12"/></StgValue>
</bind>
</comp>

<comp id="42" class="1001" name="const_42">
<pin_list>
<pin id="43" dir="1" index="0" bw="1" slack="0"/>
</pin_list>
<bind>
<StgValue><ssdm name="_ssdm_op_Read.ap_auto.i13"/></StgValue>
</bind>
</comp>

<comp id="44" class="1001" name="const_44">
<pin_list>
<pin id="45" dir="1" index="0" bw="1" slack="0"/>
</pin_list>
<bind>
<StgValue><ssdm name="_ssdm_op_Read.ap_auto.i1"/></StgValue>
</bind>
</comp>

<comp id="46" class="1001" name="const_46">
<pin_list>
<pin id="47" dir="1" index="0" bw="1" slack="0"/>
</pin_list>
<bind>
<StgValue><ssdm name=""/></StgValue>
</bind>
</comp>

<comp id="48" class="1001" name="const_48">
<pin_list>
<pin id="49" dir="1" index="0" bw="1" slack="0"/>
</pin_list>
<bind>
<StgValue><ssdm name=""/></StgValue>
</bind>
</comp>

<comp id="50" class="1001" name="const_50">
<pin_list>
<pin id="51" dir="1" index="0" bw="1" slack="1"/>
</pin_list>
<bind>
<StgValue><ssdm name=""/></StgValue>
</bind>
</comp>

<comp id="52" class="1001" name="const_52">
<pin_list>
<pin id="53" dir="1" index="0" bw="1" slack="2147483647"/>
</pin_list>
<bind>
<StgValue><ssdm name="_ssdm_op_SpecLoopTripCount"/></StgValue>
</bind>
</comp>

<comp id="54" class="1001" name="const_54">
<pin_list>
<pin id="55" dir="1" index="0" bw="1" slack="2147483647"/>
</pin_list>
<bind>
<StgValue><ssdm name=""/></StgValue>
</bind>
</comp>

<comp id="56" class="1001" name="const_56">
<pin_list>
<pin id="57" dir="1" index="0" bw="1" slack="2147483647"/>
</pin_list>
<bind>
<StgValue><ssdm name=""/></StgValue>
</bind>
</comp>

<comp id="58" class="1001" name="const_58">
<pin_list>
<pin id="59" dir="1" index="0" bw="1" slack="2147483647"/>
</pin_list>
<bind>
<StgValue><ssdm name=""/></StgValue>
</bind>
</comp>

<comp id="60" class="1001" name="const_60">
<pin_list>
<pin id="61" dir="1" index="0" bw="1" slack="2147483647"/>
</pin_list>
<bind>
<StgValue><ssdm name="_ssdm_op_SpecPipeline"/></StgValue>
</bind>
</comp>

<comp id="62" class="1001" name="const_62">
<pin_list>
<pin id="63" dir="1" index="0" bw="1" slack="2147483647"/>
</pin_list>
<bind>
<StgValue><ssdm name="_ssdm_op_SpecLoopName"/></StgValue>
</bind>
</comp>

<comp id="64" class="1001" name="const_64">
<pin_list>
<pin id="65" dir="1" index="0" bw="1" slack="2147483647"/>
</pin_list>
<bind>
<StgValue><ssdm name="empty_19"/></StgValue>
</bind>
</comp>

<comp id="66" class="1001" name="const_66">
<pin_list>
<pin id="67" dir="1" index="0" bw="1" slack="0"/>
</pin_list>
<bind>
<StgValue><ssdm name="_ssdm_op_Read.ap_fifo.volatile.i30P0A"/></StgValue>
</bind>
</comp>

<comp id="68" class="1001" name="const_68">
<pin_list>
<pin id="69" dir="1" index="0" bw="1" slack="0"/>
</pin_list>
<bind>
<StgValue><ssdm name="_ssdm_op_Write.axis.volatile.i32P0A.i4P0A.i4P0A.i1P0A.i1P0A.i1P0A.i1P0A"/></StgValue>
</bind>
</comp>

<comp id="70" class="1001" name="const_70">
<pin_list>
<pin id="71" dir="1" index="0" bw="1" slack="0"/>
</pin_list>
<bind>
<StgValue><ssdm name=""/></StgValue>
</bind>
</comp>

<comp id="72" class="1001" name="const_72">
<pin_list>
<pin id="73" dir="1" index="0" bw="1" slack="0"/>
</pin_list>
<bind>
<StgValue><ssdm name=""/></StgValue>
</bind>
</comp>

<comp id="74" class="1001" name="const_74">
<pin_list>
<pin id="75" dir="1" index="0" bw="1" slack="0"/>
</pin_list>
<bind>
<StgValue><ssdm name=""/></StgValue>
</bind>
</comp>

<comp id="76" class="1004" name="j_fu_76">
<pin_list>
<pin id="77" dir="0" index="0" bw="1" slack="0"/>
<pin id="78" dir="1" index="1" bw="13" slack="0"/>
</pin_list>
<bind>
<opcode="alloca(26) " fcode="alloca"/>
<opset="j/1 "/>
</bind>
</comp>

<comp id="80" class="1004" name="sub_i_i_read_read_fu_80">
<pin_list>
<pin id="81" dir="0" index="0" bw="13" slack="0"/>
<pin id="82" dir="0" index="1" bw="13" slack="0"/>
<pin id="83" dir="1" index="2" bw="13" slack="0"/>
</pin_list>
<bind>
<opcode="read(1150) " fcode="read"/>
<opset="sub_i_i_read/1 "/>
</bind>
</comp>

<comp id="86" class="1004" name="width_load_cast1_read_read_fu_86">
<pin_list>
<pin id="87" dir="0" index="0" bw="13" slack="0"/>
<pin id="88" dir="0" index="1" bw="13" slack="0"/>
<pin id="89" dir="1" index="2" bw="13" slack="0"/>
</pin_list>
<bind>
<opcode="read(1150) " fcode="read"/>
<opset="width_load_cast1_read/1 "/>
</bind>
</comp>

<comp id="92" class="1004" name="sof_read_read_fu_92">
<pin_list>
<pin id="93" dir="0" index="0" bw="1" slack="0"/>
<pin id="94" dir="0" index="1" bw="1" slack="0"/>
<pin id="95" dir="1" index="2" bw="1" slack="1"/>
</pin_list>
<bind>
<opcode="read(1150) " fcode="read"/>
<opset="sof_read/1 "/>
</bind>
</comp>

<comp id="98" class="1004" name="axi_data_read_fu_98">
<pin_list>
<pin id="99" dir="0" index="0" bw="30" slack="0"/>
<pin id="100" dir="0" index="1" bw="30" slack="0"/>
<pin id="101" dir="1" index="2" bw="30" slack="0"/>
</pin_list>
<bind>
<opcode="read(1150) " fcode="read"/>
<opset="axi_data/2 "/>
</bind>
</comp>

<comp id="104" class="1004" name="write_ln241_write_fu_104">
<pin_list>
<pin id="105" dir="0" index="0" bw="0" slack="0"/>
<pin id="106" dir="0" index="1" bw="32" slack="0"/>
<pin id="107" dir="0" index="2" bw="4" slack="0"/>
<pin id="108" dir="0" index="3" bw="4" slack="0"/>
<pin id="109" dir="0" index="4" bw="1" slack="0"/>
<pin id="110" dir="0" index="5" bw="1" slack="0"/>
<pin id="111" dir="0" index="6" bw="1" slack="0"/>
<pin id="112" dir="0" index="7" bw="1" slack="0"/>
<pin id="113" dir="0" index="8" bw="30" slack="0"/>
<pin id="114" dir="0" index="9" bw="1" slack="0"/>
<pin id="115" dir="0" index="10" bw="1" slack="0"/>
<pin id="116" dir="0" index="11" bw="1" slack="0"/>
<pin id="117" dir="0" index="12" bw="1" slack="1"/>
<pin id="118" dir="0" index="13" bw="1" slack="0"/>
<pin id="119" dir="0" index="14" bw="1" slack="0"/>
<pin id="120" dir="1" index="15" bw="0" slack="2147483647"/>
</pin_list>
<bind>
<opcode="write(1151) " fcode="write"/>
<opset="write_ln241/2 "/>
</bind>
</comp>

<comp id="133" class="1005" name="sof_2_reg_133">
<pin_list>
<pin id="134" dir="0" index="0" bw="1" slack="1"/>
<pin id="135" dir="1" index="1" bw="1" slack="1"/>
</pin_list>
<bind>
<opset="sof_2 (phireg) "/>
</bind>
</comp>

<comp id="137" class="1004" name="sof_2_phi_fu_137">
<pin_list>
<pin id="138" dir="0" index="0" bw="1" slack="1"/>
<pin id="139" dir="0" index="1" bw="0" slack="2147483647"/>
<pin id="140" dir="0" index="2" bw="1" slack="1"/>
<pin id="141" dir="0" index="3" bw="0" slack="2147483647"/>
<pin id="142" dir="1" index="4" bw="1" slack="0"/>
</pin_list>
<bind>
<opcode="phi(47) " fcode="phi"/>
<opset="sof_2/2 "/>
</bind>
</comp>

<comp id="145" class="1004" name="store_ln0_store_fu_145">
<pin_list>
<pin id="146" dir="0" index="0" bw="1" slack="0"/>
<pin id="147" dir="0" index="1" bw="13" slack="0"/>
<pin id="148" dir="1" index="2" bw="0" slack="2147483647"/>
</pin_list>
<bind>
<opcode="store(28) " fcode="store"/>
<opset="store_ln0/1 "/>
</bind>
</comp>

<comp id="150" class="1004" name="j_1_load_fu_150">
<pin_list>
<pin id="151" dir="0" index="0" bw="13" slack="0"/>
<pin id="152" dir="1" index="1" bw="13" slack="0"/>
</pin_list>
<bind>
<opcode="load(27) " fcode="load"/>
<opset="j_1/1 "/>
</bind>
</comp>

<comp id="153" class="1004" name="icmp_ln213_fu_153">
<pin_list>
<pin id="154" dir="0" index="0" bw="13" slack="0"/>
<pin id="155" dir="0" index="1" bw="13" slack="0"/>
<pin id="156" dir="1" index="2" bw="1" slack="1"/>
</pin_list>
<bind>
<opcode="icmp(45) " fcode="icmp"/>
<opset="icmp_ln213/1 "/>
</bind>
</comp>

<comp id="159" class="1004" name="j_2_fu_159">
<pin_list>
<pin id="160" dir="0" index="0" bw="13" slack="0"/>
<pin id="161" dir="0" index="1" bw="1" slack="0"/>
<pin id="162" dir="1" index="2" bw="13" slack="0"/>
</pin_list>
<bind>
<opcode="add(8) " fcode="add"/>
<opset="j_2/1 "/>
</bind>
</comp>

<comp id="165" class="1004" name="axi_last_fu_165">
<pin_list>
<pin id="166" dir="0" index="0" bw="13" slack="0"/>
<pin id="167" dir="0" index="1" bw="13" slack="0"/>
<pin id="168" dir="1" index="2" bw="1" slack="1"/>
</pin_list>
<bind>
<opcode="icmp(45) " fcode="icmp"/>
<opset="axi_last/1 "/>
</bind>
</comp>

<comp id="171" class="1004" name="store_ln213_store_fu_171">
<pin_list>
<pin id="172" dir="0" index="0" bw="13" slack="0"/>
<pin id="173" dir="0" index="1" bw="13" slack="0"/>
<pin id="174" dir="1" index="2" bw="0" slack="2147483647"/>
</pin_list>
<bind>
<opcode="store(28) " fcode="store"/>
<opset="store_ln213/1 "/>
</bind>
</comp>

<comp id="176" class="1004" name="zext_ln241_fu_176">
<pin_list>
<pin id="177" dir="0" index="0" bw="30" slack="0"/>
<pin id="178" dir="1" index="1" bw="32" slack="0"/>
</pin_list>
<bind>
<opcode="zext(34) " fcode="zext"/>
<opset="zext_ln241/2 "/>
</bind>
</comp>

<comp id="181" class="1005" name="j_reg_181">
<pin_list>
<pin id="182" dir="0" index="0" bw="13" slack="0"/>
<pin id="183" dir="1" index="1" bw="13" slack="0"/>
</pin_list>
<bind>
<opset="j "/>
</bind>
</comp>

<comp id="188" class="1005" name="sof_read_reg_188">
<pin_list>
<pin id="189" dir="0" index="0" bw="1" slack="1"/>
<pin id="190" dir="1" index="1" bw="1" slack="1"/>
</pin_list>
<bind>
<opset="sof_read "/>
</bind>
</comp>

<comp id="193" class="1005" name="icmp_ln213_reg_193">
<pin_list>
<pin id="194" dir="0" index="0" bw="1" slack="1"/>
<pin id="195" dir="1" index="1" bw="1" slack="2147483647"/>
</pin_list>
<bind>
<opset="icmp_ln213 "/>
</bind>
</comp>

<comp id="197" class="1005" name="axi_last_reg_197">
<pin_list>
<pin id="198" dir="0" index="0" bw="1" slack="1"/>
<pin id="199" dir="1" index="1" bw="1" slack="1"/>
</pin_list>
<bind>
<opset="axi_last "/>
</bind>
</comp>

</comp_list>

<net_list>
<net id="79"><net_src comp="22" pin="0"/><net_sink comp="76" pin=0"/></net>

<net id="84"><net_src comp="42" pin="0"/><net_sink comp="80" pin=0"/></net>

<net id="85"><net_src comp="4" pin="0"/><net_sink comp="80" pin=1"/></net>

<net id="90"><net_src comp="42" pin="0"/><net_sink comp="86" pin=0"/></net>

<net id="91"><net_src comp="2" pin="0"/><net_sink comp="86" pin=1"/></net>

<net id="96"><net_src comp="44" pin="0"/><net_sink comp="92" pin=0"/></net>

<net id="97"><net_src comp="0" pin="0"/><net_sink comp="92" pin=1"/></net>

<net id="102"><net_src comp="66" pin="0"/><net_sink comp="98" pin=0"/></net>

<net id="103"><net_src comp="6" pin="0"/><net_sink comp="98" pin=1"/></net>

<net id="121"><net_src comp="68" pin="0"/><net_sink comp="104" pin=0"/></net>

<net id="122"><net_src comp="8" pin="0"/><net_sink comp="104" pin=1"/></net>

<net id="123"><net_src comp="10" pin="0"/><net_sink comp="104" pin=2"/></net>

<net id="124"><net_src comp="12" pin="0"/><net_sink comp="104" pin=3"/></net>

<net id="125"><net_src comp="14" pin="0"/><net_sink comp="104" pin=4"/></net>

<net id="126"><net_src comp="16" pin="0"/><net_sink comp="104" pin=5"/></net>

<net id="127"><net_src comp="18" pin="0"/><net_sink comp="104" pin=6"/></net>

<net id="128"><net_src comp="20" pin="0"/><net_sink comp="104" pin=7"/></net>

<net id="129"><net_src comp="70" pin="0"/><net_sink comp="104" pin=9"/></net>

<net id="130"><net_src comp="72" pin="0"/><net_sink comp="104" pin=10"/></net>

<net id="131"><net_src comp="74" pin="0"/><net_sink comp="104" pin=13"/></net>

<net id="132"><net_src comp="74" pin="0"/><net_sink comp="104" pin=14"/></net>

<net id="136"><net_src comp="50" pin="0"/><net_sink comp="133" pin=0"/></net>

<net id="143"><net_src comp="133" pin="1"/><net_sink comp="137" pin=0"/></net>

<net id="144"><net_src comp="137" pin="4"/><net_sink comp="104" pin=11"/></net>

<net id="149"><net_src comp="46" pin="0"/><net_sink comp="145" pin=0"/></net>

<net id="157"><net_src comp="150" pin="1"/><net_sink comp="153" pin=0"/></net>

<net id="158"><net_src comp="86" pin="2"/><net_sink comp="153" pin=1"/></net>

<net id="163"><net_src comp="150" pin="1"/><net_sink comp="159" pin=0"/></net>

<net id="164"><net_src comp="48" pin="0"/><net_sink comp="159" pin=1"/></net>

<net id="169"><net_src comp="80" pin="2"/><net_sink comp="165" pin=0"/></net>

<net id="170"><net_src comp="150" pin="1"/><net_sink comp="165" pin=1"/></net>

<net id="175"><net_src comp="159" pin="2"/><net_sink comp="171" pin=0"/></net>

<net id="179"><net_src comp="98" pin="2"/><net_sink comp="176" pin=0"/></net>

<net id="180"><net_src comp="176" pin="1"/><net_sink comp="104" pin=8"/></net>

<net id="184"><net_src comp="76" pin="1"/><net_sink comp="181" pin=0"/></net>

<net id="185"><net_src comp="181" pin="1"/><net_sink comp="145" pin=1"/></net>

<net id="186"><net_src comp="181" pin="1"/><net_sink comp="150" pin=0"/></net>

<net id="187"><net_src comp="181" pin="1"/><net_sink comp="171" pin=1"/></net>

<net id="191"><net_src comp="92" pin="2"/><net_sink comp="188" pin=0"/></net>

<net id="192"><net_src comp="188" pin="1"/><net_sink comp="137" pin=2"/></net>

<net id="196"><net_src comp="153" pin="2"/><net_sink comp="193" pin=0"/></net>

<net id="200"><net_src comp="165" pin="2"/><net_sink comp="197" pin=0"/></net>

<net id="201"><net_src comp="197" pin="1"/><net_sink comp="104" pin=12"/></net>

</net_list>

</model> 
---------------- Datapath Model END ------------------

* FSMD analyzer results:
  - Output states:
	Port: imgGamma | {}
	Port: m_axis_video_V_data_V | {2 }
	Port: m_axis_video_V_keep_V | {2 }
	Port: m_axis_video_V_strb_V | {2 }
	Port: m_axis_video_V_user_V | {2 }
	Port: m_axis_video_V_last_V | {2 }
	Port: m_axis_video_V_id_V | {2 }
	Port: m_axis_video_V_dest_V | {2 }
 - Input state : 
	Port: MultiPixStream2AXIvideo_Pipeline_VITIS_LOOP_213_2 : sof | {1 }
	Port: MultiPixStream2AXIvideo_Pipeline_VITIS_LOOP_213_2 : width_load_cast1 | {1 }
	Port: MultiPixStream2AXIvideo_Pipeline_VITIS_LOOP_213_2 : sub_i_i | {1 }
	Port: MultiPixStream2AXIvideo_Pipeline_VITIS_LOOP_213_2 : imgGamma | {2 }
	Port: MultiPixStream2AXIvideo_Pipeline_VITIS_LOOP_213_2 : m_axis_video_V_data_V | {}
	Port: MultiPixStream2AXIvideo_Pipeline_VITIS_LOOP_213_2 : m_axis_video_V_keep_V | {}
	Port: MultiPixStream2AXIvideo_Pipeline_VITIS_LOOP_213_2 : m_axis_video_V_strb_V | {}
	Port: MultiPixStream2AXIvideo_Pipeline_VITIS_LOOP_213_2 : m_axis_video_V_user_V | {}
	Port: MultiPixStream2AXIvideo_Pipeline_VITIS_LOOP_213_2 : m_axis_video_V_last_V | {}
	Port: MultiPixStream2AXIvideo_Pipeline_VITIS_LOOP_213_2 : m_axis_video_V_id_V | {}
	Port: MultiPixStream2AXIvideo_Pipeline_VITIS_LOOP_213_2 : m_axis_video_V_dest_V | {}
  - Chain level:
	State 1
		store_ln0 : 1
		j_1 : 1
		icmp_ln213 : 2
		j_2 : 2
		br_ln213 : 3
		axi_last : 2
		store_ln213 : 3
	State 2
		write_ln241 : 1


============================================================
+ Verbose Summary: Datapath Resource usage 
============================================================

* Functional unit list:
|----------|----------------------------------|---------|---------|
| Operation|          Functional Unit         |    FF   |   LUT   |
|----------|----------------------------------|---------|---------|
|   icmp   |         icmp_ln213_fu_153        |    0    |    13   |
|          |          axi_last_fu_165         |    0    |    13   |
|----------|----------------------------------|---------|---------|
|    add   |            j_2_fu_159            |    0    |    13   |
|----------|----------------------------------|---------|---------|
|          |      sub_i_i_read_read_fu_80     |    0    |    0    |
|   read   | width_load_cast1_read_read_fu_86 |    0    |    0    |
|          |        sof_read_read_fu_92       |    0    |    0    |
|          |        axi_data_read_fu_98       |    0    |    0    |
|----------|----------------------------------|---------|---------|
|   write  |     write_ln241_write_fu_104     |    0    |    0    |
|----------|----------------------------------|---------|---------|
|   zext   |         zext_ln241_fu_176        |    0    |    0    |
|----------|----------------------------------|---------|---------|
|   Total  |                                  |    0    |    39   |
|----------|----------------------------------|---------|---------|

Memories:
N/A

* Register list:
+------------------+--------+
|                  |   FF   |
+------------------+--------+
| axi_last_reg_197 |    1   |
|icmp_ln213_reg_193|    1   |
|     j_reg_181    |   13   |
|   sof_2_reg_133  |    1   |
| sof_read_reg_188 |    1   |
+------------------+--------+
|       Total      |   17   |
+------------------+--------+

* Multiplexer (MUX) list: 
|--------|------|------|------|--------|
|  Comp  |  Pin | Size |  BW  | S x BW |
|--------|------|------|------|--------|
|  Total |      |      |      |    0   |
|--------|------|------|------|--------|



* Summary:
+-----------+--------+--------+
|           |   FF   |   LUT  |
+-----------+--------+--------+
|  Function |    0   |   39   |
|   Memory  |    -   |    -   |
|Multiplexer|    -   |    -   |
|  Register |   17   |    -   |
+-----------+--------+--------+
|   Total   |   17   |   39   |
+-----------+--------+--------+
